Component: ARM Compiler 5.05 update 1 (build 106) Tool: armlink [4d0efa]

==============================================================================

Section Cross References

    main.o(.text) refers to stm32f4_discovery.o(.text) for STM_EVAL_LEDToggle
    main.o(.text) refers to rt_cmsis.o(.text) for osDelay
    main.o(.text) refers to stm32f4x7_eth_bsp.o(.text) for ETH_BSP_Config
    main.o(.text) refers to netconf.o(.text) for LwIP_Init
    main.o(.text) refers to ptpd.o(.text) for ptpd_init
    main.o(.text) refers to timestamp.o(.text) for time_init
    main.o(.text) refers to lasercloud.o(.text) for laserCloud_Init
    main.o(.text) refers to motorctrl.o(.text) for motorCtrl_Init
    main.o(.text) refers to sys_arch.o(.text) for sys_thread_new
    system_stm32f4xx.o(.text) refers to system_stm32f4xx.o(.data) for SystemCoreClock
    stm32f4xx_it.o(.text) refers to stm32f4x7_eth.o(.text) for ETH_GetDMAFlagStatus
    stm32f4xx_it.o(.text) refers to sys_arch.o(.text) for sys_sem_signal
    stm32f4xx_it.o(.text) refers to ethernetif.o(.text) for ETH_PTPTime_GetTime
    stm32f4xx_it.o(.text) refers to stm32f4xx_exti.o(.text) for EXTI_GetITStatus
    stm32f4xx_it.o(.text) refers to ethernetif.o(.bss) for s_xRxSemaphore
    stm32f4xx_it.o(.text) refers to navigation.o(.bss) for HNMsg_Buf
    stm32f4xx_it.o(.text) refers to stm32f4xx_it.o(.data) for tim3_cnt
    stm32f4xx_it.o(.text) refers to lasercloud.o(.data) for sysStatus
    netconf.o(.text) refers to tcpip.o(.text) for tcpip_init
    netconf.o(.text) refers to netif.o(.text) for netif_add
    netconf.o(.text) refers to ethernetif.o(.text) for ethernetif_init
    netconf.o(.text) refers to netconf.o(.bss) for xnetif
    netconf.o(.text) refers to stm32f4x7_eth_bsp.o(.data) for EthInitStatus
    telnet.o(.text) refers to sockets.o(.text) for lwip_send
    telnet.o(.text) refers to def.o(.text) for lwip_ntohs
    telnet.o(.text) refers to memcpya.o(.text) for __aeabi_memcpy
    telnet.o(.text) refers to memseta.o(.text) for __aeabi_memclr4
    telnet.o(.text) refers to shell.o(.text) for shell_process
    telnet.o(.text) refers to rt_system.o(.text) for rt_tsk_lock
    telnet.o(.text) refers to printf8.o(i.__0printf$8) for __2printf
    telnet.o(.text) refers to sys_arch.o(.text) for sys_thread_new
    telnet.o(.text) refers to telnet.o(.data) for ts
    telnet.o(.text) refers to toupper.o(.text) for toupper
    telnet.o(.text) refers to tolower.o(.text) for tolower
    telnet.o(.data) refers to telnet.o(.bss) for tstate
    shell.o(.text) refers to telnet.o(.text) for telnet_printf
    shell.o(.text) refers to ethernetif.o(.text) for ETH_PTPTime_GetTime
    shell.o(.text) refers to localtime.o(.text) for localtime
    shell.o(.text) refers to strftime.o(.text) for strftime
    shell.o(.text) refers to ctype_o.o(.text) for __rt_ctype_table
    shell.o(.text) refers to bsearch.o(.text) for bsearch
    shell.o(.text) refers to shell.o(.constdata) for commands
    shell.o(.text) refers to ptpd.o(.bss) for ptpClock
    shell.o(.text) refers to strcasecmp.o(.text) for strcasecmp
    shell.o(.constdata) refers to shell.o(.text) for shell_date
    stm32f4x7_eth_bsp.o(.text) refers to stm32f4xx_rcc.o(.text) for RCC_AHB1PeriphClockCmd
    stm32f4x7_eth_bsp.o(.text) refers to stm32f4x7_eth.o(.text) for ETH_DeInit
    stm32f4x7_eth_bsp.o(.text) refers to misc.o(.text) for NVIC_PriorityGroupConfig
    stm32f4x7_eth_bsp.o(.text) refers to stm32f4xx_syscfg.o(.text) for SYSCFG_ETH_MediaInterfaceConfig
    stm32f4x7_eth_bsp.o(.text) refers to stm32f4xx_gpio.o(.text) for GPIO_Init
    stm32f4x7_eth_bsp.o(.text) refers to stm32f4_discovery_lcd.o(.text) for LCD_SetTextColor
    stm32f4x7_eth_bsp.o(.text) refers to stm32f4xx_exti.o(.text) for EXTI_Init
    stm32f4x7_eth_bsp.o(.text) refers to netif.o(.text) for netif_set_link_up
    stm32f4x7_eth_bsp.o(.text) refers to stm32f4x7_eth_bsp.o(.bss) for ETH_InitStructure
    stm32f4x7_eth_bsp.o(.text) refers to stm32f4x7_eth_bsp.o(.data) for EthInitStatus
    stm32f4x7_eth_bsp.o(.text) refers to netconf.o(.bss) for xnetif
    timestamp.o(.text) refers to sys_arch.o(.text) for sys_mbox_trypost
    timestamp.o(.text) refers to ethernetif.o(.text) for ETH_PTPTime_GetTime
    timestamp.o(.text) refers to rt_system.o(.text) for rt_tsk_lock
    timestamp.o(.text) refers to rt_cmsis.o(.text) for osDelay
    timestamp.o(.text) refers to printf8.o(i.__0printf$8) for __2printf
    timestamp.o(.text) refers to pbuf.o(.text) for pbuf_copy_partial
    timestamp.o(.text) refers to udp.o(.text) for udp_sendto
    timestamp.o(.text) refers to timestamp.o(.bss) for rec_queue_time
    timestamp.o(.text) refers to ptpd.o(.bss) for ptpClock
    timestamp.o(.text) refers to timestamp.o(.data) for dataflag
    timestamp.o(.text) refers to ip_addr.o(.constdata) for ip_addr_any
    lasercloud.o(.text) refers to stm32f4xx_rcc.o(.text) for RCC_AHB1PeriphClockCmd
    lasercloud.o(.text) refers to stm32f4xx_gpio.o(.text) for GPIO_Init
[...]
    LCD_Clear                                0x08012fd7   Thumb Code    36  stm32f4_discovery_lcd.o(.text)
    LCD_DrawLine                             0x08012ffb   Thumb Code    86  stm32f4_discovery_lcd.o(.text)
    LCD_DisplayStringLine                    0x0801307b   Thumb Code    50  stm32f4_discovery_lcd.o(.text)
    LCD_SetDisplayWindow                     0x080130ad   Thumb Code   122  stm32f4_discovery_lcd.o(.text)
    LCD_WindowModeDisable                    0x08013127   Thumb Code     2  stm32f4_discovery_lcd.o(.text)
    LCD_DrawRect                             0x08013129   Thumb Code    66  stm32f4_discovery_lcd.o(.text)
    LCD_DrawCircle                           0x0801316b   Thumb Code   252  stm32f4_discovery_lcd.o(.text)
    LCD_DrawMonoPict                         0x08013267   Thumb Code    76  stm32f4_discovery_lcd.o(.text)
    LCD_WriteBMP                             0x080132b3   Thumb Code     2  stm32f4_discovery_lcd.o(.text)
    LCD_DrawFullRect                         0x080132b5   Thumb Code   126  stm32f4_discovery_lcd.o(.text)
    LCD_DrawFullCircle                       0x08013333   Thumb Code   162  stm32f4_discovery_lcd.o(.text)
    LCD_DrawUniLine                          0x080133d5   Thumb Code   286  stm32f4_discovery_lcd.o(.text)
    LCD_PolyLine                             0x080134f3   Thumb Code    68  stm32f4_discovery_lcd.o(.text)
    LCD_ClosedPolyLine                       0x080135b7   Thumb Code    48  stm32f4_discovery_lcd.o(.text)
    LCD_PolyLineRelative                     0x080135e7   Thumb Code    18  stm32f4_discovery_lcd.o(.text)
    LCD_ClosedPolyLineRelative               0x080135f9   Thumb Code    18  stm32f4_discovery_lcd.o(.text)
    LCD_FillPolyLine                         0x0801360b   Thumb Code   588  stm32f4_discovery_lcd.o(.text)
    STM_EVAL_LEDInit                         0x08013861   Thumb Code    62  stm32f4_discovery.o(.text)
    STM_EVAL_LEDOn                           0x0801389f   Thumb Code    16  stm32f4_discovery.o(.text)
    STM_EVAL_LEDOff                          0x080138af   Thumb Code    16  stm32f4_discovery.o(.text)
    STM_EVAL_LEDToggle                       0x080138bf   Thumb Code    26  stm32f4_discovery.o(.text)
    STM_EVAL_PBInit                          0x080138d9   Thumb Code   140  stm32f4_discovery.o(.text)
    STM_EVAL_PBGetState                      0x08013965   Thumb Code    22  stm32f4_discovery.o(.text)
    STM_EVAL_COMInit                         0x0801397b   Thumb Code   180  stm32f4_discovery.o(.text)
    SD_LowLevel_DeInit                       0x08013a2f   Thumb Code   140  stm32f4_discovery.o(.text)
    SD_LowLevel_Init                         0x08013abb   Thumb Code   184  stm32f4_discovery.o(.text)
    SD_LowLevel_DMA_TxConfig                 0x08013b73   Thumb Code   134  stm32f4_discovery.o(.text)
    SD_LowLevel_DMA_RxConfig                 0x08013bf9   Thumb Code   242  stm32f4_discovery.o(.text)
    USART_DeInit                             0x08013cf1   Thumb Code   156  stm32f4xx_usart.o(.text)
    USART_Init                               0x08013d8d   Thumb Code   204  stm32f4xx_usart.o(.text)
    USART_StructInit                         0x08013e59   Thumb Code    24  stm32f4xx_usart.o(.text)
    USART_ClockInit                          0x08013e71   Thumb Code    32  stm32f4xx_usart.o(.text)
    USART_ClockStructInit                    0x08013e91   Thumb Code    12  stm32f4xx_usart.o(.text)
    USART_Cmd                                0x08013e9d   Thumb Code    24  stm32f4xx_usart.o(.text)
    USART_SetPrescaler                       0x08013eb5   Thumb Code    16  stm32f4xx_usart.o(.text)
    USART_OverSampling8Cmd                   0x08013ec5   Thumb Code    22  stm32f4xx_usart.o(.text)
    USART_OneBitMethodCmd                    0x08013edb   Thumb Code    24  stm32f4xx_usart.o(.text)
    USART_SendData                           0x08013ef3   Thumb Code     8  stm32f4xx_usart.o(.text)
    USART_ReceiveData                        0x08013efb   Thumb Code    10  stm32f4xx_usart.o(.text)
    USART_SetAddress                         0x08013f05   Thumb Code    18  stm32f4xx_usart.o(.text)
    USART_ReceiverWakeUpCmd                  0x08013f17   Thumb Code    24  stm32f4xx_usart.o(.text)
    USART_WakeUpConfig                       0x08013f2f   Thumb Code    18  stm32f4xx_usart.o(.text)
    USART_LINBreakDetectLengthConfig         0x08013f41   Thumb Code    18  stm32f4xx_usart.o(.text)
    USART_LINCmd                             0x08013f53   Thumb Code    24  stm32f4xx_usart.o(.text)
    USART_SendBreak                          0x08013f6b   Thumb Code    10  stm32f4xx_usart.o(.text)
    USART_HalfDuplexCmd                      0x08013f75   Thumb Code    24  stm32f4xx_usart.o(.text)
    USART_SetGuardTime                       0x08013f8d   Thumb Code    16  stm32f4xx_usart.o(.text)
    USART_SmartCardCmd                       0x08013f9d   Thumb Code    24  stm32f4xx_usart.o(.text)
    USART_SmartCardNACKCmd                   0x08013fb5   Thumb Code    24  stm32f4xx_usart.o(.text)
    USART_IrDAConfig                         0x08013fcd   Thumb Code    18  stm32f4xx_usart.o(.text)
    USART_IrDACmd                            0x08013fdf   Thumb Code    24  stm32f4xx_usart.o(.text)
    USART_DMACmd                             0x08013ff7   Thumb Code    18  stm32f4xx_usart.o(.text)
    USART_ITConfig                           0x08014009   Thumb Code    74  stm32f4xx_usart.o(.text)
    USART_GetFlagStatus                      0x08014053   Thumb Code    26  stm32f4xx_usart.o(.text)
    USART_ClearFlag                          0x0801406d   Thumb Code    18  stm32f4xx_usart.o(.text)
    USART_GetITStatus                        0x0801407f   Thumb Code   110  stm32f4xx_usart.o(.text)
    USART_ClearITPendingBit                  0x080140ed   Thumb Code    30  stm32f4xx_usart.o(.text)
    NVIC_PriorityGroupConfig                 0x0801410d   Thumb Code    10  misc.o(.text)
    NVIC_Init                                0x08014117   Thumb Code   106  misc.o(.text)
    NVIC_SetVectorTable                      0x08014181   Thumb Code    14  misc.o(.text)
    NVIC_SystemLPConfig                      0x0801418f   Thumb Code    34  misc.o(.text)
    SysTick_CLKSourceConfig                  0x080141b1   Thumb Code    40  misc.o(.text)
    DMA_DeInit                               0x080141ed   Thumb Code   324  stm32f4xx_dma.o(.text)
    DMA_Init                                 0x08014331   Thumb Code    82  stm32f4xx_dma.o(.text)
    DMA_StructInit                           0x08014383   Thumb Code    34  stm32f4xx_dma.o(.text)
    DMA_Cmd                                  0x080143a5   Thumb Code    22  stm32f4xx_dma.o(.text)
    DMA_PeriphIncOffsetSizeConfig            0x080143bb   Thumb Code    22  stm32f4xx_dma.o(.text)
    DMA_FlowControllerConfig                 0x080143d1   Thumb Code    22  stm32f4xx_dma.o(.text)
    DMA_SetCurrDataCounter                   0x080143e7   Thumb Code     4  stm32f4xx_dma.o(.text)
    DMA_GetCurrDataCounter                   0x080143eb   Thumb Code     8  stm32f4xx_dma.o(.text)
    DMA_DoubleBufferModeConfig               0x080143f3   Thumb Code    24  stm32f4xx_dma.o(.text)
    DMA_DoubleBufferModeCmd                  0x0801440b   Thumb Code    22  stm32f4xx_dma.o(.text)
    DMA_MemoryTargetConfig                   0x08014421   Thumb Code    10  stm32f4xx_dma.o(.text)
    DMA_GetCurrentMemoryTarget               0x0801442b   Thumb Code    20  stm32f4xx_dma.o(.text)
    DMA_GetCmdStatus                         0x0801443f   Thumb Code    20  stm32f4xx_dma.o(.text)
    DMA_GetFIFOStatus                        0x08014453   Thumb Code    12  stm32f4xx_dma.o(.text)
    DMA_GetFlagStatus                        0x0801445f   Thumb Code    56  stm32f4xx_dma.o(.text)
    DMA_ClearFlag                            0x08014497   Thumb Code    40  stm32f4xx_dma.o(.text)
    DMA_ITConfig                             0x080144bf   Thumb Code    58  stm32f4xx_dma.o(.text)
    DMA_GetITStatus                          0x080144f9   Thumb Code    84  stm32f4xx_dma.o(.text)
    DMA_ClearITPendingBit                    0x0801454d   Thumb Code    40  stm32f4xx_dma.o(.text)
    EXTI_DeInit                              0x08014595   Thumb Code    28  stm32f4xx_exti.o(.text)
    EXTI_Init                                0x080145b1   Thumb Code   142  stm32f4xx_exti.o(.text)
    EXTI_StructInit                          0x0801463f   Thumb Code    16  stm32f4xx_exti.o(.text)
    EXTI_GenerateSWInterrupt                 0x0801464f   Thumb Code    16  stm32f4xx_exti.o(.text)
    EXTI_GetFlagStatus                       0x0801465f   Thumb Code    22  stm32f4xx_exti.o(.text)
    EXTI_ClearFlag                           0x08014675   Thumb Code     8  stm32f4xx_exti.o(.text)
    EXTI_GetITStatus                         0x0801467d   Thumb Code    34  stm32f4xx_exti.o(.text)
    EXTI_ClearITPendingBit                   0x0801469f   Thumb Code     8  stm32f4xx_exti.o(.text)
    FSMC_NORSRAMDeInit                       0x080146b1   Thumb Code    54  stm32f4xx_fsmc.o(.text)
    FSMC_NORSRAMInit                         0x080146e7   Thumb Code   230  stm32f4xx_fsmc.o(.text)
    FSMC_NORSRAMStructInit                   0x080147cd   Thumb Code   114  stm32f4xx_fsmc.o(.text)
    FSMC_NORSRAMCmd                          0x0801483f   Thumb Code    46  stm32f4xx_fsmc.o(.text)
    FSMC_NANDDeInit                          0x0801486d   Thumb Code    62  stm32f4xx_fsmc.o(.text)
    FSMC_NANDInit                            0x080148ab   Thumb Code   132  stm32f4xx_fsmc.o(.text)
    FSMC_NANDStructInit                      0x0801492f   Thumb Code    54  stm32f4xx_fsmc.o(.text)
    FSMC_NANDCmd                             0x08014965   Thumb Code    86  stm32f4xx_fsmc.o(.text)
    FSMC_NANDECCCmd                          0x080149bb   Thumb Code    86  stm32f4xx_fsmc.o(.text)
    FSMC_GetECC                              0x08014a11   Thumb Code    24  stm32f4xx_fsmc.o(.text)
    FSMC_PCCARDDeInit                        0x08014a29   Thumb Code    36  stm32f4xx_fsmc.o(.text)
    FSMC_PCCARDInit                          0x08014a4d   Thumb Code   130  stm32f4xx_fsmc.o(.text)
    FSMC_PCCARDStructInit                    0x08014acf   Thumb Code    60  stm32f4xx_fsmc.o(.text)
    FSMC_PCCARDCmd                           0x08014b0b   Thumb Code    44  stm32f4xx_fsmc.o(.text)
    FSMC_ITConfig                            0x08014b37   Thumb Code   128  stm32f4xx_fsmc.o(.text)
    FSMC_GetFlagStatus                       0x08014bb7   Thumb Code    54  stm32f4xx_fsmc.o(.text)
    FSMC_ClearFlag                           0x08014bed   Thumb Code    62  stm32f4xx_fsmc.o(.text)
    FSMC_GetITStatus                         0x08014c2b   Thumb Code    72  stm32f4xx_fsmc.o(.text)
    FSMC_ClearITPendingBit                   0x08014c73   Thumb Code    66  stm32f4xx_fsmc.o(.text)
    GPIO_DeInit                              0x08014cb9   Thumb Code   220  stm32f4xx_gpio.o(.text)
    GPIO_Init                                0x08014d95   Thumb Code   144  stm32f4xx_gpio.o(.text)
    GPIO_StructInit                          0x08014e25   Thumb Code    18  stm32f4xx_gpio.o(.text)
    GPIO_PinLockConfig                       0x08014e37   Thumb Code    34  stm32f4xx_gpio.o(.text)
    GPIO_ReadInputDataBit                    0x08014e59   Thumb Code    18  stm32f4xx_gpio.o(.text)
    GPIO_ReadInputData                       0x08014e6b   Thumb Code     8  stm32f4xx_gpio.o(.text)
    GPIO_ReadOutputDataBit                   0x08014e73   Thumb Code    18  stm32f4xx_gpio.o(.text)
    GPIO_ReadOutputData                      0x08014e85   Thumb Code     8  stm32f4xx_gpio.o(.text)
    GPIO_SetBits                             0x08014e8d   Thumb Code     4  stm32f4xx_gpio.o(.text)
    GPIO_ResetBits                           0x08014e91   Thumb Code     4  stm32f4xx_gpio.o(.text)
    GPIO_WriteBit                            0x08014e95   Thumb Code    10  stm32f4xx_gpio.o(.text)
    GPIO_Write                               0x08014e9f   Thumb Code     4  stm32f4xx_gpio.o(.text)
    GPIO_ToggleBits                          0x08014ea3   Thumb Code     8  stm32f4xx_gpio.o(.text)
    GPIO_PinAFConfig                         0x08014eab   Thumb Code    70  stm32f4xx_gpio.o(.text)
    RCC_DeInit                               0x08014f15   Thumb Code    60  stm32f4xx_rcc.o(.text)
    RCC_HSEConfig                            0x08014f51   Thumb Code    14  stm32f4xx_rcc.o(.text)
    RCC_GetFlagStatus                        0x08014f5f   Thumb Code    60  stm32f4xx_rcc.o(.text)
    RCC_WaitForHSEStartUp                    0x08014f9b   Thumb Code    56  stm32f4xx_rcc.o(.text)
    RCC_AdjustHSICalibrationValue            0x08014fd3   Thumb Code    20  stm32f4xx_rcc.o(.text)
    RCC_HSICmd                               0x08014fe7   Thumb Code     6  stm32f4xx_rcc.o(.text)
    RCC_LSEConfig                            0x08014fed   Thumb Code    46  stm32f4xx_rcc.o(.text)
    RCC_LSICmd                               0x0801501b   Thumb Code     6  stm32f4xx_rcc.o(.text)
    RCC_PLLConfig                            0x08015021   Thumb Code    32  stm32f4xx_rcc.o(.text)
    RCC_PLLCmd                               0x08015041   Thumb Code     6  stm32f4xx_rcc.o(.text)
    RCC_PLLI2SConfig                         0x08015047   Thumb Code    14  stm32f4xx_rcc.o(.text)
    RCC_PLLI2SCmd                            0x08015055   Thumb Code     6  stm32f4xx_rcc.o(.text)
    RCC_ClockSecuritySystemCmd               0x0801505b   Thumb Code     6  stm32f4xx_rcc.o(.text)
    RCC_MCO1Config                           0x08015061   Thumb Code    28  stm32f4xx_rcc.o(.text)
    RCC_MCO2Config                           0x0801507d   Thumb Code    28  stm32f4xx_rcc.o(.text)
    RCC_SYSCLKConfig                         0x08015099   Thumb Code    20  stm32f4xx_rcc.o(.text)
    RCC_GetSYSCLKSource                      0x080150ad   Thumb Code    12  stm32f4xx_rcc.o(.text)
    RCC_HCLKConfig                           0x080150b9   Thumb Code    20  stm32f4xx_rcc.o(.text)
    RCC_PCLK1Config                          0x080150cd   Thumb Code    20  stm32f4xx_rcc.o(.text)
    RCC_PCLK2Config                          0x080150e1   Thumb Code    22  stm32f4xx_rcc.o(.text)
    RCC_GetClocksFreq                        0x080150f7   Thumb Code   222  stm32f4xx_rcc.o(.text)
    RCC_RTCCLKConfig                         0x080151d5   Thumb Code    54  stm32f4xx_rcc.o(.text)
    RCC_RTCCLKCmd                            0x0801520b   Thumb Code     8  stm32f4xx_rcc.o(.text)
    RCC_BackupResetCmd                       0x08015213   Thumb Code     8  stm32f4xx_rcc.o(.text)
    RCC_I2SCLKConfig                         0x0801521b   Thumb Code     6  stm32f4xx_rcc.o(.text)
    RCC_AHB1PeriphClockCmd                   0x08015221   Thumb Code    34  stm32f4xx_rcc.o(.text)
    RCC_AHB2PeriphClockCmd                   0x08015243   Thumb Code    34  stm32f4xx_rcc.o(.text)
    RCC_AHB3PeriphClockCmd                   0x08015265   Thumb Code    34  stm32f4xx_rcc.o(.text)
    RCC_APB1PeriphClockCmd                   0x08015287   Thumb Code    34  stm32f4xx_rcc.o(.text)
    RCC_APB2PeriphClockCmd                   0x080152a9   Thumb Code    34  stm32f4xx_rcc.o(.text)
    RCC_AHB1PeriphResetCmd                   0x080152cb   Thumb Code    34  stm32f4xx_rcc.o(.text)
    RCC_AHB2PeriphResetCmd                   0x080152ed   Thumb Code    72  stm32f4xx_rcc.o(.text)
    RCC_AHB3PeriphResetCmd                   0x08015335   Thumb Code    34  stm32f4xx_rcc.o(.text)
    RCC_APB1PeriphResetCmd                   0x08015357   Thumb Code    34  stm32f4xx_rcc.o(.text)
    RCC_APB2PeriphResetCmd                   0x08015379   Thumb Code    34  stm32f4xx_rcc.o(.text)
    RCC_AHB1PeriphClockLPModeCmd             0x0801539b   Thumb Code    34  stm32f4xx_rcc.o(.text)
    RCC_AHB2PeriphClockLPModeCmd             0x080153bd   Thumb Code    34  stm32f4xx_rcc.o(.text)
    RCC_AHB3PeriphClockLPModeCmd             0x080153df   Thumb Code    34  stm32f4xx_rcc.o(.text)
    RCC_APB1PeriphClockLPModeCmd             0x08015401   Thumb Code    34  stm32f4xx_rcc.o(.text)
    RCC_APB2PeriphClockLPModeCmd             0x08015423   Thumb Code    34  stm32f4xx_rcc.o(.text)
    RCC_ITConfig                             0x08015445   Thumb Code    34  stm32f4xx_rcc.o(.text)
    RCC_ClearFlag                            0x08015467   Thumb Code    18  stm32f4xx_rcc.o(.text)
    RCC_GetITStatus                          0x08015479   Thumb Code    22  stm32f4xx_rcc.o(.text)
    RCC_ClearITPendingBit                    0x0801548f   Thumb Code     8  stm32f4xx_rcc.o(.text)
    SYSCFG_DeInit                            0x0801549d   Thumb Code    22  stm32f4xx_syscfg.o(.text)
    SYSCFG_MemoryRemapConfig                 0x080154b3   Thumb Code     6  stm32f4xx_syscfg.o(.text)
    SYSCFG_EXTILineConfig                    0x080154b9   Thumb Code    66  stm32f4xx_syscfg.o(.text)
    SYSCFG_ETH_MediaInterfaceConfig          0x080154fb   Thumb Code     6  stm32f4xx_syscfg.o(.text)
    SYSCFG_CompensationCellCmd               0x08015501   Thumb Code     6  stm32f4xx_syscfg.o(.text)
    SYSCFG_GetCompensationCellStatus         0x08015507   Thumb Code    22  stm32f4xx_syscfg.o(.text)
    SDIO_DeInit                              0x08015529   Thumb Code    22  stm32f4xx_sdio.o(.text)
    SDIO_Init                                0x0801553f   Thumb Code    42  stm32f4xx_sdio.o(.text)
    SDIO_StructInit                          0x08015569   Thumb Code    16  stm32f4xx_sdio.o(.text)
    SDIO_ClockCmd                            0x08015579   Thumb Code     6  stm32f4xx_sdio.o(.text)
    SDIO_SetPowerState                       0x0801557f   Thumb Code     8  stm32f4xx_sdio.o(.text)
    SDIO_GetPowerState                       0x08015587   Thumb Code    12  stm32f4xx_sdio.o(.text)
    SDIO_SendCommand                         0x08015593   Thumb Code    42  stm32f4xx_sdio.o(.text)
    SDIO_CmdStructInit                       0x080155bd   Thumb Code    14  stm32f4xx_sdio.o(.text)
    SDIO_GetCommandResponse                  0x080155cb   Thumb Code    10  stm32f4xx_sdio.o(.text)
    SDIO_GetResponse                         0x080155d5   Thumb Code    22  stm32f4xx_sdio.o(.text)
    SDIO_DataConfig                          0x080155eb   Thumb Code    48  stm32f4xx_sdio.o(.text)
    SDIO_DataStructInit                      0x0801561b   Thumb Code    20  stm32f4xx_sdio.o(.text)
    SDIO_GetDataCounter                      0x0801562f   Thumb Code     8  stm32f4xx_sdio.o(.text)
    SDIO_ReadData                            0x08015637   Thumb Code     8  stm32f4xx_sdio.o(.text)
    SDIO_WriteData                           0x0801563f   Thumb Code     8  stm32f4xx_sdio.o(.text)
    SDIO_GetFIFOCount                        0x08015647   Thumb Code     8  stm32f4xx_sdio.o(.text)
    SDIO_StartSDIOReadWait                   0x0801564f   Thumb Code     6  stm32f4xx_sdio.o(.text)
    SDIO_StopSDIOReadWait                    0x08015655   Thumb Code     8  stm32f4xx_sdio.o(.text)
    SDIO_SetSDIOReadWaitMode                 0x0801565d   Thumb Code     8  stm32f4xx_sdio.o(.text)
    SDIO_SetSDIOOperation                    0x08015665   Thumb Code     8  stm32f4xx_sdio.o(.text)
    SDIO_SendSDIOSuspendCmd                  0x0801566d   Thumb Code     6  stm32f4xx_sdio.o(.text)
    SDIO_CommandCompletionCmd                0x08015673   Thumb Code     8  stm32f4xx_sdio.o(.text)
    SDIO_CEATAITCmd                          0x0801567b   Thumb Code    12  stm32f4xx_sdio.o(.text)
    SDIO_SendCEATACmd                        0x08015687   Thumb Code     8  stm32f4xx_sdio.o(.text)
    SDIO_DMACmd                              0x0801568f   Thumb Code     8  stm32f4xx_sdio.o(.text)
    SDIO_ITConfig                            0x08015697   Thumb Code    34  stm32f4xx_sdio.o(.text)
    SDIO_GetFlagStatus                       0x080156b9   Thumb Code    22  stm32f4xx_sdio.o(.text)
    SDIO_ClearFlag                           0x080156cf   Thumb Code     8  stm32f4xx_sdio.o(.text)
    SDIO_GetITStatus                         0x080156d7   Thumb Code    22  stm32f4xx_sdio.o(.text)
    SDIO_ClearITPendingBit                   0x080156ed   Thumb Code     8  stm32f4xx_sdio.o(.text)
    TIM_DeInit                               0x08015705   Thumb Code   346  stm32f4xx_tim.o(.text)
    TIM_TimeBaseInit                         0x0801585f   Thumb Code   104  stm32f4xx_tim.o(.text)
    TIM_TimeBaseStructInit                   0x080158c7   Thumb Code    18  stm32f4xx_tim.o(.text)
    TIM_PrescalerConfig                      0x080158d9   Thumb Code     6  stm32f4xx_tim.o(.text)
    TIM_CounterModeConfig                    0x080158df   Thumb Code    18  stm32f4xx_tim.o(.text)
    TIM_SetCounter                           0x080158f1   Thumb Code     4  stm32f4xx_tim.o(.text)
    TIM_SetAutoreload                        0x080158f5   Thumb Code     4  stm32f4xx_tim.o(.text)
    TIM_GetCounter                           0x080158f9   Thumb Code     6  stm32f4xx_tim.o(.text)
    TIM_GetPrescaler                         0x080158ff   Thumb Code     6  stm32f4xx_tim.o(.text)
    TIM_UpdateDisableConfig                  0x08015905   Thumb Code    24  stm32f4xx_tim.o(.text)
    TIM_UpdateRequestConfig                  0x0801591d   Thumb Code    24  stm32f4xx_tim.o(.text)
    TIM_ARRPreloadConfig                     0x08015935   Thumb Code    24  stm32f4xx_tim.o(.text)
    TIM_SelectOnePulseMode                   0x0801594d   Thumb Code    18  stm32f4xx_tim.o(.text)
    TIM_SetClockDivision                     0x0801595f   Thumb Code    18  stm32f4xx_tim.o(.text)
    TIM_Cmd                                  0x08015971   Thumb Code    24  stm32f4xx_tim.o(.text)
    TIM_OC1Init                              0x08015989   Thumb Code   114  stm32f4xx_tim.o(.text)
    TIM_OC2Init                              0x080159fb   Thumb Code   154  stm32f4xx_tim.o(.text)
    TIM_OC3Init                              0x08015a95   Thumb Code   204  stm32f4xx_tim.o(.text)
    TIM_OC4Init                              0x08015b61   Thumb Code   112  stm32f4xx_tim.o(.text)
    TIM_OCStructInit                         0x08015bd1   Thumb Code    20  stm32f4xx_tim.o(.text)
    TIM_SelectOCxM                           0x08015be5   Thumb Code    86  stm32f4xx_tim.o(.text)
    TIM_SetCompare1                          0x08015c3b   Thumb Code     4  stm32f4xx_tim.o(.text)
    TIM_SetCompare2                          0x08015c3f   Thumb Code     4  stm32f4xx_tim.o(.text)
    TIM_SetCompare3                          0x08015c43   Thumb Code     4  stm32f4xx_tim.o(.text)
    TIM_SetCompare4                          0x08015c47   Thumb Code     4  stm32f4xx_tim.o(.text)
    TIM_ForcedOC1Config                      0x08015c4b   Thumb Code    18  stm32f4xx_tim.o(.text)
    TIM_ForcedOC2Config                      0x08015c5d   Thumb Code    26  stm32f4xx_tim.o(.text)
    TIM_ForcedOC3Config                      0x08015c77   Thumb Code    18  stm32f4xx_tim.o(.text)
    TIM_ForcedOC4Config                      0x08015c89   Thumb Code    26  stm32f4xx_tim.o(.text)
    TIM_OC1PreloadConfig                     0x08015ca3   Thumb Code    18  stm32f4xx_tim.o(.text)
    TIM_OC2PreloadConfig                     0x08015cb5   Thumb Code    26  stm32f4xx_tim.o(.text)
    TIM_OC3PreloadConfig                     0x08015ccf   Thumb Code    18  stm32f4xx_tim.o(.text)
    TIM_OC4PreloadConfig                     0x08015ce1   Thumb Code    26  stm32f4xx_tim.o(.text)
    TIM_OC1FastConfig                        0x08015cfb   Thumb Code    18  stm32f4xx_tim.o(.text)
    TIM_OC2FastConfig                        0x08015d0d   Thumb Code    26  stm32f4xx_tim.o(.text)
    TIM_OC3FastConfig                        0x08015d27   Thumb Code    18  stm32f4xx_tim.o(.text)
    TIM_OC4FastConfig                        0x08015d39   Thumb Code    26  stm32f4xx_tim.o(.text)
    TIM_ClearOC1Ref                          0x08015d53   Thumb Code    18  stm32f4xx_tim.o(.text)
    TIM_ClearOC2Ref                          0x08015d65   Thumb Code    24  stm32f4xx_tim.o(.text)
    TIM_ClearOC3Ref                          0x08015d7d   Thumb Code    18  stm32f4xx_tim.o(.text)
    TIM_ClearOC4Ref                          0x08015d8f   Thumb Code    24  stm32f4xx_tim.o(.text)
    TIM_OC1PolarityConfig                    0x08015da7   Thumb Code    18  stm32f4xx_tim.o(.text)
    TIM_OC1NPolarityConfig                   0x08015db9   Thumb Code    18  stm32f4xx_tim.o(.text)
    TIM_OC2PolarityConfig                    0x08015dcb   Thumb Code    26  stm32f4xx_tim.o(.text)
    TIM_OC2NPolarityConfig                   0x08015de5   Thumb Code    26  stm32f4xx_tim.o(.text)
    TIM_OC3PolarityConfig                    0x08015dff   Thumb Code    26  stm32f4xx_tim.o(.text)
    TIM_OC3NPolarityConfig                   0x08015e19   Thumb Code    26  stm32f4xx_tim.o(.text)
    TIM_OC4PolarityConfig                    0x08015e33   Thumb Code    26  stm32f4xx_tim.o(.text)
    TIM_CCxCmd                               0x08015e4d   Thumb Code    30  stm32f4xx_tim.o(.text)
    TIM_CCxNCmd                              0x08015e6b   Thumb Code    30  stm32f4xx_tim.o(.text)
    TIM_SetIC4Prescaler                      0x08015e89   Thumb Code    26  stm32f4xx_tim.o(.text)
    TIM_SetIC3Prescaler                      0x08015ef3   Thumb Code    18  stm32f4xx_tim.o(.text)
    TIM_SetIC2Prescaler                      0x08015f4d   Thumb Code    26  stm32f4xx_tim.o(.text)
    TIM_SetIC1Prescaler                      0x08015fc1   Thumb Code    18  stm32f4xx_tim.o(.text)
    TIM_ICInit                               0x0801600d   Thumb Code   110  stm32f4xx_tim.o(.text)
    TIM_ICStructInit                         0x0801607b   Thumb Code    18  stm32f4xx_tim.o(.text)
    TIM_PWMIConfig                           0x0801608d   Thumb Code   124  stm32f4xx_tim.o(.text)
    TIM_GetCapture1                          0x08016109   Thumb Code     6  stm32f4xx_tim.o(.text)
    TIM_GetCapture2                          0x0801610f   Thumb Code     6  stm32f4xx_tim.o(.text)
    TIM_GetCapture3                          0x08016115   Thumb Code     6  stm32f4xx_tim.o(.text)
    TIM_GetCapture4                          0x0801611b   Thumb Code     6  stm32f4xx_tim.o(.text)
    TIM_BDTRConfig                           0x08016121   Thumb Code    32  stm32f4xx_tim.o(.text)
    TIM_BDTRStructInit                       0x08016141   Thumb Code    18  stm32f4xx_tim.o(.text)
    TIM_CtrlPWMOutputs                       0x08016153   Thumb Code    30  stm32f4xx_tim.o(.text)
    TIM_SelectCOM                            0x08016171   Thumb Code    24  stm32f4xx_tim.o(.text)
    TIM_CCPreloadControl                     0x08016189   Thumb Code    24  stm32f4xx_tim.o(.text)
    TIM_ITConfig                             0x080161a1   Thumb Code    18  stm32f4xx_tim.o(.text)
    TIM_GenerateEvent                        0x080161b3   Thumb Code     4  stm32f4xx_tim.o(.text)
    TIM_GetFlagStatus                        0x080161b7   Thumb Code    18  stm32f4xx_tim.o(.text)
    TIM_ClearFlag                            0x080161c9   Thumb Code     6  stm32f4xx_tim.o(.text)
    TIM_GetITStatus                          0x080161cf   Thumb Code    34  stm32f4xx_tim.o(.text)
    TIM_ClearITPendingBit                    0x080161f1   Thumb Code     6  stm32f4xx_tim.o(.text)
    TIM_DMAConfig                            0x080161f7   Thumb Code    10  stm32f4xx_tim.o(.text)
    TIM_DMACmd                               0x08016201   Thumb Code    18  stm32f4xx_tim.o(.text)
    TIM_SelectCCDMA                          0x08016213   Thumb Code    24  stm32f4xx_tim.o(.text)
    TIM_InternalClockConfig                  0x0801622b   Thumb Code    12  stm32f4xx_tim.o(.text)
    TIM_SelectInputTrigger                   0x08016237   Thumb Code    18  stm32f4xx_tim.o(.text)
    TIM_ITRxExternalClockConfig              0x08016249   Thumb Code    24  stm32f4xx_tim.o(.text)
    TIM_TIxExternalClockConfig               0x08016261   Thumb Code    62  stm32f4xx_tim.o(.text)
    TIM_ETRConfig                            0x0801629f   Thumb Code    28  stm32f4xx_tim.o(.text)
    TIM_ETRClockMode1Config                  0x080162bb   Thumb Code    54  stm32f4xx_tim.o(.text)
    TIM_ETRClockMode2Config                  0x080162f1   Thumb Code    32  stm32f4xx_tim.o(.text)
    TIM_SelectOutputTrigger                  0x08016311   Thumb Code    18  stm32f4xx_tim.o(.text)
    TIM_SelectSlaveMode                      0x08016323   Thumb Code    18  stm32f4xx_tim.o(.text)
    TIM_SelectMasterSlaveMode                0x08016335   Thumb Code    18  stm32f4xx_tim.o(.text)
    TIM_EncoderInterfaceConfig               0x08016347   Thumb Code    66  stm32f4xx_tim.o(.text)
    TIM_SelectHallSensor                     0x08016389   Thumb Code    24  stm32f4xx_tim.o(.text)
    TIM_RemapConfig                          0x080163a1   Thumb Code     6  stm32f4xx_tim.o(.text)
    ETH_DeInit                               0x080163c5   Thumb Code    22  stm32f4x7_eth.o(.text)
    ETH_StructInit                           0x080163db   Thumb Code   178  stm32f4x7_eth.o(.text)
    ETH_WritePHYRegister                     0x0801648d   Thumb Code    96  stm32f4x7_eth.o(.text)
    ETH_ReadPHYRegister                      0x080164ed   Thumb Code    98  stm32f4x7_eth.o(.text)
    ETH_Init                                 0x0801654f   Thumb Code   728  stm32f4x7_eth.o(.text)
    ETH_DMAReceptionCmd                      0x08016827   Thumb Code    30  stm32f4x7_eth.o(.text)
    ETH_DMATransmissionCmd                   0x08016845   Thumb Code    30  stm32f4x7_eth.o(.text)
    ETH_MACReceptionCmd                      0x08016863   Thumb Code   104  stm32f4x7_eth.o(.text)
    ETH_FlushTransmitFIFO                    0x080168cb   Thumb Code    40  stm32f4x7_eth.o(.text)
    ETH_MACTransmissionCmd                   0x080168f3   Thumb Code    58  stm32f4x7_eth.o(.text)
    ETH_Start                                0x0801692d   Thumb Code    32  stm32f4x7_eth.o(.text)
    ETH_Stop                                 0x0801694d   Thumb Code    32  stm32f4x7_eth.o(.text)
    ETH_GetFlowControlBusyStatus             0x0801696d   Thumb Code    20  stm32f4x7_eth.o(.text)
    ETH_InitiatePauseControlFrame            0x08016981   Thumb Code    40  stm32f4x7_eth.o(.text)
    ETH_BackPressureActivationCmd            0x080169a9   Thumb Code    58  stm32f4x7_eth.o(.text)
    ETH_GetMACFlagStatus                     0x080169e3   Thumb Code    20  stm32f4x7_eth.o(.text)
    ETH_GetMACITStatus                       0x080169f7   Thumb Code    20  stm32f4x7_eth.o(.text)
    ETH_MACITConfig                          0x08016a0b   Thumb Code    26  stm32f4x7_eth.o(.text)
    ETH_MACAddressConfig                     0x08016a25   Thumb Code    46  stm32f4x7_eth.o(.text)
    ETH_GetMACAddress                        0x08016a53   Thumb Code    36  stm32f4x7_eth.o(.text)
    ETH_MACAddressPerfectFilterCmd           0x08016a77   Thumb Code    72  stm32f4x7_eth.o(.text)
    ETH_MACAddressFilterConfig               0x08016abf   Thumb Code    74  stm32f4x7_eth.o(.text)
    ETH_MACAddressMaskBytesFilterConfig      0x08016b09   Thumb Code    90  stm32f4x7_eth.o(.text)
    ETH_Get_Received_Frame                   0x08016b63   Thumb Code    82  stm32f4x7_eth.o(.text)
    ETH_Get_Received_Frame_interrupt         0x08016bb5   Thumb Code   288  stm32f4x7_eth.o(.text)
    ETH_Prepare_Transmit_Descriptors         0x08016cd5   Thumb Code   222  stm32f4x7_eth.o(.text)
    ETH_Prepare_Transmit_Descriptors_TimeStamp 0x08016db3   Thumb Code   356  stm32f4x7_eth.o(.text)
    ETH_DMARxDescChainInit                   0x08016f17   Thumb Code    82  stm32f4x7_eth.o(.text)
    ETH_CheckFrameReceived                   0x08016f69   Thumb Code   190  stm32f4x7_eth.o(.text)
    ETH_DMATxDescChainInit                   0x08017027   Thumb Code    70  stm32f4x7_eth.o(.text)
    ETH_GetDMATxDescFlagStatus               0x0801706d   Thumb Code    18  stm32f4x7_eth.o(.text)
    ETH_GetDMATxDescCollisionCount           0x0801707f   Thumb Code    10  stm32f4x7_eth.o(.text)
    ETH_SetDMATxDescOwnBit                   0x08017089   Thumb Code    36  stm32f4x7_eth.o(.text)
    ETH_DMATxDescTransmitITConfig            0x080170ad   Thumb Code    22  stm32f4x7_eth.o(.text)
    ETH_DMATxDescFrameSegmentConfig          0x080170c3   Thumb Code     8  stm32f4x7_eth.o(.text)
    ETH_DMATxDescChecksumInsertionConfig     0x080170cb   Thumb Code     8  stm32f4x7_eth.o(.text)
    ETH_DMATxDescCRCCmd                      0x080170d3   Thumb Code    22  stm32f4x7_eth.o(.text)
    ETH_DMATxDescSecondAddressChainedCmd     0x080170e9   Thumb Code    22  stm32f4x7_eth.o(.text)
    ETH_DMATxDescShortFramePaddingCmd        0x080170ff   Thumb Code    22  stm32f4x7_eth.o(.text)
    ETH_DMATxDescBufferSizeConfig            0x08017115   Thumb Code    14  stm32f4x7_eth.o(.text)
    ETH_GetDMARxDescFlagStatus               0x08017123   Thumb Code    18  stm32f4x7_eth.o(.text)
    ETH_GetDMAPTPRxDescExtendedFlagStatus    0x08017135   Thumb Code    18  stm32f4x7_eth.o(.text)
    ETH_SetDMARxDescOwnBit                   0x08017147   Thumb Code    10  stm32f4x7_eth.o(.text)
    ETH_GetDMARxDescFrameLength              0x08017151   Thumb Code    10  stm32f4x7_eth.o(.text)
    ETH_DMARxDescReceiveITConfig             0x0801715b   Thumb Code    22  stm32f4x7_eth.o(.text)
    ETH_GetDMARxDescBufferSize               0x08017171   Thumb Code    20  stm32f4x7_eth.o(.text)
    ETH_GetRxPktSize                         0x08017185   Thumb Code    42  stm32f4x7_eth.o(.text)
    ETH_EnhancedDescriptorCmd                0x080171af   Thumb Code    58  stm32f4x7_eth.o(.text)
    ETH_SoftwareReset                        0x080171e9   Thumb Code    14  stm32f4x7_eth.o(.text)
    ETH_GetSoftwareResetStatus               0x080171f7   Thumb Code    20  stm32f4x7_eth.o(.text)
    ETH_GetDMAFlagStatus                     0x0801720b   Thumb Code    20  stm32f4x7_eth.o(.text)
    ETH_DMAClearFlag                         0x0801721f   Thumb Code     6  stm32f4x7_eth.o(.text)
    ETH_DMAITConfig                          0x08017225   Thumb Code    26  stm32f4x7_eth.o(.text)
    ETH_GetDMAITStatus                       0x0801723f   Thumb Code    20  stm32f4x7_eth.o(.text)
    ETH_DMAClearITPendingBit                 0x08017253   Thumb Code     6  stm32f4x7_eth.o(.text)
    ETH_GetTransmitProcessState              0x08017259   Thumb Code    10  stm32f4x7_eth.o(.text)
    ETH_GetReceiveProcessState               0x08017263   Thumb Code    10  stm32f4x7_eth.o(.text)
    ETH_GetFlushTransmitFIFOStatus           0x0801726d   Thumb Code    20  stm32f4x7_eth.o(.text)
    ETH_GetDMAOverflowStatus                 0x08017281   Thumb Code    20  stm32f4x7_eth.o(.text)
    ETH_GetRxOverflowMissedFrameCounter      0x08017295   Thumb Code    10  stm32f4x7_eth.o(.text)
    ETH_GetBufferUnavailableMissedFrameCounter 0x0801729f   Thumb Code     8  stm32f4x7_eth.o(.text)
    ETH_GetCurrentTxDescStartAddress         0x080172a7   Thumb Code     6  stm32f4x7_eth.o(.text)
    ETH_GetCurrentRxDescStartAddress         0x080172ad   Thumb Code     6  stm32f4x7_eth.o(.text)
    ETH_GetCurrentTxBufferAddress            0x080172b3   Thumb Code     6  stm32f4x7_eth.o(.text)
    ETH_GetCurrentRxBufferAddress            0x080172b9   Thumb Code     6  stm32f4x7_eth.o(.text)
    ETH_ResumeDMATransmission                0x080172bf   Thumb Code     8  stm32f4x7_eth.o(.text)
    ETH_ResumeDMAReception                   0x080172c7   Thumb Code     8  stm32f4x7_eth.o(.text)
    ETH_SetReceiveWatchdogTimer              0x080172cf   Thumb Code     6  stm32f4x7_eth.o(.text)
    ETH_PHYLoopBackCmd                       0x080172d5   Thumb Code    52  stm32f4x7_eth.o(.text)
    ETH_ResetWakeUpFrameFilterRegisterPointer 0x08017309   Thumb Code    40  stm32f4x7_eth.o(.text)
    ETH_SetWakeUpFrameFilterRegister         0x08017331   Thumb Code    50  stm32f4x7_eth.o(.text)
    ETH_GlobalUnicastWakeUpCmd               0x08017363   Thumb Code    58  stm32f4x7_eth.o(.text)
    ETH_GetPMTFlagStatus                     0x0801739d   Thumb Code    20  stm32f4x7_eth.o(.text)
    ETH_WakeUpFrameDetectionCmd              0x080173b1   Thumb Code    58  stm32f4x7_eth.o(.text)
    ETH_MagicPacketDetectionCmd              0x080173eb   Thumb Code    58  stm32f4x7_eth.o(.text)
    ETH_PowerDownCmd                         0x08017425   Thumb Code    58  stm32f4x7_eth.o(.text)
    ETH_MMCCounterFullPreset                 0x0801745f   Thumb Code    16  stm32f4x7_eth.o(.text)
    ETH_MMCCounterHalfPreset                 0x0801746f   Thumb Code    30  stm32f4x7_eth.o(.text)
    ETH_MMCCounterFreezeCmd                  0x0801748d   Thumb Code    34  stm32f4x7_eth.o(.text)
    ETH_MMCResetOnReadCmd                    0x080174af   Thumb Code    34  stm32f4x7_eth.o(.text)
    ETH_MMCCounterRolloverCmd                0x080174d1   Thumb Code    34  stm32f4x7_eth.o(.text)
    ETH_MMCCountersReset                     0x080174f3   Thumb Code    16  stm32f4x7_eth.o(.text)
    ETH_MMCITConfig                          0x08017503   Thumb Code    78  stm32f4x7_eth.o(.text)
    ETH_GetMMCITStatus                       0x08017551   Thumb Code    66  stm32f4x7_eth.o(.text)
    ETH_GetMMCRegister                       0x08017593   Thumb Code    22  stm32f4x7_eth.o(.text)
    ETH_EnablePTPTimeStampAddend             0x080175a9   Thumb Code    14  stm32f4x7_eth.o(.text)
    ETH_EnablePTPTimeStampInterruptTrigger   0x080175b7   Thumb Code    14  stm32f4x7_eth.o(.text)
    ETH_EnablePTPTimeStampUpdate             0x080175c5   Thumb Code    14  stm32f4x7_eth.o(.text)
    ETH_InitializePTPTimeStamp               0x080175d3   Thumb Code    14  stm32f4x7_eth.o(.text)
    ETH_PTPUpdateMethodConfig                0x080175e1   Thumb Code    30  stm32f4x7_eth.o(.text)
    ETH_PTPTimeStampCmd                      0x080175ff   Thumb Code    32  stm32f4x7_eth.o(.text)
    ETH_GetPTPFlagStatus                     0x0801761f   Thumb Code    20  stm32f4x7_eth.o(.text)
    ETH_SetPTPSubSecondIncrement             0x08017633   Thumb Code     8  stm32f4x7_eth.o(.text)
    ETH_SetPTPTimeStampUpdate                0x0801763b   Thumb Code    20  stm32f4x7_eth.o(.text)
    ETH_SetPTPTimeStampAddend                0x0801764f   Thumb Code     8  stm32f4x7_eth.o(.text)
    ETH_SetPTPTargetTime                     0x08017657   Thumb Code    12  stm32f4x7_eth.o(.text)
    ETH_GetPTPRegister                       0x08017663   Thumb Code     8  stm32f4x7_eth.o(.text)
    Reset_Handler                            0x08017675   Thumb Code     8  startup_stm32f4xx.o(.text)
    ADC_IRQHandler                           0x0801768f   Thumb Code     0  startup_stm32f4xx.o(.text)
    CAN1_RX0_IRQHandler                      0x0801768f   Thumb Code     0  startup_stm32f4xx.o(.text)
    CAN1_RX1_IRQHandler                      0x0801768f   Thumb Code     0  startup_stm32f4xx.o(.text)
    CAN1_SCE_IRQHandler                      0x0801768f   Thumb Code     0  startup_stm32f4xx.o(.text)
    CAN1_TX_IRQHandler                       0x0801768f   Thumb Code     0  startup_stm32f4xx.o(.text)
    CAN2_RX0_IRQHandler                      0x0801768f   Thumb Code     0  startup_stm32f4xx.o(.text)
    CAN2_RX1_IRQHandler                      0x0801768f   Thumb Code     0  startup_stm32f4xx.o(.text)
    CAN2_SCE_IRQHandler                      0x0801768f   Thumb Code     0  startup_stm32f4xx.o(.text)
    CAN2_TX_IRQHandler                       0x0801768f   Thumb Code     0  startup_stm32f4xx.o(.text)
    CRYP_IRQHandler                          0x0801768f   Thumb Code     0  startup_stm32f4xx.o(.text)
    DCMI_IRQHandler                          0x0801768f   Thumb Code     0  startup_stm32f4xx.o(.text)
    DMA1_Stream0_IRQHandler                  0x0801768f   Thumb Code     0  startup_stm32f4xx.o(.text)
    DMA1_Stream1_IRQHandler                  0x0801768f   Thumb Code     0  startup_stm32f4xx.o(.text)
    DMA1_Stream2_IRQHandler                  0x0801768f   Thumb Code     0  startup_stm32f4xx.o(.text)
    DMA1_Stream3_IRQHandler                  0x0801768f   Thumb Code     0  startup_stm32f4xx.o(.text)
    DMA1_Stream4_IRQHandler                  0x0801768f   Thumb Code     0  startup_stm32f4xx.o(.text)
    DMA1_Stream5_IRQHandler                  0x0801768f   Thumb Code     0  startup_stm32f4xx.o(.text)
    DMA1_Stream6_IRQHandler                  0x0801768f   Thumb Code     0  startup_stm32f4xx.o(.text)
    DMA1_Stream7_IRQHandler                  0x0801768f   Thumb Code     0  startup_stm32f4xx.o(.text)
    DMA2_Stream0_IRQHandler                  0x0801768f   Thumb Code     0  startup_stm32f4xx.o(.text)
    DMA2_Stream1_IRQHandler                  0x0801768f   Thumb Code     0  startup_stm32f4xx.o(.text)
    DMA2_Stream2_IRQHandler                  0x0801768f   Thumb Code     0  startup_stm32f4xx.o(.text)
    DMA2_Stream3_IRQHandler                  0x0801768f   Thumb Code     0  startup_stm32f4xx.o(.text)
    DMA2_Stream4_IRQHandler                  0x0801768f   Thumb Code     0  startup_stm32f4xx.o(.text)
    DMA2_Stream5_IRQHandler                  0x0801768f   Thumb Code     0  startup_stm32f4xx.o(.text)
    DMA2_Stream6_IRQHandler                  0x0801768f   Thumb Code     0  startup_stm32f4xx.o(.text)
    DMA2_Stream7_IRQHandler                  0x0801768f   Thumb Code     0  startup_stm32f4xx.o(.text)
    ETH_WKUP_IRQHandler                      0x0801768f   Thumb Code     0  startup_stm32f4xx.o(.text)
    EXTI0_IRQHandler                         0x0801768f   Thumb Code     0  startup_stm32f4xx.o(.text)
    EXTI1_IRQHandler                         0x0801768f   Thumb Code     0  startup_stm32f4xx.o(.text)
    EXTI2_IRQHandler                         0x0801768f   Thumb Code     0  startup_stm32f4xx.o(.text)
    EXTI4_IRQHandler                         0x0801768f   Thumb Code     0  startup_stm32f4xx.o(.text)
    EXTI9_5_IRQHandler                       0x0801768f   Thumb Code     0  startup_stm32f4xx.o(.text)
    FLASH_IRQHandler                         0x0801768f   Thumb Code     0  startup_stm32f4xx.o(.text)
    FPU_IRQHandler                           0x0801768f   Thumb Code     0  startup_stm32f4xx.o(.text)
    FSMC_IRQHandler                          0x0801768f   Thumb Code     0  startup_stm32f4xx.o(.text)
    HASH_RNG_IRQHandler                      0x0801768f   Thumb Code     0  startup_stm32f4xx.o(.text)
    I2C1_ER_IRQHandler                       0x0801768f   Thumb Code     0  startup_stm32f4xx.o(.text)
    I2C1_EV_IRQHandler                       0x0801768f   Thumb Code     0  startup_stm32f4xx.o(.text)
    I2C2_ER_IRQHandler                       0x0801768f   Thumb Code     0  startup_stm32f4xx.o(.text)
    I2C2_EV_IRQHandler                       0x0801768f   Thumb Code     0  startup_stm32f4xx.o(.text)
    I2C3_ER_IRQHandler                       0x0801768f   Thumb Code     0  startup_stm32f4xx.o(.text)
    I2C3_EV_IRQHandler                       0x0801768f   Thumb Code     0  startup_stm32f4xx.o(.text)
    OTG_FS_IRQHandler                        0x0801768f   Thumb Code     0  startup_stm32f4xx.o(.text)
    OTG_FS_WKUP_IRQHandler                   0x0801768f   Thumb Code     0  startup_stm32f4xx.o(.text)
    OTG_HS_EP1_IN_IRQHandler                 0x0801768f   Thumb Code     0  startup_stm32f4xx.o(.text)
    OTG_HS_EP1_OUT_IRQHandler                0x0801768f   Thumb Code     0  startup_stm32f4xx.o(.text)
    OTG_HS_IRQHandler                        0x0801768f   Thumb Code     0  startup_stm32f4xx.o(.text)
    OTG_HS_WKUP_IRQHandler                   0x0801768f   Thumb Code     0  startup_stm32f4xx.o(.text)
    PVD_IRQHandler                           0x0801768f   Thumb Code     0  startup_stm32f4xx.o(.text)
    RCC_IRQHandler                           0x0801768f   Thumb Code     0  startup_stm32f4xx.o(.text)
    RTC_Alarm_IRQHandler                     0x0801768f   Thumb Code     0  startup_stm32f4xx.o(.text)
    RTC_WKUP_IRQHandler                      0x0801768f   Thumb Code     0  startup_stm32f4xx.o(.text)
    SDIO_IRQHandler                          0x0801768f   Thumb Code     0  startup_stm32f4xx.o(.text)
    SPI1_IRQHandler                          0x0801768f   Thumb Code     0  startup_stm32f4xx.o(.text)
    SPI2_IRQHandler                          0x0801768f   Thumb Code     0  startup_stm32f4xx.o(.text)
    SPI3_IRQHandler                          0x0801768f   Thumb Code     0  startup_stm32f4xx.o(.text)
    TAMP_STAMP_IRQHandler                    0x0801768f   Thumb Code     0  startup_stm32f4xx.o(.text)
    TIM1_BRK_TIM9_IRQHandler                 0x0801768f   Thumb Code     0  startup_stm32f4xx.o(.text)
    TIM1_CC_IRQHandler                       0x0801768f   Thumb Code     0  startup_stm32f4xx.o(.text)
    TIM1_TRG_COM_TIM11_IRQHandler            0x0801768f   Thumb Code     0  startup_stm32f4xx.o(.text)
    TIM1_UP_TIM10_IRQHandler                 0x0801768f   Thumb Code     0  startup_stm32f4xx.o(.text)
    TIM2_IRQHandler                          0x0801768f   Thumb Code     0  startup_stm32f4xx.o(.text)
    TIM3_IRQHandler                          0x0801768f   Thumb Code     0  startup_stm32f4xx.o(.text)
    TIM4_IRQHandler                          0x0801768f   Thumb Code     0  startup_stm32f4xx.o(.text)
    TIM5_IRQHandler                          0x0801768f   Thumb Code     0  startup_stm32f4xx.o(.text)
    TIM6_DAC_IRQHandler                      0x0801768f   Thumb Code     0  startup_stm32f4xx.o(.text)
    TIM7_IRQHandler                          0x0801768f   Thumb Code     0  startup_stm32f4xx.o(.text)
    TIM8_BRK_TIM12_IRQHandler                0x0801768f   Thumb Code     0  startup_stm32f4xx.o(.text)
    TIM8_CC_IRQHandler                       0x0801768f   Thumb Code     0  startup_stm32f4xx.o(.text)
    TIM8_TRG_COM_TIM14_IRQHandler            0x0801768f   Thumb Code     0  startup_stm32f4xx.o(.text)
    TIM8_UP_TIM13_IRQHandler                 0x0801768f   Thumb Code     0  startup_stm32f4xx.o(.text)
    UART4_IRQHandler                         0x0801768f   Thumb Code     0  startup_stm32f4xx.o(.text)
    UART5_IRQHandler                         0x0801768f   Thumb Code     0  startup_stm32f4xx.o(.text)
    USART1_IRQHandler                        0x0801768f   Thumb Code     0  startup_stm32f4xx.o(.text)
    USART2_IRQHandler                        0x0801768f   Thumb Code     0  startup_stm32f4xx.o(.text)
    USART6_IRQHandler                        0x0801768f   Thumb Code     0  startup_stm32f4xx.o(.text)
    WWDG_IRQHandler                          0x0801768f   Thumb Code     0  startup_stm32f4xx.o(.text)
    __aeabi_uldivmod                         0x08017699   Thumb Code    98  uldiv.o(.text)
    __aeabi_ldivmod                          0x080176fb   Thumb Code    98  ldiv.o(.text)
    rand                                     0x0801775d   Thumb Code    20  rand.o(.text)
    srand                                    0x08017771   Thumb Code     6  rand.o(.text)
    __aeabi_memcpy                           0x08017781   Thumb Code    36  memcpya.o(.text)
    __aeabi_memcpy4                          0x08017781   Thumb Code     0  memcpya.o(.text)
    __aeabi_memcpy8                          0x08017781   Thumb Code     0  memcpya.o(.text)
    __aeabi_memset                           0x080177a5   Thumb Code    14  memseta.o(.text)
    __aeabi_memset4                          0x080177a5   Thumb Code     0  memseta.o(.text)
    __aeabi_memset8                          0x080177a5   Thumb Code     0  memseta.o(.text)
    __aeabi_memclr                           0x080177b3   Thumb Code     4  memseta.o(.text)
    __aeabi_memclr4                          0x080177b3   Thumb Code     0  memseta.o(.text)
    __aeabi_memclr8                          0x080177b3   Thumb Code     0  memseta.o(.text)
    _memset$wrapper                          0x080177b7   Thumb Code    18  memseta.o(.text)
    strlen                                   0x080177c9   Thumb Code    14  strlen.o(.text)
    memcmp                                   0x080177d7   Thumb Code    26  memcmp.o(.text)
    __aeabi_dmul                             0x080177f1   Thumb Code   228  dmul.o(.text)
    __aeabi_i2d                              0x080178d5   Thumb Code    34  dflti.o(.text)
    __aeabi_ui2d                             0x080178f7   Thumb Code    26  dfltui.o(.text)
    __aeabi_f2d                              0x08017911   Thumb Code    38  f2d.o(.text)
    __aeabi_cdcmpeq                          0x08017939   Thumb Code     0  cdcmple.o(.text)
    __aeabi_cdcmple                          0x08017939   Thumb Code    48  cdcmple.o(.text)
    __aeabi_cdrcmple                         0x08017969   Thumb Code    48  cdrcmple.o(.text)
    __aeabi_d2f                              0x08017999   Thumb Code    56  d2f.o(.text)
    __aeabi_llsl                             0x080179d1   Thumb Code    30  llshl.o(.text)
    _ll_shift_l                              0x080179d1   Thumb Code     0  llshl.o(.text)
    __aeabi_llsr                             0x080179ef   Thumb Code    32  llushr.o(.text)
    _ll_ushift_r                             0x080179ef   Thumb Code     0  llushr.o(.text)
    __I$use$fp                               0x08017a0f   Thumb Code     0  iusefp.o(.text)
    _float_round                             0x08017a0f   Thumb Code    18  fepilogue.o(.text)
    _float_epilogue                          0x08017a21   Thumb Code    92  fepilogue.o(.text)
    _double_round                            0x08017a7d   Thumb Code    30  depilogue.o(.text)
    _double_epilogue                         0x08017a9b   Thumb Code   156  depilogue.o(.text)
    _dsqrt                                   0x08017b37   Thumb Code   162  dsqrt.o(.text)
    __scatterload                            0x08017bd9   Thumb Code    28  init.o(.text)
    __scatterload_rt2                        0x08017bd9   Thumb Code     0  init.o(.text)
    __I$use$semihosting$fputc                0x08017bfd   Thumb Code     0  iusesemip.o(.text)
    __decompress                             0x08017bfd   Thumb Code     0  __dczerorl2.o(.text)
    __decompress1                            0x08017bfd   Thumb Code    86  __dczerorl2.o(.text)
    __semihosting_library_function           0x08017bfd   Thumb Code     0  semi.o(.text)
    SVC_Count                                0x08017c54   Data           4  svc_table.o(SVC_TABLE)
    SVC_Table                                0x08017c58   Data           0  svc_table.o(SVC_TABLE)
    __0printf$8                              0x08017c59   Thumb Code    22  printf8.o(i.__0printf$8)
    __1printf$8                              0x08017c59   Thumb Code     0  printf8.o(i.__0printf$8)
    __2printf                                0x08017c59   Thumb Code     0  printf8.o(i.__0printf$8)
    __hardfp_sqrt                            0x08017c79   Thumb Code   122  sqrt.o(i.__hardfp_sqrt)
    __scatterload_copy                       0x08017cf3   Thumb Code    14  handlers.o(i.__scatterload_copy)
    __scatterload_null                       0x08017d01   Thumb Code     2  handlers.o(i.__scatterload_null)
    __scatterload_zeroinit                   0x08017d03   Thumb Code    14  handlers.o(i.__scatterload_zeroinit)
    __set_errno                              0x08017d11   Thumb Code     6  errno.o(i.__set_errno)
    fputc                                    0x0801817f   Thumb Code    18  fputc.o(i.fputc)
    ethbroadcast                             0x08018190   Data           6  etharp.o(.constdata)
    ethzero                                  0x08018196   Data           6  etharp.o(.constdata)
    ip_addr_any                              0x0801819c   Data           4  ip_addr.o(.constdata)
    ip_addr_broadcast                        0x080181a0   Data           4  ip_addr.o(.constdata)
    tcp_state_str                            0x08018218   Data          44  tcp.o(.constdata)
    tcp_backoff                              0x08018244   Data          13  tcp.o(.constdata)
    tcp_persist_backoff                      0x08018251   Data           7  tcp.o(.constdata)
    tcp_pcb_lists                            0x08018258   Data          16  tcp.o(.constdata)
    os_mutex_def_lwip_sys_mutex              0x08018268   Data           4  sys_arch.o(.constdata)
    os_maxtaskrun                            0x0801826c   Data           2  rtx_conf_cm.o(.constdata)
    os_stackinfo                             0x08018270   Data           4  rtx_conf_cm.o(.constdata)
    os_rrobin                                0x08018274   Data           4  rtx_conf_cm.o(.constdata)
    os_tickfreq                              0x08018278   Data           4  rtx_conf_cm.o(.constdata)
    os_tickus_i                              0x0801827c   Data           2  rtx_conf_cm.o(.constdata)
    os_tickus_f                              0x0801827e   Data           2  rtx_conf_cm.o(.constdata)
    os_trv                                   0x08018280   Data           4  rtx_conf_cm.o(.constdata)
    os_flags                                 0x08018284   Data           1  rtx_conf_cm.o(.constdata)
    CMSIS_RTOS_API_Version                   0x08018288   Data           4  rtx_conf_cm.o(.constdata)
    CMSIS_RTOS_RTX_Version                   0x0801828c   Data           4  rtx_conf_cm.o(.constdata)
    os_clockrate                             0x08018290   Data           4  rtx_conf_cm.o(.constdata)
    os_timernum                              0x08018294   Data           4  rtx_conf_cm.o(.constdata)
    mp_tcb_size                              0x08018298   Data           2  rtx_conf_cm.o(.constdata)
    mp_stk_size                              0x0801829c   Data           4  rtx_conf_cm.o(.constdata)
    os_stack_sz                              0x080182a0   Data           4  rtx_conf_cm.o(.constdata)
    os_fifo_size                             0x080182a4   Data           1  rtx_conf_cm.o(.constdata)
    os_thread_def_osTimerThread              0x080182a8   Data          16  rtx_conf_cm.o(.constdata)
    os_messageQ_def_osTimerMessageQ          0x080182b8   Data           8  rtx_conf_cm.o(.constdata)
    mp_tmr_size                              0x080182c0   Data           2  rtx_conf_cm.o(.constdata)
    ASCII16x24_Table                         0x080182c2   Data        4560  stm32f4_discovery_lcd.o(.constdata)
    ASCII12x12_Table                         0x08019492   Data        2304  stm32f4_discovery_lcd.o(.constdata)
    ASCII8x12_Table                          0x08019d92   Data        2304  stm32f4_discovery_lcd.o(.constdata)
    ASCII8x8_Table                           0x0801a692   Data        1536  stm32f4_discovery_lcd.o(.constdata)
    GPIO_PIN                                 0x0801ac94   Data           8  stm32f4_discovery.o(.constdata)
    GPIO_CLK                                 0x0801ac9c   Data          16  stm32f4_discovery.o(.constdata)
    BUTTON_PIN                               0x0801acac   Data           2  stm32f4_discovery.o(.constdata)
    BUTTON_CLK                               0x0801acb0   Data           4  stm32f4_discovery.o(.constdata)
    BUTTON_EXTI_LINE                         0x0801acb4   Data           2  stm32f4_discovery.o(.constdata)
    BUTTON_PORT_SOURCE                       0x0801acb6   Data           1  stm32f4_discovery.o(.constdata)
    BUTTON_PIN_SOURCE                        0x0801acb7   Data           1  stm32f4_discovery.o(.constdata)
    BUTTON_IRQn                              0x0801acb8   Data           1  stm32f4_discovery.o(.constdata)
    COM_USART_CLK                            0x0801acbc   Data           8  stm32f4_discovery.o(.constdata)
    COM_TX_PORT_CLK                          0x0801acc4   Data           8  stm32f4_discovery.o(.constdata)
    COM_RX_PORT_CLK                          0x0801accc   Data           8  stm32f4_discovery.o(.constdata)
    COM_TX_PIN                               0x0801acd4   Data           4  stm32f4_discovery.o(.constdata)
    COM_RX_PIN                               0x0801acd8   Data           4  stm32f4_discovery.o(.constdata)
    COM_TX_PIN_SOURCE                        0x0801acdc   Data           4  stm32f4_discovery.o(.constdata)
    COM_RX_PIN_SOURCE                        0x0801ace0   Data           4  stm32f4_discovery.o(.constdata)
    COM_TX_AF                                0x0801ace4   Data           4  stm32f4_discovery.o(.constdata)
    COM_RX_AF                                0x0801ace8   Data           4  stm32f4_discovery.o(.constdata)
    Region$$Table$$Base                      0x0801ad64   Number         0  anon$$obj.o(Region$$Table)
    Region$$Table$$Limit                     0x0801ad84   Number         0  anon$$obj.o(Region$$Table)
    SystemCoreClock                          0x20000000   Data           4  system_stm32f4xx.o(.data)
    AHBPrescTable                            0x20000004   Data          16  system_stm32f4xx.o(.data)
    EthInitStatus                            0x20000018   Data           4  stm32f4x7_eth_bsp.o(.data)
    EthLinkStatus                            0x2000001c   Data           1  stm32f4x7_eth_bsp.o(.data)
    timestate                                0x2000001e   Data           2  timestamp.o(.data)
    dataflag                                 0x20000020   Data           1  timestamp.o(.data)
    sysStatus                                0x20000024   Data           2  lasercloud.o(.data)
    lastPluseCnt                             0x20000028   Data           4  lasercloud.o(.data)
    curPluseCnt                              0x2000002c   Data           4  lasercloud.o(.data)
    initSystem                               0x20000030   Data           1  lasercloud.o(.data)
    time3Cnt                                 0x20000032   Data           2  lasercloud.o(.data)
    motorSpd                                 0x20000034   Data           8  motorctrl.o(.data)
    msg_handler                              0x2000003c   Data          32  motorctrl.o(.data)
    motor_spd                                0x2000005c   Data           8  dev.o(.data)
    currentSpeed                             0x20000064   Data           4  dev.o(.data)
    current_netif                            0x20000084   Data           4  ip.o(.data)
    current_header                           0x20000088   Data           4  ip.o(.data)
    current_iphdr_src                        0x2000008c   Data           4  ip.o(.data)
    current_iphdr_dest                       0x20000090   Data           4  ip.o(.data)
    netif_list                               0x200000a4   Data           4  netif.o(.data)
    netif_default                            0x200000a8   Data           4  netif.o(.data)
    tcp_ticks                                0x200000c0   Data           4  tcp.o(.data)
    tcp_bound_pcbs                           0x200000c4   Data           4  tcp.o(.data)
    tcp_listen_pcbs                          0x200000c8   Data           4  tcp.o(.data)
    tcp_active_pcbs                          0x200000cc   Data           4  tcp.o(.data)
    tcp_tw_pcbs                              0x200000d0   Data           4  tcp.o(.data)
    tcp_tmp_pcb                              0x200000d4   Data           4  tcp.o(.data)
    tcp_active_pcbs_changed                  0x200000d8   Data           1  tcp.o(.data)
    tcp_input_pcb                            0x20000104   Data           4  tcp_in.o(.data)
    udp_pcbs                                 0x20000114   Data           4  udp.o(.data)
    lwip_sys_mutex                           0x2000011c   Data           4  sys_arch.o(.data)
    osThreadId_osTimerThread                 0x20000124   Data           4  rtx_conf_cm.o(.data)
    osMessageQId_osTimerMessageQ             0x20000128   Data           4  rtx_conf_cm.o(.data)
    os_tmr                                   0x2000012c   Data           4  rtx_conf_cm.o(.data)
    m_tmr                                    0x20000130   Data           4  rtx_conf_cm.o(.data)
    os_thread_def_main                       0x20000134   Data          16  rtx_conf_cm.o(.data)
    os_initialized                           0x20000144   Data           1  rt_cmsis.o(.data)
    os_running                               0x20000145   Data           1  rt_cmsis.o(.data)
    os_timer_head                            0x20000148   Data           4  rt_cmsis.o(.data)
    os_robin                                 0x2000014c   Data           8  rt_robin.o(.data)
    os_tick_irqn                             0x20000154   Data           4  rt_system.o(.data)
    os_tsk                                   0x2000015c   Data           8  rt_task.o(.data)
    os_time                                  0x20000164   Data           4  rt_time.o(.data)
    Font16x24                                0x20000168   Data           8  stm32f4_discovery_lcd.o(.data)
    Font12x12                                0x20000170   Data           8  stm32f4_discovery_lcd.o(.data)
    Font8x12                                 0x20000178   Data           8  stm32f4_discovery_lcd.o(.data)
    Font8x8                                  0x20000180   Data           8  stm32f4_discovery_lcd.o(.data)
    GPIO_PORT                                0x20000190   Data          16  stm32f4_discovery.o(.data)
    BUTTON_PORT                              0x200001a0   Data           4  stm32f4_discovery.o(.data)
    COM_USART                                0x200001a4   Data           8  stm32f4_discovery.o(.data)
    COM_TX_PORT                              0x200001ac   Data           8  stm32f4_discovery.o(.data)
    COM_RX_PORT                              0x200001b4   Data           8  stm32f4_discovery.o(.data)
    NVIC_InitStructure                       0x200001bc   Data           4  stm32f4_discovery.o(.data)
    DMATxDescToSet                           0x200001d0   Data           4  stm32f4x7_eth.o(.data)
    DMARxDescToGet                           0x200001d4   Data           4  stm32f4x7_eth.o(.data)
    DMA_RX_FRAME_infos                       0x200001d8   Data           4  stm32f4x7_eth.o(.data)
    Frame_Rx_index                           0x200001dc   Data           4  stm32f4x7_eth.o(.data)
    __stdout                                 0x200001e4   Data           4  stdout.o(.data)
    xnetif                                   0x200001ec   Data          56  netconf.o(.bss)
    ETH_InitStructure                        0x20000224   Data         188  stm32f4x7_eth_bsp.o(.bss)
    TIME_TEST                                0x200002e0   Data         684  timestamp.o(.bss)
    rec_queue_time                           0x2000058c   Data          92  timestamp.o(.bss)
    laserReceiveQue                          0x200005e8   Data          92  lasercloud.o(.bss)
    HNMsg_Buf                                0x20000644   Data         440  navigation.o(.bss)
    navReceiveQue                            0x200007fc   Data          92  navigation.o(.bss)
    motorCtrlQueue                           0x20000858   Data          92  motorctrl.o(.bss)
    state_para                               0x200008b4   Data          12  motorctrl.o(.bss)
    rtOpts                                   0x2000091c   Data          64  ptpd.o(.bss)
    ptpClock                                 0x20000960   Data        1128  ptpd.o(.bss)
    ptpForeignRecords                        0x20000dc8   Data         440  ptpd.o(.bss)
    dhcp_rx_options_val                      0x20001040   Data          40  dhcp.o(.bss)
    dhcp_rx_options_given                    0x20001068   Data          10  dhcp.o(.bss)
    ram_heap                                 0x2000114c   Data        4116  mem.o(.bss)
    s_xRxSemaphore                           0x20009fe0   Data          16  ethernetif.o(.bss)
    s_xTxSemaphore                           0x20009ff0   Data          16  ethernetif.o(.bss)
    os_mutex_cb_lwip_sys_mutex               0x2000a000   Data          16  sys_arch.o(.bss)
    mp_tcb                                   0x2000a100   Data         844  rtx_conf_cm.o(.bss)
    mp_stk                                   0x2000a450   Data        3856  rtx_conf_cm.o(.bss)
    os_stack_mem                             0x2000b360   Data       17440  rtx_conf_cm.o(.bss)
    os_fifo                                  0x2000f780   Data         132  rtx_conf_cm.o(.bss)
    os_active_TCB                            0x2000f804   Data          64  rtx_conf_cm.o(.bss)
    os_messageQ_q_osTimerMessageQ            0x2000f844   Data          48  rtx_conf_cm.o(.bss)
    os_rdy                                   0x2000f874   Data          24  rt_list.o(.bss)
    os_dly                                   0x2000f88c   Data          24  rt_list.o(.bss)
    os_idle_TCB                              0x2000f8a4   Data          52  rt_task.o(.bss)
    DMARxDscrTab                             0x2000f8d8   Data         160  stm32f4x7_eth.o(.bss)
    DMATxDscrTab                             0x2000f978   Data         160  stm32f4x7_eth.o(.bss)
    Rx_Buff                                  0x2000fa18   Data        7620  stm32f4x7_eth.o(.bss)
    Tx_Buff                                  0x200117dc   Data        7620  stm32f4x7_eth.o(.bss)
    RX_Frame_Descriptor                      0x200135a0   Data          12  stm32f4x7_eth.o(.bss)
    __initial_sp                             0x200139b0   Data           0  startup_stm32f4xx.o(STACK)



==============================================================================

Memory Map of the image

  Image Entry point : 0x08000189

  Load Region LR_IROM1 (Base: 0x08000000, Size: 0x0001af70, Max: 0x00100000, ABSOLUTE, COMPRESSED[0x0001ae10])

    Execution Region ER_IROM1 (Base: 0x08000000, Size: 0x0001ad84, Max: 0x00100000, ABSOLUTE)

    Base Addr    Size         Type   Attr      Idx    E Section Name        Object

    0x08000000   0x00000188   Data   RO         2093    RESET               startup_stm32f4xx.o
    0x08000188   0x00000000   Code   RO         2129  * .ARM.Collect$$$$00000000  mc_w.l(entry.o)
    0x08000188   0x00000004   Code   RO         2470    .ARM.Collect$$$$00000001  mc_w.l(entry2.o)
    0x0800018c   0x00000004   Code   RO         2473    .ARM.Collect$$$$00000004  mc_w.l(entry5.o)
    0x08000190   0x00000000   Code   RO         2475    .ARM.Collect$$$$00000008  mc_w.l(entry7b.o)
    0x08000190   0x00000000   Code   RO         2477    .ARM.Collect$$$$0000000A  mc_w.l(entry8b.o)
    0x08000190   0x00000000   Code   RO         2478    .ARM.Collect$$$$0000000D  mc_w.l(entry10a.o)
    0x08000190   0x00000000   Code   RO         2480    .ARM.Collect$$$$0000000F  mc_w.l(entry11a.o)
    0x08000190   0x00000018   Code   RO         1559    .ARM.Collect$$$$000000FF  rtx_conf_cm.o
    0x080001a8   0x00000004   Code   RO         2471    .ARM.Collect$$$$00002712  mc_w.l(entry2.o)
    0x080001ac   0x00000180   Code   RO         1837    .emb_text           hal_cm4.o
    0x0800032c   0x00000070   Code   RO            2    .text               main.o
    0x0800039c   0x00000210   Code   RO          303    .text               system_stm32f4xx.o
    0x080005ac   0x00000214   Code   RO          325    .text               stm32f4xx_it.o
    0x080007c0   0x00000074   Code   RO          387    .text               netconf.o
    0x08000834   0x0000047c   Code   RO          525    .text               stm32f4x7_eth_bsp.o
    0x08000cb0   0x000005f0   Code   RO          546    .text               timestamp.o
    0x080012a0   0x00000590   Code   RO          586    .text               lasercloud.o
    0x08001830   0x00000404   Code   RO          639    .text               motorctrl.o
    0x08001c34   0x00000714   Code   RO          686    .text               dev.o
    0x08002348   0x000001a4   Code   RO          715    .text               arith.o
    0x080024ec   0x00000658   Code   RO          757    .text               bmc.o
    0x08002b44   0x00001032   Code   RO          773    .text               protocol.o
    0x08003b76   0x00000002   PAD
    0x08003b78   0x00000138   Code   RO          789    .text               ptpd.o
    0x08003cb0   0x000005f4   Code   RO          809    .text               msg.o
    0x080042a4   0x00000460   Code   RO          843    .text               net.o
    0x08004704   0x000003f8   Code   RO          859    .text               servo.o
    0x08004afc   0x00000048   Code   RO          878    .text               startup.o
    0x08004b44   0x00000280   Code   RO          894    .text               sys_time.o
    0x08004dc4   0x000000a4   Code   RO          910    .text               timer.o
    0x08004e68   0x000006cc   Code   RO          928    .text               api_lib.o
    0x08005534   0x00000fac   Code   RO          962    .text               api_msg.o
    0x080064e0   0x0000003e   Code   RO          983    .text               def.o
    0x0800651e   0x00000002   PAD
    0x08006520   0x00001254   Code   RO          995    .text               dhcp.o
    0x08007774   0x000009e8   Code   RO         1042    .text               etharp.o
    0x0800815c   0x00000220   Code   RO         1065    .text               icmp.o
    0x0800837c   0x000005ec   Code   RO         1083    .text               igmp.o
    0x08008968   0x00000232   Code   RO         1106    .text               inet_chksum.o
    0x08008b9a   0x00000028   Code   RO         1118    .text               init.o
    0x08008bc2   0x00000002   PAD
    0x08008bc4   0x000003f8   Code   RO         1152    .text               ip.o
    0x08008fbc   0x000002b8   Code   RO         1176    .text               ip_addr.o
    0x08009274   0x00000384   Code   RO         1205    .text               mem.o
    0x080095f8   0x000000d0   Code   RO         1221    .text               memp.o
    0x080096c8   0x00000710   Code   RO         1253    .text               pbuf.o
    0x08009dd8   0x00000190   Code   RO         1265    .text               netbuf.o
    0x08009f68   0x00000308   Code   RO         1286    .text               netif.o
    0x0800a270   0x000001c0   Code   RO         1317    .text               raw.o
    0x0800a430   0x00001878   Code   RO         1340    .text               sockets.o
    0x0800bca8   0x00000ec0   Code   RO         1368    .text               tcp.o
    0x0800cb68   0x0000031c   Code   RO         1392    .text               tcpip.o
    0x0800ce84   0x00001350   Code   RO         1416    .text               tcp_in.o
    0x0800e1d4   0x00000cec   Code   RO         1439    .text               tcp_out.o
    0x0800eec0   0x00000280   Code   RO         1451    .text               timers.o
    0x0800f140   0x00000514   Code   RO         1492    .text               udp.o
    0x0800f654   0x000004ce   Code   RO         1522    .text               ethernetif.o
    0x0800fb22   0x00000002   PAD
    0x0800fb24   0x00000474   Code   RO         1542    .text               sys_arch.o
    0x0800ff98   0x0000001e   Code   RO         1560    .text               rtx_conf_cm.o
    0x0800ffb6   0x00000002   PAD
    0x0800ffb8   0x000012fc   Code   RO         1589    .text               rt_cmsis.o
    0x080112b4   0x0000017c   Code   RO         1648    .text               rt_event.o
    0x08011430   0x00000294   Code   RO         1660    .text               rt_list.o
    0x080116c4   0x00000350   Code   RO         1682    .text               rt_mailbox.o
    0x08011a14   0x000000c2   Code   RO         1694    .text               rt_membox.o
    0x08011ad6   0x000000b0   Code   RO         1706    .text               rt_memory.o
    0x08011b86   0x00000002   PAD
    0x08011b88   0x00000280   Code   RO         1718    .text               rt_mutex.o
    0x08011e08   0x0000006c   Code   RO         1730    .text               rt_robin.o
    0x08011e74   0x00000144   Code   RO         1745    .text               rt_semaphore.o
    0x08011fb8   0x0000031c   Code   RO         1758    .text               rt_system.o
    0x080122d4   0x000004d0   Code   RO         1784    .text               rt_task.o
    0x080127a4   0x00000064   Code   RO         1807    .text               rt_time.o
    0x08012808   0x00000094   Code   RO         1825    .text               hal_cm.o
    0x0801289c   0x00000fc4   Code   RO         1848    .text               stm32f4_discovery_lcd.o
    0x08013860   0x00000490   Code   RO         1874    .text               stm32f4_discovery.o
    0x08013cf0   0x0000041a   Code   RO         1894    .text               stm32f4xx_usart.o
    0x0801410a   0x00000002   PAD
    0x0801410c   0x000000e0   Code   RO         1910    .text               misc.o
    0x080141ec   0x000003a8   Code   RO         1942    .text               stm32f4xx_dma.o
    0x08014594   0x0000011c   Code   RO         1958    .text               stm32f4xx_exti.o
    0x080146b0   0x00000608   Code   RO         1974    .text               stm32f4xx_fsmc.o
    0x08014cb8   0x0000025c   Code   RO         1990    .text               stm32f4xx_gpio.o
    0x08014f14   0x00000588   Code   RO         2006    .text               stm32f4xx_rcc.o
    0x0801549c   0x0000008c   Code   RO         2024    .text               stm32f4xx_syscfg.o
    0x08015528   0x000001dc   Code   RO         2040    .text               stm32f4xx_sdio.o
    0x08015704   0x00000ca2   Code   RO         2056    .text               stm32f4xx_tim.o
    0x080163a6   0x00000002   PAD
    0x080163a8   0x000012cc   Code   RO         2072    .text               stm32f4x7_eth.o
    0x08017674   0x00000024   Code   RO         2094    .text               startup_stm32f4xx.o
    0x08017698   0x00000062   Code   RO         2132    .text               mc_w.l(uldiv.o)
    0x080176fa   0x00000062   Code   RO         2134    .text               mc_w.l(ldiv.o)
    0x0801775c   0x00000024   Code   RO         2170    .text               mc_w.l(rand.o)
    0x08017780   0x00000024   Code   RO         2183    .text               mc_w.l(memcpya.o)
    0x080177a4   0x00000024   Code   RO         2185    .text               mc_w.l(memseta.o)
    0x080177c8   0x0000000e   Code   RO         2187    .text               mc_w.l(strlen.o)
    0x080177d6   0x0000001a   Code   RO         2189    .text               mc_w.l(memcmp.o)
    0x080177f0   0x000000e4   Code   RO         2456    .text               mf_w.l(dmul.o)
    0x080178d4   0x00000022   Code   RO         2458    .text               mf_w.l(dflti.o)
    0x080178f6   0x0000001a   Code   RO         2460    .text               mf_w.l(dfltui.o)
    0x08017910   0x00000026   Code   RO         2462    .text               mf_w.l(f2d.o)
    0x08017936   0x00000002   PAD
    0x08017938   0x00000030   Code   RO         2464    .text               mf_w.l(cdcmple.o)
    0x08017968   0x00000030   Code   RO         2466    .text               mf_w.l(cdrcmple.o)
    0x08017998   0x00000038   Code   RO         2468    .text               mf_w.l(d2f.o)
    0x080179d0   0x0000001e   Code   RO         2487    .text               mc_w.l(llshl.o)
    0x080179ee   0x00000020   Code   RO         2489    .text               mc_w.l(llushr.o)
    0x08017a0e   0x00000000   Code   RO         2498    .text               mc_w.l(iusefp.o)
    0x08017a0e   0x0000006e   Code   RO         2499    .text               mf_w.l(fepilogue.o)
    0x08017a7c   0x000000ba   Code   RO         2501    .text               mf_w.l(depilogue.o)
    0x08017b36   0x000000a2   Code   RO         2507    .text               mf_w.l(dsqrt.o)
    0x08017bd8   0x00000024   Code   RO         2511    .text               mc_w.l(init.o)
    0x08017bfc   0x00000000   Code   RO         2513    .text               mc_w.l(semi.o)
    0x08017bfc   0x00000000   Code   RO         2516    .text               mc_w.l(iusesemip.o)
    0x08017bfc   0x00000056   Code   RO         2525    .text               mc_w.l(__dczerorl2.o)
    0x08017c52   0x00000002   PAD
    0x08017c54   0x00000004   Code   RO         1822    SVC_TABLE           svc_table.o
    0x08017c58   0x00000020   Code   RO         2402    i.__0printf$8       mc_w.l(printf8.o)
    0x08017c78   0x0000007a   Code   RO         2117    i.__hardfp_sqrt     m_wm.l(sqrt.o)
    0x08017cf2   0x0000000e   Code   RO         2519    i.__scatterload_copy  mc_w.l(handlers.o)
    0x08017d00   0x00000002   Code   RO         2520    i.__scatterload_null  mc_w.l(handlers.o)
    0x08017d02   0x0000000e   Code   RO         2521    i.__scatterload_zeroinit  mc_w.l(handlers.o)
    0x08017d10   0x0000000c   Code   RO         2493    i.__set_errno       mc_w.l(errno.o)
    0x08017d1c   0x00000410   Code   RO         2409    i._printf_core      mc_w.l(printf8.o)
    0x0801812c   0x00000024   Code   RO         2410    i._printf_post_padding  mc_w.l(printf8.o)
    0x08018150   0x0000002e   Code   RO         2411    i._printf_pre_padding  mc_w.l(printf8.o)
    0x0801817e   0x00000012   Code   RO         2482    i.fputc             mc_w.l(fputc.o)
    0x08018190   0x0000000c   Data   RO         1044    .constdata          etharp.o
    0x0801819c   0x00000008   Data   RO         1178    .constdata          ip_addr.o
    0x080181a4   0x00000034   Data   RO         1223    .constdata          memp.o
    0x080181d8   0x00000040   Data   RO         1342    .constdata          sockets.o
    0x08018218   0x00000050   Data   RO         1369    .constdata          tcp.o
    0x08018268   0x00000004   Data   RO         1544    .constdata          sys_arch.o
    0x0801826c   0x00000056   Data   RO         1562    .constdata          rtx_conf_cm.o
    0x080182c2   0x000029d0   Data   RO         1849    .constdata          stm32f4_discovery_lcd.o
    0x0801ac92   0x00000002   PAD
    0x0801ac94   0x00000058   Data   RO         1875    .constdata          stm32f4_discovery.o
    0x0801acec   0x00000075   Data   RO         1370    .conststring        tcp.o
    0x0801ad61   0x00000003   PAD
    0x0801ad64   0x00000020   Data   RO         2517    Region$$Table       anon$$obj.o


    Execution Region RW_IRAM1 (Base: 0x20000000, Size: 0x000139b0, Max: 0x00020000, ABSOLUTE, COMPRESSED[0x0000008c])

    Base Addr    Size         Type   Attr      Idx    E Section Name        Object

    0x20000000   0x00000014   Data   RW          304    .data               system_stm32f4xx.o
    0x20000014   0x00000004   Data   RW          326    .data               stm32f4xx_it.o
    0x20000018   0x00000005   Data   RW          527    .data               stm32f4x7_eth_bsp.o
    0x2000001d   0x00000001   PAD
    0x2000001e   0x00000006   Data   RW          548    .data               timestamp.o
    0x20000024   0x00000010   Data   RW          588    .data               lasercloud.o
    0x20000034   0x00000028   Data   RW          641    .data               motorctrl.o
    0x2000005c   0x0000000c   Data   RW          687    .data               dev.o
    0x20000068   0x00000006   Data   RW          912    .data               timer.o
    0x2000006e   0x00000002   PAD
    0x20000070   0x00000004   Data   RW          997    .data               dhcp.o
    0x20000074   0x00000001   Data   RW         1045    .data               etharp.o
    0x20000075   0x00000003   PAD
    0x20000078   0x0000000c   Data   RW         1084    .data               igmp.o
    0x20000084   0x00000012   Data   RW         1153    .data               ip.o
    0x20000096   0x00000002   PAD
    0x20000098   0x0000000c   Data   RW         1207    .data               mem.o
    0x200000a4   0x00000009   Data   RW         1287    .data               netif.o
    0x200000ad   0x00000003   PAD
    0x200000b0   0x00000004   Data   RW         1318    .data               raw.o
    0x200000b4   0x00000008   Data   RW         1343    .data               sockets.o
    0x200000bc   0x00000024   Data   RW         1371    .data               tcp.o
    0x200000e0   0x00000008   Data   RW         1394    .data               tcpip.o
    0x200000e8   0x00000020   Data   RW         1418    .data               tcp_in.o
    0x20000108   0x00000008   Data   RW         1452    .data               timers.o
    0x20000110   0x00000008   Data   RW         1493    .data               udp.o
    0x20000118   0x00000004   Data   RW         1524    .data               ethernetif.o
    0x2000011c   0x00000008   Data   RW         1545    .data               sys_arch.o
    0x20000124   0x00000020   Data   RW         1563    .data               rtx_conf_cm.o
    0x20000144   0x00000008   Data   RW         1590    .data               rt_cmsis.o
    0x2000014c   0x00000008   Data   RW         1731    .data               rt_robin.o
    0x20000154   0x00000007   Data   RW         1759    .data               rt_system.o
    0x2000015b   0x00000001   PAD
    0x2000015c   0x00000008   Data   RW         1786    .data               rt_task.o
    0x20000164   0x00000004   Data   RW         1808    .data               rt_time.o
    0x20000168   0x00000028   Data   RW         1850    .data               stm32f4_discovery_lcd.o
    0x20000190   0x00000030   Data   RW         1876    .data               stm32f4_discovery.o
    0x200001c0   0x00000010   Data   RW         2007    .data               stm32f4xx_rcc.o
    0x200001d0   0x00000010   Data   RW         2074    .data               stm32f4x7_eth.o
    0x200001e0   0x00000004   Data   RW         2171    .data               mc_w.l(rand.o)
    0x200001e4   0x00000004   Data   RW         2484    .data               mc_w.l(stdout.o)
    0x200001e8   0x00000004   Data   RW         2494    .data               mc_w.l(errno.o)
    0x200001ec   0x00000038   Zero   RW          388    .bss                netconf.o
    0x20000224   0x000000bc   Zero   RW          526    .bss                stm32f4x7_eth_bsp.o
    0x200002e0   0x00000308   Zero   RW          547    .bss                timestamp.o
    0x200005e8   0x0000005c   Zero   RW          587    .bss                lasercloud.o
    0x20000644   0x00000214   Zero   RW          617    .bss                navigation.o
    0x20000858   0x00000068   Zero   RW          640    .bss                motorctrl.o
    0x200008c0   0x000006c0   Zero   RW          790    .bss                ptpd.o
    0x20000f80   0x000000c0   Zero   RW          911    .bss                timer.o
    0x20001040   0x00000032   Zero   RW          996    .bss                dhcp.o
    0x20001072   0x00000002   PAD
    0x20001074   0x000000c8   Zero   RW         1043    .bss                etharp.o
    0x2000113c   0x00000010   Zero   RW         1177    .bss                ip_addr.o
    0x2000114c   0x0000102c   Zero   RW         1206    .bss                mem.o
    0x20002178   0x00007c17   Zero   RW         1222    .bss                memp.o
    0x20009d8f   0x00000001   PAD
    0x20009d90   0x000001e0   Zero   RW         1341    .bss                sockets.o
    0x20009f70   0x0000005c   Zero   RW         1393    .bss                tcpip.o
    0x20009fcc   0x00000014   Zero   RW         1417    .bss                tcp_in.o
    0x20009fe0   0x00000020   Zero   RW         1523    .bss                ethernetif.o
    0x2000a000   0x00000100   Zero   RW         1543    .bss                sys_arch.o
    0x2000a100   0x00005774   Zero   RW         1561    .bss                rtx_conf_cm.o
    0x2000f874   0x00000030   Zero   RW         1661    .bss                rt_list.o
    0x2000f8a4   0x00000034   Zero   RW         1785    .bss                rt_task.o
    0x2000f8d8   0x00003cd4   Zero   RW         2073    .bss                stm32f4x7_eth.o
    0x200135ac   0x00000004   PAD
    0x200135b0   0x00000400   Zero   RW         2091    STACK               startup_stm32f4xx.o


==============================================================================

Image component sizes


      Code (inc. data)   RO Data    RW Data    ZI Data      Debug   Object Name

      1740         54          0          0          0      19242   api_lib.o
      4012         36          0          0          0      10291   api_msg.o
       420          8          0          0          0      13458   arith.o
      1624          0          0          0          0       5044   bmc.o
        62          0          0          0          0       1278   def.o
      1812        104          0         12          0      23795   dev.o
      4692         70          0          4         50      12974   dhcp.o
      2536         24         12          1        200       9843   etharp.o
      1230         76          0          4         32       5872   ethernetif.o
       148          8          0          0          0       1883   hal_cm.o
       384         28          0          0          0        892   hal_cm4.o
       544         10          0          0          0       2527   icmp.o
      1516         38          0         12          0       7063   igmp.o
       562          0          0          0          0       3109   inet_chksum.o
        40          0          0          0          0      10349   init.o
      1016         30          0         18          0       7352   ip.o
       696         12          8          0         16       9935   ip_addr.o
      1424        198          0         16         92      23993   lasercloud.o
       112          8          0          0          0     359310   main.o
       900         20          0         12       4140       4154   mem.o
       208         18         52          0      31767       2990   memp.o
       224         20          0          0          0       2069   misc.o
      1028        182          0         40        104      26287   motorctrl.o
      1524          0          0          0          0      11768   msg.o
         0          0          0          0        532       1688   navigation.o
      1120         40          0          0          0       6519   net.o
       400          0          0          0          0       3173   netbuf.o
       116         26          0          0         56       9023   netconf.o
       776         20          0          9          0       6889   netif.o
      1808          0          0          0          0       7693   pbuf.o
      4146        136          0          0          0       8266   protocol.o
       312        102          0          0       1728       1792   ptpd.o
       448         12          0          4          0       3561   raw.o
      4860        114          0          8          0      43715   rt_cmsis.o
       380         14          0          0          0       2238   rt_event.o
       660         22          0          0         48       6078   rt_list.o
       848          8          0          0          0       2831   rt_mailbox.o
       194          0          0          0          0       1821   rt_membox.o
       176          0          0          0          0       2007   rt_memory.o
       640          8          0          0          0       2087   rt_mutex.o
       108         18          0          8          0        988   rt_robin.o
       324         10          0          0          0       2016   rt_semaphore.o
       796         52          0          7          0       5784   rt_system.o
      1232         78          0          8         52       6585   rt_task.o
       100          8          0          4          0       1487   rt_time.o
        54          6         86         32      22388       7546   rtx_conf_cm.o
      1016         14          0          0          0       4541   servo.o
      6264         98         64          8        480      17766   sockets.o
        72          0          0          0          0       1267   startup.o
        36          8        392          0       1024        832   startup_stm32f4xx.o
      1168        114         88         48          0       5187   stm32f4_discovery.o
      4036         68      10704         40          0      14362   stm32f4_discovery_lcd.o
      4812        112          0         16      15572      23988   stm32f4x7_eth.o
      1148         96          0          5        188       3432   stm32f4x7_eth_bsp.o
       936         32          0          0          0       6541   stm32f4xx_dma.o
       284         10          0          0          0       2543   stm32f4xx_exti.o
      1544         14          0          0          0       5655   stm32f4xx_fsmc.o
       604         36          0          0          0       4313   stm32f4xx_gpio.o
       532         50          0          4          0      13583   stm32f4xx_it.o
      1416         48          0         16          0      11271   stm32f4xx_rcc.o
       476         16          0          0          0       7636   stm32f4xx_sdio.o
       140         12          0          0          0       1787   stm32f4xx_syscfg.o
      3234         60          0          0          0      22544   stm32f4xx_tim.o
      1050         26          0          0          0       8016   stm32f4xx_usart.o
         4          4          0          0          0        252   svc_table.o
      1140        384          4          8        256       7044   sys_arch.o
       640        264          0          0          0       2174   sys_time.o
       528         46          0         20          0       1971   system_stm32f4xx.o
      3776        162        197         36          0      21987   tcp.o
      4944        224          0         32         20      15335   tcp_in.o
      3308          8          0          0          0       9551   tcp_out.o
       796         40          0          8         92      10148   tcpip.o
         0          0          0          0          0       9156   telnet.o
       164         12          0          6        192       2170   timer.o
       640         36          0          8          0       3691   timers.o
      1520        284          0          6        776      15182   timestamp.o
      1300         22          0          8          0      14849   udp.o

    ----------------------------------------------------------------------
     95496       3918      11644        480      79812     978039   Object Totals
         0          0         32          0          0          0   (incl. Generated)
        16          0          5         12          7          0   (incl. Padding)

    ----------------------------------------------------------------------

      Code (inc. data)   RO Data    RW Data    ZI Data      Debug   Library Member Name

       122          0          0          0          0        148   sqrt.o
        86          0          0          0          0          0   __dczerorl2.o
         0          0          0          0          0          0   entry.o
         0          0          0          0          0          0   entry10a.o
         0          0          0          0          0          0   entry11a.o
         8          4          0          0          0          0   entry2.o
         4          0          0          0          0          0   entry5.o
         0          0          0          0          0          0   entry7b.o
         0          0          0          0          0          0   entry8b.o
        12          6          0          4          0         68   errno.o
        18          0          0          0          0         80   fputc.o
        30          0          0          0          0          0   handlers.o
        36          8          0          0          0         68   init.o
         0          0          0          0          0          0   iusefp.o
         0          0          0          0          0          0   iusesemip.o
        98          0          0          0          0         84   ldiv.o
        30          0          0          0          0         68   llshl.o
        32          0          0          0          0         68   llushr.o
        26          0          0          0          0         80   memcmp.o
        36          0          0          0          0         68   memcpya.o
        36          0          0          0          0        108   memseta.o
      1154         54          0          0          0        352   printf8.o
        36         10          0          4          0        136   rand.o
         0          0          0          0          0          0   semi.o
         0          0          0          4          0          0   stdout.o
        14          0          0          0          0         68   strlen.o
        98          0          0          0          0         92   uldiv.o
        48          0          0          0          0         68   cdcmple.o
        48          0          0          0          0         68   cdrcmple.o
        56          0          0          0          0         88   d2f.o
       186          0          0          0          0        176   depilogue.o
        34          0          0          0          0         76   dflti.o
        26          0          0          0          0         76   dfltui.o
       228          0          0          0          0         96   dmul.o
       162          0          0          0          0        100   dsqrt.o
        38          0          0          0          0         68   f2d.o
       110          0          0          0          0        168   fepilogue.o

    ----------------------------------------------------------------------
      2816         82          0         12          0       2472   Library Totals
         4          0          0          0          0          0   (incl. Padding)

    ----------------------------------------------------------------------

      Code (inc. data)   RO Data    RW Data    ZI Data      Debug   Library Name

       122          0          0          0          0        148   m_wm.l
      1754         82          0         12          0       1340   mc_w.l
       936          0          0          0          0        984   mf_w.l

    ----------------------------------------------------------------------
      2816         82          0         12          0       2472   Library Totals

    ----------------------------------------------------------------------

==============================================================================


      Code (inc. data)   RO Data    RW Data    ZI Data      Debug   

     98312       4000      11644        492      79812     963547   Grand Totals
     98312       4000      11644        140      79812     963547   ELF Image Totals (compressed)
     98312       4000      11644        140          0          0   ROM Totals

==============================================================================

    Total RO  Size (Code + RO Data)               109956 ( 107.38kB)
    Total RW  Size (RW Data + ZI Data)             80304 (  78.42kB)
    Total ROM Size (Code + RO Data + RW Data)     110096 ( 107.52kB)

==============================================================================

