<!doctype html public "-//w3c//dtd html 4.0 transitional//en">
<html><head>
<title>Static Call Graph - [.\Discovery\Project.axf]</title></head>
<body><HR>
<H1>Static Call Graph for image .\Discovery\Project.axf</H1><HR>
<BR><P>#&#060CALLGRAPH&#062# ARM Linker, 5050106: Last Updated: Tue May 17 15:35:27 2022
<BR><P>
<H3>Maximum Stack Usage =        488 bytes + Unknown(Cycles, Untraceable Function Pointers)</H3><H3>
Call chain for Maximum Stack Depth:</H3>
tcpip_thread &rArr; ethernet_input &rArr; ip_input &rArr; tcp_input &rArr; tcp_listen_input &rArr; tcp_alloc &rArr; tcp_kill_prio &rArr; tcp_abort &rArr; tcp_abandon &rArr; tcp_pcb_remove &rArr; tcp_output &rArr; tcp_output_segment &rArr; ip_output &rArr; ip_output_if &rArr; ip_output_if_opt &rArr; pbuf_header
<P>
<H3>
Mutually Recursive functions
</H3> <LI><a href="#[1d0]">netconn_drain</a>&nbsp;&nbsp;&nbsp;&rArr;&nbsp;&nbsp;&nbsp;<a href="#[1d0]">netconn_drain</a><BR>
 <LI><a href="#[24]">ADC_IRQHandler</a>&nbsp;&nbsp;&nbsp;&rArr;&nbsp;&nbsp;&nbsp;<a href="#[24]">ADC_IRQHandler</a><BR>
</UL>
<P>
<H3>
Function Pointers
</H3><UL>
 <LI><a href="#[24]">ADC_IRQHandler</a> from startup_stm32f4xx.o(.text) referenced from startup_stm32f4xx.o(RESET)
 <LI><a href="#[c]">BusFault_Handler</a> from stm32f4xx_it.o(.text) referenced from startup_stm32f4xx.o(RESET)
 <LI><a href="#[26]">CAN1_RX0_IRQHandler</a> from startup_stm32f4xx.o(.text) referenced from startup_stm32f4xx.o(RESET)
 <LI><a href="#[27]">CAN1_RX1_IRQHandler</a> from startup_stm32f4xx.o(.text) referenced from startup_stm32f4xx.o(RESET)
 <LI><a href="#[28]">CAN1_SCE_IRQHandler</a> from startup_stm32f4xx.o(.text) referenced from startup_stm32f4xx.o(RESET)
 <LI><a href="#[25]">CAN1_TX_IRQHandler</a> from startup_stm32f4xx.o(.text) referenced from startup_stm32f4xx.o(RESET)
 <LI><a href="#[52]">CAN2_RX0_IRQHandler</a> from startup_stm32f4xx.o(.text) referenced from startup_stm32f4xx.o(RESET)
 <LI><a href="#[53]">CAN2_RX1_IRQHandler</a> from startup_stm32f4xx.o(.text) referenced from startup_stm32f4xx.o(RESET)
 <LI><a href="#[54]">CAN2_SCE_IRQHandler</a> from startup_stm32f4xx.o(.text) referenced from startup_stm32f4xx.o(RESET)
 <LI><a href="#[51]">CAN2_TX_IRQHandler</a> from startup_stm32f4xx.o(.text) referenced from startup_stm32f4xx.o(RESET)
 <LI><a href="#[61]">CRYP_IRQHandler</a> from startup_stm32f4xx.o(.text) referenced from startup_stm32f4xx.o(RESET)
 <LI><a href="#[60]">DCMI_IRQHandler</a> from startup_stm32f4xx.o(.text) referenced from startup_stm32f4xx.o(RESET)
 <LI><a href="#[1d]">DMA1_Stream0_IRQHandler</a> from startup_stm32f4xx.o(.text) referenced from startup_stm32f4xx.o(RESET)
 <LI><a href="#[1e]">DMA1_Stream1_IRQHandler</a> from startup_stm32f4xx.o(.text) referenced from startup_stm32f4xx.o(RESET)
 <LI><a href="#[1f]">DMA1_Stream2_IRQHandler</a> from startup_stm32f4xx.o(.text) referenced from startup_stm32f4xx.o(RESET)
 <LI><a href="#[20]">DMA1_Stream3_IRQHandler</a> from startup_stm32f4xx.o(.text) referenced from startup_stm32f4xx.o(RESET)
 <LI><a href="#[21]">DMA1_Stream4_IRQHandler</a> from startup_stm32f4xx.o(.text) referenced from startup_stm32f4xx.o(RESET)
 <LI><a href="#[22]">DMA1_Stream5_IRQHandler</a> from startup_stm32f4xx.o(.text) referenced from startup_stm32f4xx.o(RESET)
 <LI><a href="#[23]">DMA1_Stream6_IRQHandler</a> from startup_stm32f4xx.o(.text) referenced from startup_stm32f4xx.o(RESET)
 <LI><a href="#[41]">DMA1_Stream7_IRQHandler</a> from startup_stm32f4xx.o(.text) referenced from startup_stm32f4xx.o(RESET)
 <LI><a href="#[4a]">DMA2_Stream0_IRQHandler</a> from startup_stm32f4xx.o(.text) referenced from startup_stm32f4xx.o(RESET)
 <LI><a href="#[4b]">DMA2_Stream1_IRQHandler</a> from startup_stm32f4xx.o(.text) referenced from startup_stm32f4xx.o(RESET)
 <LI><a href="#[4c]">DMA2_Stream2_IRQHandler</a> from startup_stm32f4xx.o(.text) referenced from startup_stm32f4xx.o(RESET)
 <LI><a href="#[4d]">DMA2_Stream3_IRQHandler</a> from startup_stm32f4xx.o(.text) referenced from startup_stm32f4xx.o(RESET)
 <LI><a href="#[4e]">DMA2_Stream4_IRQHandler</a> from startup_stm32f4xx.o(.text) referenced from startup_stm32f4xx.o(RESET)
 <LI><a href="#[56]">DMA2_Stream5_IRQHandler</a> from startup_stm32f4xx.o(.text) referenced from startup_stm32f4xx.o(RESET)
 <LI><a href="#[57]">DMA2_Stream6_IRQHandler</a> from startup_stm32f4xx.o(.text) referenced from startup_stm32f4xx.o(RESET)
 <LI><a href="#[58]">DMA2_Stream7_IRQHandler</a> from startup_stm32f4xx.o(.text) referenced from startup_stm32f4xx.o(RESET)
 <LI><a href="#[f]">DebugMon_Handler</a> from stm32f4xx_it.o(.text) referenced from startup_stm32f4xx.o(RESET)
 <LI><a href="#[4f]">ETH_IRQHandler</a> from stm32f4xx_it.o(.text) referenced from startup_stm32f4xx.o(RESET)
 <LI><a href="#[50]">ETH_WKUP_IRQHandler</a> from startup_stm32f4xx.o(.text) referenced from startup_stm32f4xx.o(RESET)
 <LI><a href="#[18]">EXTI0_IRQHandler</a> from startup_stm32f4xx.o(.text) referenced from startup_stm32f4xx.o(RESET)
 <LI><a href="#[3a]">EXTI15_10_IRQHandler</a> from stm32f4xx_it.o(.text) referenced from startup_stm32f4xx.o(RESET)
 <LI><a href="#[19]">EXTI1_IRQHandler</a> from startup_stm32f4xx.o(.text) referenced from startup_stm32f4xx.o(RESET)
 <LI><a href="#[1a]">EXTI2_IRQHandler</a> from startup_stm32f4xx.o(.text) referenced from startup_stm32f4xx.o(RESET)
 <LI><a href="#[1b]">EXTI3_IRQHandler</a> from stm32f4xx_it.o(.text) referenced from startup_stm32f4xx.o(RESET)
 <LI><a href="#[1c]">EXTI4_IRQHandler</a> from startup_stm32f4xx.o(.text) referenced from startup_stm32f4xx.o(RESET)
 <LI><a href="#[29]">EXTI9_5_IRQHandler</a> from startup_stm32f4xx.o(.text) referenced from startup_stm32f4xx.o(RESET)
 <LI><a href="#[16]">FLASH_IRQHandler</a> from startup_stm32f4xx.o(.text) referenced from startup_stm32f4xx.o(RESET)
 <LI><a href="#[63]">FPU_IRQHandler</a> from startup_stm32f4xx.o(.text) referenced from startup_stm32f4xx.o(RESET)
 <LI><a href="#[42]">FSMC_IRQHandler</a> from startup_stm32f4xx.o(.text) referenced from startup_stm32f4xx.o(RESET)
 <LI><a href="#[62]">HASH_RNG_IRQHandler</a> from startup_stm32f4xx.o(.text) referenced from startup_stm32f4xx.o(RESET)
 <LI><a href="#[a]">HardFault_Handler</a> from stm32f4xx_it.o(.text) referenced from startup_stm32f4xx.o(RESET)
 <LI><a href="#[32]">I2C1_ER_IRQHandler</a> from startup_stm32f4xx.o(.text) referenced from startup_stm32f4xx.o(RESET)
 <LI><a href="#[31]">I2C1_EV_IRQHandler</a> from startup_stm32f4xx.o(.text) referenced from startup_stm32f4xx.o(RESET)
 <LI><a href="#[34]">I2C2_ER_IRQHandler</a> from startup_stm32f4xx.o(.text) referenced from startup_stm32f4xx.o(RESET)
 <LI><a href="#[33]">I2C2_EV_IRQHandler</a> from startup_stm32f4xx.o(.text) referenced from startup_stm32f4xx.o(RESET)
 <LI><a href="#[5b]">I2C3_ER_IRQHandler</a> from startup_stm32f4xx.o(.text) referenced from startup_stm32f4xx.o(RESET)
 <LI><a href="#[5a]">I2C3_EV_IRQHandler</a> from startup_stm32f4xx.o(.text) referenced from startup_stm32f4xx.o(RESET)
 <LI><a href="#[b]">MemManage_Handler</a> from stm32f4xx_it.o(.text) referenced from startup_stm32f4xx.o(RESET)
 <LI><a href="#[9]">NMI_Handler</a> from stm32f4xx_it.o(.text) referenced from startup_stm32f4xx.o(RESET)
 <LI><a href="#[55]">OTG_FS_IRQHandler</a> from startup_stm32f4xx.o(.text) referenced from startup_stm32f4xx.o(RESET)
 <LI><a href="#[3c]">OTG_FS_WKUP_IRQHandler</a> from startup_stm32f4xx.o(.text) referenced from startup_stm32f4xx.o(RESET)
 <LI><a href="#[5d]">OTG_HS_EP1_IN_IRQHandler</a> from startup_stm32f4xx.o(.text) referenced from startup_stm32f4xx.o(RESET)
 <LI><a href="#[5c]">OTG_HS_EP1_OUT_IRQHandler</a> from startup_stm32f4xx.o(.text) referenced from startup_stm32f4xx.o(RESET)
 <LI><a href="#[5f]">OTG_HS_IRQHandler</a> from startup_stm32f4xx.o(.text) referenced from startup_stm32f4xx.o(RESET)
 <LI><a href="#[5e]">OTG_HS_WKUP_IRQHandler</a> from startup_stm32f4xx.o(.text) referenced from startup_stm32f4xx.o(RESET)
 <LI><a href="#[13]">PVD_IRQHandler</a> from startup_stm32f4xx.o(.text) referenced from startup_stm32f4xx.o(RESET)
 <LI><a href="#[10]">PendSV_Handler</a> from hal_cm4.o(.emb_text) referenced from startup_stm32f4xx.o(RESET)
 <LI><a href="#[17]">RCC_IRQHandler</a> from startup_stm32f4xx.o(.text) referenced from startup_stm32f4xx.o(RESET)
 <LI><a href="#[3b]">RTC_Alarm_IRQHandler</a> from startup_stm32f4xx.o(.text) referenced from startup_stm32f4xx.o(RESET)
 <LI><a href="#[15]">RTC_WKUP_IRQHandler</a> from startup_stm32f4xx.o(.text) referenced from startup_stm32f4xx.o(RESET)
 <LI><a href="#[8]">Reset_Handler</a> from startup_stm32f4xx.o(.text) referenced from startup_stm32f4xx.o(RESET)
 <LI><a href="#[43]">SDIO_IRQHandler</a> from startup_stm32f4xx.o(.text) referenced from startup_stm32f4xx.o(RESET)
 <LI><a href="#[35]">SPI1_IRQHandler</a> from startup_stm32f4xx.o(.text) referenced from startup_stm32f4xx.o(RESET)
 <LI><a href="#[36]">SPI2_IRQHandler</a> from startup_stm32f4xx.o(.text) referenced from startup_stm32f4xx.o(RESET)
 <LI><a href="#[45]">SPI3_IRQHandler</a> from startup_stm32f4xx.o(.text) referenced from startup_stm32f4xx.o(RESET)
 <LI><a href="#[e]">SVC_Handler</a> from hal_cm4.o(.emb_text) referenced from startup_stm32f4xx.o(RESET)
 <LI><a href="#[11]">SysTick_Handler</a> from hal_cm4.o(.emb_text) referenced from startup_stm32f4xx.o(RESET)
 <LI><a href="#[94]">SystemInit</a> from system_stm32f4xx.o(.text) referenced from startup_stm32f4xx.o(.text)
 <LI><a href="#[14]">TAMP_STAMP_IRQHandler</a> from startup_stm32f4xx.o(.text) referenced from startup_stm32f4xx.o(RESET)
 <LI><a href="#[2a]">TIM1_BRK_TIM9_IRQHandler</a> from startup_stm32f4xx.o(.text) referenced from startup_stm32f4xx.o(RESET)
 <LI><a href="#[2d]">TIM1_CC_IRQHandler</a> from startup_stm32f4xx.o(.text) referenced from startup_stm32f4xx.o(RESET)
 <LI><a href="#[2c]">TIM1_TRG_COM_TIM11_IRQHandler</a> from startup_stm32f4xx.o(.text) referenced from startup_stm32f4xx.o(RESET)
 <LI><a href="#[2b]">TIM1_UP_TIM10_IRQHandler</a> from startup_stm32f4xx.o(.text) referenced from startup_stm32f4xx.o(RESET)
 <LI><a href="#[2e]">TIM2_IRQHandler</a> from startup_stm32f4xx.o(.text) referenced from startup_stm32f4xx.o(RESET)
 <LI><a href="#[2f]">TIM3_IRQHandler</a> from startup_stm32f4xx.o(.text) referenced from startup_stm32f4xx.o(RESET)
 <LI><a href="#[30]">TIM4_IRQHandler</a> from startup_stm32f4xx.o(.text) referenced from startup_stm32f4xx.o(RESET)
 <LI><a href="#[44]">TIM5_IRQHandler</a> from startup_stm32f4xx.o(.text) referenced from startup_stm32f4xx.o(RESET)
 <LI><a href="#[48]">TIM6_DAC_IRQHandler</a> from startup_stm32f4xx.o(.text) referenced from startup_stm32f4xx.o(RESET)
 <LI><a href="#[49]">TIM7_IRQHandler</a> from startup_stm32f4xx.o(.text) referenced from startup_stm32f4xx.o(RESET)
 <LI><a href="#[3d]">TIM8_BRK_TIM12_IRQHandler</a> from startup_stm32f4xx.o(.text) referenced from startup_stm32f4xx.o(RESET)
 <LI><a href="#[40]">TIM8_CC_IRQHandler</a> from startup_stm32f4xx.o(.text) referenced from startup_stm32f4xx.o(RESET)
 <LI><a href="#[3f]">TIM8_TRG_COM_TIM14_IRQHandler</a> from startup_stm32f4xx.o(.text) referenced from startup_stm32f4xx.o(RESET)
 <LI><a href="#[3e]">TIM8_UP_TIM13_IRQHandler</a> from startup_stm32f4xx.o(.text) referenced from startup_stm32f4xx.o(RESET)
 <LI><a href="#[46]">UART4_IRQHandler</a> from startup_stm32f4xx.o(.text) referenced from startup_stm32f4xx.o(RESET)
 <LI><a href="#[47]">UART5_IRQHandler</a> from startup_stm32f4xx.o(.text) referenced from startup_stm32f4xx.o(RESET)
 <LI><a href="#[37]">USART1_IRQHandler</a> from startup_stm32f4xx.o(.text) referenced from startup_stm32f4xx.o(RESET)
 <LI><a href="#[38]">USART2_IRQHandler</a> from startup_stm32f4xx.o(.text) referenced from startup_stm32f4xx.o(RESET)
 <LI><a href="#[39]">USART3_IRQHandler</a> from stm32f4xx_it.o(.text) referenced from startup_stm32f4xx.o(RESET)
 <LI><a href="#[59]">USART6_IRQHandler</a> from startup_stm32f4xx.o(.text) referenced from startup_stm32f4xx.o(RESET)
 <LI><a href="#[d]">UsageFault_Handler</a> from stm32f4xx_it.o(.text) referenced from startup_stm32f4xx.o(RESET)
 <LI><a href="#[12]">WWDG_IRQHandler</a> from startup_stm32f4xx.o(.text) referenced from startup_stm32f4xx.o(RESET)
 <LI><a href="#[95]">__main</a> from entry.o(.ARM.Collect$$$$00000000) referenced from startup_stm32f4xx.o(.text)
 <LI><a href="#[7f]">accept_function</a> from api_msg.o(.text) referenced from api_msg.o(.text)
 <LI><a href="#[89]">arp_timer</a> from timers.o(.text) referenced 2 times from timers.o(.text)
 <LI><a href="#[e2]">datacollection_thread</a> from timestamp.o(.text) referenced from timestamp.o(.text)
 <LI><a href="#[4]">dev_reset</a> from motorctrl.o(.text) referenced 2 times from motorctrl.o(.data)
 <LI><a href="#[80]">dhcp_recv</a> from dhcp.o(.text) referenced from dhcp.o(.text)
 <LI><a href="#[8a]">dhcp_timer_coarse</a> from timers.o(.text) referenced from timers.o(.text)
 <LI><a href="#[8b]">dhcp_timer_fine</a> from timers.o(.text) referenced from timers.o(.text)
 <LI><a href="#[6f]">do_bind</a> from api_msg.o(.text) referenced from api_lib.o(.text)
 <LI><a href="#[76]">do_close</a> from api_msg.o(.text) referenced from api_lib.o(.text)
 <LI><a href="#[70]">do_connect</a> from api_msg.o(.text) referenced from api_lib.o(.text)
 <LI><a href="#[7e]">do_connected</a> from api_msg.o(.text) referenced from api_msg.o(.text)
 <LI><a href="#[6d]">do_delconn</a> from api_msg.o(.text) referenced from api_lib.o(.text)
 <LI><a href="#[71]">do_disconnect</a> from api_msg.o(.text) referenced from api_lib.o(.text)
 <LI><a href="#[6e]">do_getaddr</a> from api_msg.o(.text) referenced from api_lib.o(.text)
 <LI><a href="#[77]">do_join_leave_group</a> from api_msg.o(.text) referenced from api_lib.o(.text)
 <LI><a href="#[72]">do_listen</a> from api_msg.o(.text) referenced from api_lib.o(.text)
 <LI><a href="#[6c]">do_newconn</a> from api_msg.o(.text) referenced from api_lib.o(.text)
 <LI><a href="#[6]">do_nothing</a> from motorctrl.o(.text) referenced 4 times from motorctrl.o(.data)
 <LI><a href="#[73]">do_recv</a> from api_msg.o(.text) referenced 2 times from api_lib.o(.text)
 <LI><a href="#[74]">do_send</a> from api_msg.o(.text) referenced from api_lib.o(.text)
 <LI><a href="#[75]">do_write</a> from api_msg.o(.text) referenced from api_lib.o(.text)
 <LI><a href="#[7a]">err_tcp</a> from api_msg.o(.text) referenced from api_msg.o(.text)
 <LI><a href="#[8f]">etharp_output</a> from etharp.o(.text) referenced from ethernetif.o(.text)
 <LI><a href="#[67]">ethernetif_init</a> from ethernetif.o(.text) referenced from netconf.o(.text)
 <LI><a href="#[8d]">ethernetif_input</a> from ethernetif.o(.text) referenced from ethernetif.o(.text)
 <LI><a href="#[81]">event_callback</a> from sockets.o(.text) referenced from sockets.o(.text)
 <LI><a href="#[96]">fputc</a> from fputc.o(i.fputc) referenced from printf8.o(i.__0printf$8)
 <LI><a href="#[8c]">igmp_timer</a> from timers.o(.text) referenced from timers.o(.text)
 <LI><a href="#[106]">laserPointCloudForward_thread</a> from lasercloud.o(.text) referenced from lasercloud.o(.text)
 <LI><a href="#[a3]">led4</a> from main.o(.text) referenced from main.o(.text)
 <LI><a href="#[90]">low_level_output</a> from ethernetif.o(.text) referenced from ethernetif.o(.text)
 <LI><a href="#[82]">lwip_getsockopt_internal</a> from sockets.o(.text) referenced from sockets.o(.text)
 <LI><a href="#[83]">lwip_setsockopt_internal</a> from sockets.o(.text) referenced from sockets.o(.text)
 <LI><a href="#[7]">main</a> from main.o(.text) referenced 2 times from rtx_conf_cm.o(.data)
 <LI><a href="#[87]">mem_free</a> from mem.o(.text) referenced from tcpip.o(.text)
 <LI><a href="#[114]">motorCtrl_thread</a> from motorctrl.o(.text) referenced from motorctrl.o(.text)
 <LI><a href="#[2]">motor_run</a> from motorctrl.o(.text) referenced 2 times from motorctrl.o(.data)
 <LI><a href="#[5]">motor_spd_set</a> from motorctrl.o(.text) referenced 2 times from motorctrl.o(.data)
 <LI><a href="#[3]">motor_stop</a> from motorctrl.o(.text) referenced 2 times from motorctrl.o(.data)
 <LI><a href="#[69]">netRecvEventCallback</a> from net.o(.text) referenced from net.o(.text)
 <LI><a href="#[6a]">netRecvGeneralCallback</a> from net.o(.text) referenced from net.o(.text)
 <LI><a href="#[2d6]">osThreadExit</a> from rt_cmsis.o(.text) referenced from rt_cmsis.o(.text)
 <LI><a href="#[97]">osTimerThread</a> from rt_cmsis.o(.text) referenced from rtx_conf_cm.o(.constdata)
 <LI><a href="#[93]">os_idle_demon</a> from rtx_conf_cm.o(.text) referenced from rt_task.o(.text)
 <LI><a href="#[86]">pbuf_free_int</a> from tcpip.o(.text) referenced from tcpip.o(.text)
 <LI><a href="#[79]">poll_tcp</a> from api_msg.o(.text) referenced from api_msg.o(.text)
 <LI><a href="#[68]">ptpd_thread</a> from ptpd.o(.text) referenced from ptpd.o(.text)
 <LI><a href="#[7c]">recv_raw</a> from api_msg.o(.text) referenced from api_msg.o(.text)
 <LI><a href="#[7b]">recv_tcp</a> from api_msg.o(.text) referenced from api_msg.o(.text)
 <LI><a href="#[7d]">recv_udp</a> from api_msg.o(.text) referenced from api_msg.o(.text)
 <LI><a href="#[64]">rt_alloc_box</a> from rt_membox.o(.text) referenced from hal_cm4.o(.emb_text)
 <LI><a href="#[65]">rt_free_box</a> from rt_membox.o(.text) referenced from hal_cm4.o(.emb_text)
 <LI><a href="#[92]">rt_resume</a> from rt_system.o(.text) referenced from rt_cmsis.o(.text)
 <LI><a href="#[91]">rt_suspend</a> from rt_system.o(.text) referenced from rt_cmsis.o(.text)
 <LI><a href="#[0]">scan_start</a> from motorctrl.o(.text) referenced 2 times from motorctrl.o(.data)
 <LI><a href="#[1]">scan_stop</a> from motorctrl.o(.text) referenced 2 times from motorctrl.o(.data)
 <LI><a href="#[78]">sent_tcp</a> from api_msg.o(.text) referenced from api_msg.o(.text)
 <LI><a href="#[2ef]">svcDelay</a> from rt_cmsis.o(.text) referenced from rt_cmsis.o(.text)
 <LI><a href="#[2d9]">svcKernelInitialize</a> from rt_cmsis.o(.text) referenced from rt_cmsis.o(.text)
 <LI><a href="#[2e5]">svcKernelRunning</a> from rt_cmsis.o(.text) referenced from rt_cmsis.o(.text)
 <LI><a href="#[2dc]">svcKernelStart</a> from rt_cmsis.o(.text) referenced from rt_cmsis.o(.text)
 <LI><a href="#[2df]">svcKernelSysTick</a> from rt_cmsis.o(.text) referenced from rt_cmsis.o(.text)
 <LI><a href="#[32c]">svcMailCreate</a> from rt_cmsis.o(.text) referenced from rt_cmsis.o(.text)
 <LI><a href="#[2d7]">svcMessageCreate</a> from rt_cmsis.o(.text) referenced from rt_cmsis.o(.text)
 <LI><a href="#[300]">svcMessageGet</a> from rt_cmsis.o(.text) referenced from rt_cmsis.o(.text)
 <LI><a href="#[32a]">svcMessagePut</a> from rt_cmsis.o(.text) referenced from rt_cmsis.o(.text)
 <LI><a href="#[30e]">svcMutexCreate</a> from rt_cmsis.o(.text) referenced from rt_cmsis.o(.text)
 <LI><a href="#[314]">svcMutexDelete</a> from rt_cmsis.o(.text) referenced from rt_cmsis.o(.text)
 <LI><a href="#[312]">svcMutexRelease</a> from rt_cmsis.o(.text) referenced from rt_cmsis.o(.text)
 <LI><a href="#[310]">svcMutexWait</a> from rt_cmsis.o(.text) referenced from rt_cmsis.o(.text)
 <LI><a href="#[321]">svcPoolCreate</a> from rt_cmsis.o(.text) referenced from rt_cmsis.o(.text)
 <LI><a href="#[317]">svcSemaphoreCreate</a> from rt_cmsis.o(.text) referenced from rt_cmsis.o(.text)
 <LI><a href="#[31d]">svcSemaphoreDelete</a> from rt_cmsis.o(.text) referenced from rt_cmsis.o(.text)
 <LI><a href="#[31b]">svcSemaphoreRelease</a> from rt_cmsis.o(.text) referenced from rt_cmsis.o(.text)
 <LI><a href="#[319]">svcSemaphoreWait</a> from rt_cmsis.o(.text) referenced from rt_cmsis.o(.text)
 <LI><a href="#[306]">svcSignalClear</a> from rt_cmsis.o(.text) referenced from rt_cmsis.o(.text)
 <LI><a href="#[304]">svcSignalSet</a> from rt_cmsis.o(.text) referenced from rt_cmsis.o(.text)
 <LI><a href="#[308]">svcSignalWait</a> from rt_cmsis.o(.text) referenced from rt_cmsis.o(.text)
 <LI><a href="#[2d2]">svcThreadCreate</a> from rt_cmsis.o(.text) referenced from rt_cmsis.o(.text)
 <LI><a href="#[2cc]">svcThreadGetId</a> from rt_cmsis.o(.text) referenced 2 times from rt_cmsis.o(.text)
 <LI><a href="#[2e9]">svcThreadGetPriority</a> from rt_cmsis.o(.text) referenced from rt_cmsis.o(.text)
 <LI><a href="#[2e8]">svcThreadSetPriority</a> from rt_cmsis.o(.text) referenced from rt_cmsis.o(.text)
 <LI><a href="#[2ce]">svcThreadTerminate</a> from rt_cmsis.o(.text) referenced 2 times from rt_cmsis.o(.text)
 <LI><a href="#[2e6]">svcThreadYield</a> from rt_cmsis.o(.text) referenced from rt_cmsis.o(.text)
 <LI><a href="#[2f9]">svcTimerCall</a> from rt_cmsis.o(.text) referenced from rt_cmsis.o(.text)
 <LI><a href="#[2f2]">svcTimerCreate</a> from rt_cmsis.o(.text) referenced from rt_cmsis.o(.text)
 <LI><a href="#[2f8]">svcTimerDelete</a> from rt_cmsis.o(.text) referenced from rt_cmsis.o(.text)
 <LI><a href="#[2f3]">svcTimerStart</a> from rt_cmsis.o(.text) referenced from rt_cmsis.o(.text)
 <LI><a href="#[2f7]">svcTimerStop</a> from rt_cmsis.o(.text) referenced from rt_cmsis.o(.text)
 <LI><a href="#[32d]">sysMailAlloc</a> from rt_cmsis.o(.text) referenced 2 times from rt_cmsis.o(.text)
 <LI><a href="#[330]">sysMailFree</a> from rt_cmsis.o(.text) referenced from rt_cmsis.o(.text)
 <LI><a href="#[323]">sysPoolAlloc</a> from rt_cmsis.o(.text) referenced 2 times from rt_cmsis.o(.text)
 <LI><a href="#[325]">sysPoolFree</a> from rt_cmsis.o(.text) referenced from rt_cmsis.o(.text)
 <LI><a href="#[84]">tcp_accept_null</a> from tcp.o(.text) referenced from tcp.o(.text)
 <LI><a href="#[27e]">tcp_recv_null</a> from tcp.o(.text) referenced from tcp.o(.text)
 <LI><a href="#[66]">tcpip_input</a> from tcpip.o(.text) referenced from netconf.o(.text)
 <LI><a href="#[88]">tcpip_tcp_timer</a> from timers.o(.text) referenced from timers.o(.text)
 <LI><a href="#[85]">tcpip_thread</a> from tcpip.o(.text) referenced from tcpip.o(.text)
 <LI><a href="#[ed]">time_thread</a> from timestamp.o(.text) referenced from timestamp.o(.text)
 <LI><a href="#[6b]">timerCallback</a> from timer.o(.text) referenced from timer.o(.text)
 <LI><a href="#[e5]">timetest_callback</a> from timestamp.o(.text) referenced from timestamp.o(.text)
 <LI><a href="#[113]">udpcallback</a> from motorctrl.o(.text) referenced from motorctrl.o(.text)
 <LI><a href="#[104]">udplaser_callback</a> from lasercloud.o(.text) referenced from lasercloud.o(.text)
</UL>
<P>
<H3>
Global Symbols
</H3>
<P><STRONG><a name="[95]"></a>__main</STRONG> (Thumb, 0 bytes, Stack size unknown bytes, entry.o(.ARM.Collect$$$$00000000))
<BR>[Address Reference Count : 1]<UL><LI> startup_stm32f4xx.o(.text)
</UL>
<P><STRONG><a name="[3c5]"></a>_main_stk</STRONG> (Thumb, 0 bytes, Stack size unknown bytes, entry2.o(.ARM.Collect$$$$00000001))

<P><STRONG><a name="[98]"></a>_main_scatterload</STRONG> (Thumb, 0 bytes, Stack size unknown bytes, entry5.o(.ARM.Collect$$$$00000004))
<BR><BR>[Calls]<UL><LI><a href="#[99]">&gt;&gt;</a>&nbsp;&nbsp;&nbsp;__scatterload
</UL>

<P><STRONG><a name="[3bf]"></a>__main_after_scatterload</STRONG> (Thumb, 0 bytes, Stack size 0 bytes, entry5.o(.ARM.Collect$$$$00000004))
<BR><BR>[Called By]<UL><LI><a href="#[99]">&gt;&gt;</a>&nbsp;&nbsp;&nbsp;__scatterload
</UL>

<P><STRONG><a name="[3c6]"></a>__rt_final_cpp</STRONG> (Thumb, 0 bytes, Stack size 0 bytes, entry10a.o(.ARM.Collect$$$$0000000D))

<P><STRONG><a name="[3c7]"></a>__rt_final_exit</STRONG> (Thumb, 0 bytes, Stack size 0 bytes, entry11a.o(.ARM.Collect$$$$0000000F))

<P><STRONG><a name="[3c8]"></a>_main_clock</STRONG> (Thumb, 0 bytes, Stack size 0 bytes, entry7b.o(.ARM.Collect$$$$00000008))

<P><STRONG><a name="[3c9]"></a>_main_cpp_init</STRONG> (Thumb, 0 bytes, Stack size 0 bytes, entry8b.o(.ARM.Collect$$$$0000000A))

<P><STRONG><a name="[9a]"></a>_main_init</STRONG> (Thumb, 18 bytes, Stack size 0 bytes, rtx_conf_cm.o(.ARM.Collect$$$$000000FF))
<BR><BR>[Stack]<UL><LI>Max Depth = 104<LI>Call Chain = _main_init &rArr; osKernelInitialize &rArr; svcKernelInitialize &rArr; svcThreadCreate &rArr; rt_tsk_create &rArr; rt_init_context &rArr; rt_init_stack
</UL>
<BR>[Calls]<UL><LI><a href="#[9d]">&gt;&gt;</a>&nbsp;&nbsp;&nbsp;osKernelStart
<LI><a href="#[9b]">&gt;&gt;</a>&nbsp;&nbsp;&nbsp;osKernelInitialize
<LI><a href="#[9c]">&gt;&gt;</a>&nbsp;&nbsp;&nbsp;osThreadCreate
</UL>

<P><STRONG><a name="[3ca]"></a>rt_set_PSP</STRONG> (Thumb, 6 bytes, Stack size 0 bytes, hal_cm4.o(.emb_text), UNUSED)

<P><STRONG><a name="[350]"></a>rt_get_PSP</STRONG> (Thumb, 6 bytes, Stack size 0 bytes, hal_cm4.o(.emb_text))
<BR><BR>[Called By]<UL><LI><a href="#[2d0]">&gt;&gt;</a>&nbsp;&nbsp;&nbsp;rt_tsk_delete
</UL>

<P><STRONG><a name="[3cb]"></a>os_set_env</STRONG> (Thumb, 24 bytes, Stack size 0 bytes, hal_cm4.o(.emb_text), UNUSED)

<P><STRONG><a name="[345]"></a>_alloc_box</STRONG> (Thumb, 28 bytes, Stack size 0 bytes, hal_cm4.o(.emb_text), UNUSED)
<BR><BR>[Called By]<UL><LI><a href="#[344]">&gt;&gt;</a>&nbsp;&nbsp;&nbsp;_calloc_box
</UL>

<P><STRONG><a name="[3cc]"></a>_free_box</STRONG> (Thumb, 28 bytes, Stack size 0 bytes, hal_cm4.o(.emb_text), UNUSED)

<P><STRONG><a name="[e]"></a>SVC_Handler</STRONG> (Thumb, 148 bytes, Stack size 0 bytes, hal_cm4.o(.emb_text))
<BR><BR>[Stack]<UL><LI>Max Depth = 8<LI>Call Chain = SVC_Handler &rArr; rt_stk_check
</UL>
<BR>[Calls]<UL><LI><a href="#[9e]">&gt;&gt;</a>&nbsp;&nbsp;&nbsp;rt_stk_check
</UL>
<BR>[Address Reference Count : 1]<UL><LI> startup_stm32f4xx.o(RESET)
</UL>
<P><STRONG><a name="[10]"></a>PendSV_Handler</STRONG> (Thumb, 96 bytes, Stack size 0 bytes, hal_cm4.o(.emb_text))
<BR><BR>[Stack]<UL><LI>Max Depth = 64<LI>Call Chain = PendSV_Handler &rArr; rt_pop_req &rArr; rt_mbx_psh &rArr; rt_ret_val2
</UL>
<BR>[Calls]<UL><LI><a href="#[9e]">&gt;&gt;</a>&nbsp;&nbsp;&nbsp;rt_stk_check
<LI><a href="#[9f]">&gt;&gt;</a>&nbsp;&nbsp;&nbsp;rt_pop_req
</UL>
<BR>[Address Reference Count : 1]<UL><LI> startup_stm32f4xx.o(RESET)
</UL>
<P><STRONG><a name="[11]"></a>SysTick_Handler</STRONG> (Thumb, 8 bytes, Stack size 0 bytes, hal_cm4.o(.emb_text))
<BR><BR>[Stack]<UL><LI>Max Depth = 80<LI>Call Chain = SysTick_Handler &rArr; rt_systick &rArr; sysTimerTick &rArr; isrMessagePut &rArr; isr_mbx_send &rArr; rt_psq_enq
</UL>
<BR>[Calls]<UL><LI><a href="#[a0]">&gt;&gt;</a>&nbsp;&nbsp;&nbsp;rt_systick
</UL>
<BR>[Address Reference Count : 1]<UL><LI> startup_stm32f4xx.o(RESET)
</UL>
<P><STRONG><a name="[a1]"></a>OS_Tick_Handler</STRONG> (Thumb, 12 bytes, Stack size 0 bytes, hal_cm4.o(.emb_text), UNUSED)
<BR><BR>[Calls]<UL><LI><a href="#[a2]">&gt;&gt;</a>&nbsp;&nbsp;&nbsp;os_tick_irqack
<LI><a href="#[a0]">&gt;&gt;</a>&nbsp;&nbsp;&nbsp;rt_systick
</UL>

<P><STRONG><a name="[a3]"></a>led4</STRONG> (Thumb, 16 bytes, Stack size 0 bytes, main.o(.text))
<BR><BR>[Stack]<UL><LI>Max Depth = 8<LI>Call Chain = led4 &rArr; osDelay
</UL>
<BR>[Calls]<UL><LI><a href="#[a5]">&gt;&gt;</a>&nbsp;&nbsp;&nbsp;osDelay
<LI><a href="#[a4]">&gt;&gt;</a>&nbsp;&nbsp;&nbsp;STM_EVAL_LEDToggle
</UL>
<BR>[Address Reference Count : 1]<UL><LI> main.o(.text)
</UL>
<P><STRONG><a name="[a6]"></a>LED_Init</STRONG> (Thumb, 16 bytes, Stack size 8 bytes, main.o(.text))
<BR><BR>[Stack]<UL><LI>Max Depth = 44<LI>Call Chain = LED_Init &rArr; STM_EVAL_LEDInit &rArr; GPIO_Init
</UL>
<BR>[Calls]<UL><LI><a href="#[a7]">&gt;&gt;</a>&nbsp;&nbsp;&nbsp;STM_EVAL_LEDInit
</UL>
<BR>[Called By]<UL><LI><a href="#[7]">&gt;&gt;</a>&nbsp;&nbsp;&nbsp;main
</UL>

<P><STRONG><a name="[7]"></a>main</STRONG> (Thumb, 72 bytes, Stack size 8 bytes, main.o(.text))
<BR><BR>[Stack]<UL><LI>Max Depth = 432<LI>Call Chain = main &rArr; LwIP_Init &rArr; netif_add &rArr; netif_set_addr &rArr; netif_set_ipaddr &rArr; tcp_abort &rArr; tcp_abandon &rArr; tcp_pcb_remove &rArr; tcp_output &rArr; tcp_output_segment &rArr; ip_output &rArr; ip_output_if &rArr; ip_output_if_opt &rArr; pbuf_header
</UL>
<BR>[Calls]<UL><LI><a href="#[ab]">&gt;&gt;</a>&nbsp;&nbsp;&nbsp;time_init
<LI><a href="#[ae]">&gt;&gt;</a>&nbsp;&nbsp;&nbsp;sys_thread_new
<LI><a href="#[aa]">&gt;&gt;</a>&nbsp;&nbsp;&nbsp;ptpd_init
<LI><a href="#[9d]">&gt;&gt;</a>&nbsp;&nbsp;&nbsp;osKernelStart
<LI><a href="#[a5]">&gt;&gt;</a>&nbsp;&nbsp;&nbsp;osDelay
<LI><a href="#[ad]">&gt;&gt;</a>&nbsp;&nbsp;&nbsp;motorCtrl_Init
<LI><a href="#[ac]">&gt;&gt;</a>&nbsp;&nbsp;&nbsp;laserCloud_Init
<LI><a href="#[a9]">&gt;&gt;</a>&nbsp;&nbsp;&nbsp;LwIP_Init
<LI><a href="#[a8]">&gt;&gt;</a>&nbsp;&nbsp;&nbsp;ETH_BSP_Config
<LI><a href="#[a6]">&gt;&gt;</a>&nbsp;&nbsp;&nbsp;LED_Init
</UL>
<BR>[Address Reference Count : 1]<UL><LI> rtx_conf_cm.o(.data)
</UL>
<P><STRONG><a name="[94]"></a>SystemInit</STRONG> (Thumb, 88 bytes, Stack size 8 bytes, system_stm32f4xx.o(.text))
<BR><BR>[Stack]<UL><LI>Max Depth = 20<LI>Call Chain = SystemInit &rArr; SetSysClock
</UL>
<BR>[Calls]<UL><LI><a href="#[af]">&gt;&gt;</a>&nbsp;&nbsp;&nbsp;SetSysClock
</UL>
<BR>[Address Reference Count : 1]<UL><LI> startup_stm32f4xx.o(.text)
</UL>
<P><STRONG><a name="[3cd]"></a>SystemCoreClockUpdate</STRONG> (Thumb, 174 bytes, Stack size 16 bytes, system_stm32f4xx.o(.text), UNUSED)

<P><STRONG><a name="[9]"></a>NMI_Handler</STRONG> (Thumb, 2 bytes, Stack size 0 bytes, stm32f4xx_it.o(.text))
<BR>[Address Reference Count : 1]<UL><LI> startup_stm32f4xx.o(RESET)
</UL>
<P><STRONG><a name="[a]"></a>HardFault_Handler</STRONG> (Thumb, 4 bytes, Stack size 0 bytes, stm32f4xx_it.o(.text))
<BR>[Address Reference Count : 1]<UL><LI> startup_stm32f4xx.o(RESET)
</UL>
<P><STRONG><a name="[b]"></a>MemManage_Handler</STRONG> (Thumb, 4 bytes, Stack size 0 bytes, stm32f4xx_it.o(.text))
<BR>[Address Reference Count : 1]<UL><LI> startup_stm32f4xx.o(RESET)
</UL>
<P><STRONG><a name="[c]"></a>BusFault_Handler</STRONG> (Thumb, 4 bytes, Stack size 0 bytes, stm32f4xx_it.o(.text))
<BR>[Address Reference Count : 1]<UL><LI> startup_stm32f4xx.o(RESET)
</UL>
<P><STRONG><a name="[d]"></a>UsageFault_Handler</STRONG> (Thumb, 4 bytes, Stack size 0 bytes, stm32f4xx_it.o(.text))
<BR>[Address Reference Count : 1]<UL><LI> startup_stm32f4xx.o(RESET)
</UL>
<P><STRONG><a name="[f]"></a>DebugMon_Handler</STRONG> (Thumb, 2 bytes, Stack size 0 bytes, stm32f4xx_it.o(.text))
<BR>[Address Reference Count : 1]<UL><LI> startup_stm32f4xx.o(RESET)
</UL>
<P><STRONG><a name="[4f]"></a>ETH_IRQHandler</STRONG> (Thumb, 34 bytes, Stack size 8 bytes, stm32f4xx_it.o(.text))
<BR><BR>[Stack]<UL><LI>Max Depth = 72<LI>Call Chain = ETH_IRQHandler &rArr; sys_sem_signal &rArr; osSemaphoreRelease &rArr; isr_sem_send &rArr; rt_psq_enq
</UL>
<BR>[Calls]<UL><LI><a href="#[b1]">&gt;&gt;</a>&nbsp;&nbsp;&nbsp;sys_sem_signal
<LI><a href="#[b0]">&gt;&gt;</a>&nbsp;&nbsp;&nbsp;ETH_GetDMAFlagStatus
<LI><a href="#[b2]">&gt;&gt;</a>&nbsp;&nbsp;&nbsp;ETH_DMAClearITPendingBit
</UL>
<BR>[Address Reference Count : 1]<UL><LI> startup_stm32f4xx.o(RESET)
</UL>
<P><STRONG><a name="[39]"></a>USART3_IRQHandler</STRONG> (Thumb, 306 bytes, Stack size 16 bytes, stm32f4xx_it.o(.text))
<BR><BR>[Stack]<UL><LI>Max Depth = 44<LI>Call Chain = USART3_IRQHandler &rArr; ETH_PTPTime_GetTime &rArr; ETH_PTPSubSecond2NanoSecond
</UL>
<BR>[Calls]<UL><LI><a href="#[b3]">&gt;&gt;</a>&nbsp;&nbsp;&nbsp;ETH_PTPTime_GetTime
</UL>
<BR>[Address Reference Count : 1]<UL><LI> startup_stm32f4xx.o(RESET)
</UL>
<P><STRONG><a name="[3a]"></a>EXTI15_10_IRQHandler</STRONG> (Thumb, 72 bytes, Stack size 8 bytes, stm32f4xx_it.o(.text))
<BR><BR>[Stack]<UL><LI>Max Depth = 8<LI>Call Chain = EXTI15_10_IRQHandler
</UL>
<BR>[Calls]<UL><LI><a href="#[b4]">&gt;&gt;</a>&nbsp;&nbsp;&nbsp;EXTI_GetITStatus
<LI><a href="#[b6]">&gt;&gt;</a>&nbsp;&nbsp;&nbsp;EXTI_ClearITPendingBit
<LI><a href="#[b5]">&gt;&gt;</a>&nbsp;&nbsp;&nbsp;EXTI_ClearFlag
</UL>
<BR>[Address Reference Count : 1]<UL><LI> startup_stm32f4xx.o(RESET)
</UL>
<P><STRONG><a name="[1b]"></a>EXTI3_IRQHandler</STRONG> (Thumb, 50 bytes, Stack size 8 bytes, stm32f4xx_it.o(.text))
<BR><BR>[Stack]<UL><LI>Max Depth = 8<LI>Call Chain = EXTI3_IRQHandler
</UL>
<BR>[Calls]<UL><LI><a href="#[b6]">&gt;&gt;</a>&nbsp;&nbsp;&nbsp;EXTI_ClearITPendingBit
</UL>
<BR>[Address Reference Count : 1]<UL><LI> startup_stm32f4xx.o(RESET)
</UL>
<P><STRONG><a name="[a9]"></a>LwIP_Init</STRONG> (Thumb, 90 bytes, Stack size 32 bytes, netconf.o(.text))
<BR><BR>[Stack]<UL><LI>Max Depth = 424<LI>Call Chain = LwIP_Init &rArr; netif_add &rArr; netif_set_addr &rArr; netif_set_ipaddr &rArr; tcp_abort &rArr; tcp_abandon &rArr; tcp_pcb_remove &rArr; tcp_output &rArr; tcp_output_segment &rArr; ip_output &rArr; ip_output_if &rArr; ip_output_if_opt &rArr; pbuf_header
</UL>
<BR>[Calls]<UL><LI><a href="#[b7]">&gt;&gt;</a>&nbsp;&nbsp;&nbsp;tcpip_init
<LI><a href="#[ba]">&gt;&gt;</a>&nbsp;&nbsp;&nbsp;netif_set_up
<LI><a href="#[b9]">&gt;&gt;</a>&nbsp;&nbsp;&nbsp;netif_set_default
<LI><a href="#[b8]">&gt;&gt;</a>&nbsp;&nbsp;&nbsp;netif_add
</UL>
<BR>[Called By]<UL><LI><a href="#[7]">&gt;&gt;</a>&nbsp;&nbsp;&nbsp;main
</UL>

<P><STRONG><a name="[a8]"></a>ETH_BSP_Config</STRONG> (Thumb, 102 bytes, Stack size 8 bytes, stm32f4x7_eth_bsp.o(.text))
<BR><BR>[Stack]<UL><LI>Max Depth = 84<LI>Call Chain = ETH_BSP_Config &rArr; ETH_MACDMA_Config &rArr; ETH_Init &rArr; RCC_GetClocksFreq
</UL>
<BR>[Calls]<UL><LI><a href="#[cc]">&gt;&gt;</a>&nbsp;&nbsp;&nbsp;LCD_SetTextColor
<LI><a href="#[cd]">&gt;&gt;</a>&nbsp;&nbsp;&nbsp;LCD_GetFont
<LI><a href="#[ce]">&gt;&gt;</a>&nbsp;&nbsp;&nbsp;LCD_DisplayStringLine
<LI><a href="#[cb]">&gt;&gt;</a>&nbsp;&nbsp;&nbsp;ETH_ReadPHYRegister
<LI><a href="#[c6]">&gt;&gt;</a>&nbsp;&nbsp;&nbsp;ETH_GPIO_Config
<LI><a href="#[c3]">&gt;&gt;</a>&nbsp;&nbsp;&nbsp;ETH_NVIC_Config
<LI><a href="#[bb]">&gt;&gt;</a>&nbsp;&nbsp;&nbsp;ETH_MACDMA_Config
</UL>
<BR>[Called By]<UL><LI><a href="#[7]">&gt;&gt;</a>&nbsp;&nbsp;&nbsp;main
</UL>

<P><STRONG><a name="[cf]"></a>Eth_Link_PHYITConfig</STRONG> (Thumb, 70 bytes, Stack size 16 bytes, stm32f4x7_eth_bsp.o(.text), UNUSED)
<BR><BR>[Calls]<UL><LI><a href="#[d0]">&gt;&gt;</a>&nbsp;&nbsp;&nbsp;ETH_WritePHYRegister
<LI><a href="#[cb]">&gt;&gt;</a>&nbsp;&nbsp;&nbsp;ETH_ReadPHYRegister
</UL>

<P><STRONG><a name="[d1]"></a>Eth_Link_EXTIConfig</STRONG> (Thumb, 108 bytes, Stack size 24 bytes, stm32f4x7_eth_bsp.o(.text), UNUSED)
<BR><BR>[Calls]<UL><LI><a href="#[d2]">&gt;&gt;</a>&nbsp;&nbsp;&nbsp;SYSCFG_EXTILineConfig
<LI><a href="#[c7]">&gt;&gt;</a>&nbsp;&nbsp;&nbsp;RCC_APB2PeriphClockCmd
<LI><a href="#[bc]">&gt;&gt;</a>&nbsp;&nbsp;&nbsp;RCC_AHB1PeriphClockCmd
<LI><a href="#[c5]">&gt;&gt;</a>&nbsp;&nbsp;&nbsp;NVIC_Init
<LI><a href="#[c9]">&gt;&gt;</a>&nbsp;&nbsp;&nbsp;GPIO_Init
<LI><a href="#[d3]">&gt;&gt;</a>&nbsp;&nbsp;&nbsp;EXTI_Init
</UL>

<P><STRONG><a name="[d4]"></a>Eth_Link_ITHandler</STRONG> (Thumb, 54 bytes, Stack size 8 bytes, stm32f4x7_eth_bsp.o(.text), UNUSED)
<BR><BR>[Calls]<UL><LI><a href="#[d5]">&gt;&gt;</a>&nbsp;&nbsp;&nbsp;netif_set_link_up
<LI><a href="#[d6]">&gt;&gt;</a>&nbsp;&nbsp;&nbsp;netif_set_link_down
<LI><a href="#[cb]">&gt;&gt;</a>&nbsp;&nbsp;&nbsp;ETH_ReadPHYRegister
</UL>

<P><STRONG><a name="[d7]"></a>ETH_link_callback</STRONG> (Thumb, 416 bytes, Stack size 40 bytes, stm32f4x7_eth_bsp.o(.text), UNUSED)
<BR><BR>[Calls]<UL><LI><a href="#[dc]">&gt;&gt;</a>&nbsp;&nbsp;&nbsp;netif_set_down
<LI><a href="#[da]">&gt;&gt;</a>&nbsp;&nbsp;&nbsp;netif_set_addr
<LI><a href="#[cd]">&gt;&gt;</a>&nbsp;&nbsp;&nbsp;LCD_GetFont
<LI><a href="#[d8]">&gt;&gt;</a>&nbsp;&nbsp;&nbsp;LCD_ClearLine
<LI><a href="#[d0]">&gt;&gt;</a>&nbsp;&nbsp;&nbsp;ETH_WritePHYRegister
<LI><a href="#[db]">&gt;&gt;</a>&nbsp;&nbsp;&nbsp;ETH_Stop
<LI><a href="#[d9]">&gt;&gt;</a>&nbsp;&nbsp;&nbsp;ETH_Start
<LI><a href="#[cb]">&gt;&gt;</a>&nbsp;&nbsp;&nbsp;ETH_ReadPHYRegister
<LI><a href="#[ba]">&gt;&gt;</a>&nbsp;&nbsp;&nbsp;netif_set_up
</UL>

<P><STRONG><a name="[dd]"></a>time_queue_trypost</STRONG> (Thumb, 12 bytes, Stack size 8 bytes, timestamp.o(.text), UNUSED)
<BR><BR>[Calls]<UL><LI><a href="#[de]">&gt;&gt;</a>&nbsp;&nbsp;&nbsp;sys_mbox_trypost
</UL>

<P><STRONG><a name="[df]"></a>time_queue_fecth</STRONG> (Thumb, 14 bytes, Stack size 8 bytes, timestamp.o(.text), UNUSED)
<BR><BR>[Calls]<UL><LI><a href="#[e0]">&gt;&gt;</a>&nbsp;&nbsp;&nbsp;sys_arch_mbox_fetch
</UL>

<P><STRONG><a name="[e1]"></a>set_timeoffset</STRONG> (Thumb, 26 bytes, Stack size 16 bytes, timestamp.o(.text))
<BR><BR>[Stack]<UL><LI>Max Depth = 44<LI>Call Chain = set_timeoffset &rArr; ETH_PTPTime_GetTime &rArr; ETH_PTPSubSecond2NanoSecond
</UL>
<BR>[Calls]<UL><LI><a href="#[b3]">&gt;&gt;</a>&nbsp;&nbsp;&nbsp;ETH_PTPTime_GetTime
</UL>
<BR>[Called By]<UL><LI><a href="#[e2]">&gt;&gt;</a>&nbsp;&nbsp;&nbsp;datacollection_thread
</UL>

<P><STRONG><a name="[e2]"></a>datacollection_thread</STRONG> (Thumb, 150 bytes, Stack size 0 bytes, timestamp.o(.text))
<BR><BR>[Stack]<UL><LI>Max Depth = 44<LI>Call Chain = datacollection_thread &rArr; set_timeoffset &rArr; ETH_PTPTime_GetTime &rArr; ETH_PTPSubSecond2NanoSecond
</UL>
<BR>[Calls]<UL><LI><a href="#[e1]">&gt;&gt;</a>&nbsp;&nbsp;&nbsp;set_timeoffset
<LI><a href="#[e4]">&gt;&gt;</a>&nbsp;&nbsp;&nbsp;rt_tsk_unlock
<LI><a href="#[e3]">&gt;&gt;</a>&nbsp;&nbsp;&nbsp;rt_tsk_lock
<LI><a href="#[a5]">&gt;&gt;</a>&nbsp;&nbsp;&nbsp;osDelay
</UL>
<BR>[Address Reference Count : 1]<UL><LI> timestamp.o(.text)
</UL>
<P><STRONG><a name="[e5]"></a>timetest_callback</STRONG> (Thumb, 100 bytes, Stack size 32 bytes, timestamp.o(.text))
<BR><BR>[Stack]<UL><LI>Max Depth = 120<LI>Call Chain = timetest_callback &rArr; sys_mbox_trypost &rArr; osMessagePut &rArr; isrMessagePut &rArr; isr_mbx_send &rArr; rt_psq_enq
</UL>
<BR>[Calls]<UL><LI><a href="#[e8]">&gt;&gt;</a>&nbsp;&nbsp;&nbsp;sys_mutex_unlock
<LI><a href="#[e7]">&gt;&gt;</a>&nbsp;&nbsp;&nbsp;sys_mutex_lock
<LI><a href="#[de]">&gt;&gt;</a>&nbsp;&nbsp;&nbsp;sys_mbox_trypost
<LI><a href="#[e6]">&gt;&gt;</a>&nbsp;&nbsp;&nbsp;__2printf
</UL>
<BR>[Address Reference Count : 1]<UL><LI> timestamp.o(.text)
</UL>
<P><STRONG><a name="[e9]"></a>handletime</STRONG> (Thumb, 134 bytes, Stack size 16 bytes, timestamp.o(.text))
<BR><BR>[Stack]<UL><LI>Max Depth = 240<LI>Call Chain = handletime &rArr; udp_sendto &rArr; udp_sendto_if &rArr; pbuf_alloc &rArr; pbuf_free &rArr; memp_free &rArr; sys_arch_unprotect &rArr; __2printf
</UL>
<BR>[Calls]<UL><LI><a href="#[ec]">&gt;&gt;</a>&nbsp;&nbsp;&nbsp;udp_sendto
<LI><a href="#[eb]">&gt;&gt;</a>&nbsp;&nbsp;&nbsp;pbuf_take
<LI><a href="#[ea]">&gt;&gt;</a>&nbsp;&nbsp;&nbsp;pbuf_copy_partial
<LI><a href="#[e6]">&gt;&gt;</a>&nbsp;&nbsp;&nbsp;__2printf
</UL>
<BR>[Called By]<UL><LI><a href="#[ed]">&gt;&gt;</a>&nbsp;&nbsp;&nbsp;time_thread
</UL>

<P><STRONG><a name="[ed]"></a>time_thread</STRONG> (Thumb, 982 bytes, Stack size 112 bytes, timestamp.o(.text))
<BR><BR>[Stack]<UL><LI>Max Depth = 352<LI>Call Chain = time_thread &rArr; handletime &rArr; udp_sendto &rArr; udp_sendto_if &rArr; pbuf_alloc &rArr; pbuf_free &rArr; memp_free &rArr; sys_arch_unprotect &rArr; __2printf
</UL>
<BR>[Calls]<UL><LI><a href="#[ec]">&gt;&gt;</a>&nbsp;&nbsp;&nbsp;udp_sendto
<LI><a href="#[f0]">&gt;&gt;</a>&nbsp;&nbsp;&nbsp;udp_recv
<LI><a href="#[ee]">&gt;&gt;</a>&nbsp;&nbsp;&nbsp;udp_new
<LI><a href="#[f1]">&gt;&gt;</a>&nbsp;&nbsp;&nbsp;udp_bind
<LI><a href="#[e8]">&gt;&gt;</a>&nbsp;&nbsp;&nbsp;sys_mutex_unlock
<LI><a href="#[ef]">&gt;&gt;</a>&nbsp;&nbsp;&nbsp;sys_mutex_new
<LI><a href="#[e7]">&gt;&gt;</a>&nbsp;&nbsp;&nbsp;sys_mutex_lock
<LI><a href="#[e0]">&gt;&gt;</a>&nbsp;&nbsp;&nbsp;sys_arch_mbox_fetch
<LI><a href="#[eb]">&gt;&gt;</a>&nbsp;&nbsp;&nbsp;pbuf_take
<LI><a href="#[f3]">&gt;&gt;</a>&nbsp;&nbsp;&nbsp;pbuf_free
<LI><a href="#[f2]">&gt;&gt;</a>&nbsp;&nbsp;&nbsp;pbuf_alloc
<LI><a href="#[e9]">&gt;&gt;</a>&nbsp;&nbsp;&nbsp;handletime
<LI><a href="#[ae]">&gt;&gt;</a>&nbsp;&nbsp;&nbsp;sys_thread_new
<LI><a href="#[e6]">&gt;&gt;</a>&nbsp;&nbsp;&nbsp;__2printf
</UL>
<BR>[Address Reference Count : 1]<UL><LI> timestamp.o(.text)
</UL>
<P><STRONG><a name="[ab]"></a>time_init</STRONG> (Thumb, 38 bytes, Stack size 8 bytes, timestamp.o(.text))
<BR><BR>[Stack]<UL><LI>Max Depth = 144<LI>Call Chain = time_init &rArr; sys_thread_new &rArr; osThreadCreate &rArr; svcThreadCreate &rArr; rt_tsk_create &rArr; rt_init_context &rArr; rt_init_stack
</UL>
<BR>[Calls]<UL><LI><a href="#[f4]">&gt;&gt;</a>&nbsp;&nbsp;&nbsp;sys_mbox_new
<LI><a href="#[ae]">&gt;&gt;</a>&nbsp;&nbsp;&nbsp;sys_thread_new
<LI><a href="#[e6]">&gt;&gt;</a>&nbsp;&nbsp;&nbsp;__2printf
</UL>
<BR>[Called By]<UL><LI><a href="#[7]">&gt;&gt;</a>&nbsp;&nbsp;&nbsp;main
</UL>

<P><STRONG><a name="[101]"></a>laser_rec_trypost</STRONG> (Thumb, 12 bytes, Stack size 8 bytes, lasercloud.o(.text))
<BR><BR>[Stack]<UL><LI>Max Depth = 96<LI>Call Chain = laser_rec_trypost &rArr; sys_mbox_trypost &rArr; osMessagePut &rArr; isrMessagePut &rArr; isr_mbx_send &rArr; rt_psq_enq
</UL>
<BR>[Calls]<UL><LI><a href="#[de]">&gt;&gt;</a>&nbsp;&nbsp;&nbsp;sys_mbox_trypost
</UL>
<BR>[Called By]<UL><LI><a href="#[104]">&gt;&gt;</a>&nbsp;&nbsp;&nbsp;udplaser_callback
</UL>

<P><STRONG><a name="[102]"></a>laser_rec_fetch</STRONG> (Thumb, 14 bytes, Stack size 8 bytes, lasercloud.o(.text))
<BR><BR>[Stack]<UL><LI>Max Depth = 144<LI>Call Chain = laser_rec_fetch &rArr; sys_arch_mbox_fetch &rArr; osMessageGet &rArr; isr_mbx_receive &rArr; rt_psq_enq
</UL>
<BR>[Calls]<UL><LI><a href="#[e0]">&gt;&gt;</a>&nbsp;&nbsp;&nbsp;sys_arch_mbox_fetch
</UL>
<BR>[Called By]<UL><LI><a href="#[106]">&gt;&gt;</a>&nbsp;&nbsp;&nbsp;laserPointCloudForward_thread
</UL>

<P><STRONG><a name="[103]"></a>getCurTime</STRONG> (Thumb, 12 bytes, Stack size 8 bytes, lasercloud.o(.text), UNUSED)
<BR><BR>[Calls]<UL><LI><a href="#[b3]">&gt;&gt;</a>&nbsp;&nbsp;&nbsp;ETH_PTPTime_GetTime
</UL>

<P><STRONG><a name="[3ce]"></a>getInputTime</STRONG> (Thumb, 10 bytes, Stack size 0 bytes, lasercloud.o(.text), UNUSED)

<P><STRONG><a name="[104]"></a>udplaser_callback</STRONG> (Thumb, 88 bytes, Stack size 32 bytes, lasercloud.o(.text))
<BR><BR>[Stack]<UL><LI>Max Depth = 128<LI>Call Chain = udplaser_callback &rArr; laser_rec_trypost &rArr; sys_mbox_trypost &rArr; osMessagePut &rArr; isrMessagePut &rArr; isr_mbx_send &rArr; rt_psq_enq
</UL>
<BR>[Calls]<UL><LI><a href="#[101]">&gt;&gt;</a>&nbsp;&nbsp;&nbsp;laser_rec_trypost
<LI><a href="#[e8]">&gt;&gt;</a>&nbsp;&nbsp;&nbsp;sys_mutex_unlock
<LI><a href="#[e7]">&gt;&gt;</a>&nbsp;&nbsp;&nbsp;sys_mutex_lock
</UL>
<BR>[Address Reference Count : 1]<UL><LI> lasercloud.o(.text)
</UL>
<P><STRONG><a name="[107]"></a>headProcess</STRONG> (Thumb, 112 bytes, Stack size 12 bytes, lasercloud.o(.text))
<BR><BR>[Stack]<UL><LI>Max Depth = 12<LI>Call Chain = headProcess
</UL>
<BR>[Called By]<UL><LI><a href="#[106]">&gt;&gt;</a>&nbsp;&nbsp;&nbsp;laserPointCloudForward_thread
</UL>

<P><STRONG><a name="[105]"></a>cmdackpacket</STRONG> (Thumb, 110 bytes, Stack size 24 bytes, lasercloud.o(.text))
<BR><BR>[Stack]<UL><LI>Max Depth = 248<LI>Call Chain = cmdackpacket &rArr; udp_sendto &rArr; udp_sendto_if &rArr; pbuf_alloc &rArr; pbuf_free &rArr; memp_free &rArr; sys_arch_unprotect &rArr; __2printf
</UL>
<BR>[Calls]<UL><LI><a href="#[ec]">&gt;&gt;</a>&nbsp;&nbsp;&nbsp;udp_sendto
<LI><a href="#[eb]">&gt;&gt;</a>&nbsp;&nbsp;&nbsp;pbuf_take
<LI><a href="#[ea]">&gt;&gt;</a>&nbsp;&nbsp;&nbsp;pbuf_copy_partial
</UL>
<BR>[Called By]<UL><LI><a href="#[106]">&gt;&gt;</a>&nbsp;&nbsp;&nbsp;laserPointCloudForward_thread
</UL>

<P><STRONG><a name="[106]"></a>laserPointCloudForward_thread</STRONG> (Thumb, 300 bytes, Stack size 96 bytes, lasercloud.o(.text))
<BR><BR>[Stack]<UL><LI>Max Depth = 344<LI>Call Chain = laserPointCloudForward_thread &rArr; cmdackpacket &rArr; udp_sendto &rArr; udp_sendto_if &rArr; pbuf_alloc &rArr; pbuf_free &rArr; memp_free &rArr; sys_arch_unprotect &rArr; __2printf
</UL>
<BR>[Calls]<UL><LI><a href="#[105]">&gt;&gt;</a>&nbsp;&nbsp;&nbsp;cmdackpacket
<LI><a href="#[107]">&gt;&gt;</a>&nbsp;&nbsp;&nbsp;headProcess
<LI><a href="#[102]">&gt;&gt;</a>&nbsp;&nbsp;&nbsp;laser_rec_fetch
<LI><a href="#[f5]">&gt;&gt;</a>&nbsp;&nbsp;&nbsp;QEPInit
<LI><a href="#[ec]">&gt;&gt;</a>&nbsp;&nbsp;&nbsp;udp_sendto
<LI><a href="#[f0]">&gt;&gt;</a>&nbsp;&nbsp;&nbsp;udp_recv
<LI><a href="#[ee]">&gt;&gt;</a>&nbsp;&nbsp;&nbsp;udp_new
<LI><a href="#[f1]">&gt;&gt;</a>&nbsp;&nbsp;&nbsp;udp_bind
<LI><a href="#[e8]">&gt;&gt;</a>&nbsp;&nbsp;&nbsp;sys_mutex_unlock
<LI><a href="#[ef]">&gt;&gt;</a>&nbsp;&nbsp;&nbsp;sys_mutex_new
<LI><a href="#[e7]">&gt;&gt;</a>&nbsp;&nbsp;&nbsp;sys_mutex_lock
<LI><a href="#[f3]">&gt;&gt;</a>&nbsp;&nbsp;&nbsp;pbuf_free
<LI><a href="#[e6]">&gt;&gt;</a>&nbsp;&nbsp;&nbsp;__2printf
</UL>
<BR>[Address Reference Count : 1]<UL><LI> lasercloud.o(.text)
</UL>
<P><STRONG><a name="[ac]"></a>laserCloud_Init</STRONG> (Thumb, 42 bytes, Stack size 8 bytes, lasercloud.o(.text))
<BR><BR>[Stack]<UL><LI>Max Depth = 144<LI>Call Chain = laserCloud_Init &rArr; sys_thread_new &rArr; osThreadCreate &rArr; svcThreadCreate &rArr; rt_tsk_create &rArr; rt_init_context &rArr; rt_init_stack
</UL>
<BR>[Calls]<UL><LI><a href="#[f4]">&gt;&gt;</a>&nbsp;&nbsp;&nbsp;sys_mbox_new
<LI><a href="#[ae]">&gt;&gt;</a>&nbsp;&nbsp;&nbsp;sys_thread_new
<LI><a href="#[e6]">&gt;&gt;</a>&nbsp;&nbsp;&nbsp;__2printf
</UL>
<BR>[Called By]<UL><LI><a href="#[7]">&gt;&gt;</a>&nbsp;&nbsp;&nbsp;main
</UL>

<P><STRONG><a name="[113]"></a>udpcallback</STRONG> (Thumb, 100 bytes, Stack size 32 bytes, motorctrl.o(.text))
<BR><BR>[Stack]<UL><LI>Max Depth = 128<LI>Call Chain = udpcallback &rArr; motor_rec_trypost &rArr; sys_mbox_trypost &rArr; osMessagePut &rArr; isrMessagePut &rArr; isr_mbx_send &rArr; rt_psq_enq
</UL>
<BR>[Calls]<UL><LI><a href="#[e8]">&gt;&gt;</a>&nbsp;&nbsp;&nbsp;sys_mutex_unlock
<LI><a href="#[e7]">&gt;&gt;</a>&nbsp;&nbsp;&nbsp;sys_mutex_lock
<LI><a href="#[108]">&gt;&gt;</a>&nbsp;&nbsp;&nbsp;motor_rec_trypost
</UL>
<BR>[Address Reference Count : 1]<UL><LI> motorctrl.o(.text)
</UL>
<P><STRONG><a name="[114]"></a>motorCtrl_thread</STRONG> (Thumb, 256 bytes, Stack size 104 bytes, motorctrl.o(.text))
<BR><BR>[Stack]<UL><LI>Max Depth = 328<LI>Call Chain = motorCtrl_thread &rArr; udp_sendto &rArr; udp_sendto_if &rArr; pbuf_alloc &rArr; pbuf_free &rArr; memp_free &rArr; sys_arch_unprotect &rArr; __2printf
</UL>
<BR>[Calls]<UL><LI><a href="#[ec]">&gt;&gt;</a>&nbsp;&nbsp;&nbsp;udp_sendto
<LI><a href="#[f0]">&gt;&gt;</a>&nbsp;&nbsp;&nbsp;udp_recv
<LI><a href="#[ee]">&gt;&gt;</a>&nbsp;&nbsp;&nbsp;udp_new
<LI><a href="#[f1]">&gt;&gt;</a>&nbsp;&nbsp;&nbsp;udp_bind
<LI><a href="#[e8]">&gt;&gt;</a>&nbsp;&nbsp;&nbsp;sys_mutex_unlock
<LI><a href="#[ef]">&gt;&gt;</a>&nbsp;&nbsp;&nbsp;sys_mutex_new
<LI><a href="#[e7]">&gt;&gt;</a>&nbsp;&nbsp;&nbsp;sys_mutex_lock
<LI><a href="#[eb]">&gt;&gt;</a>&nbsp;&nbsp;&nbsp;pbuf_take
<LI><a href="#[f3]">&gt;&gt;</a>&nbsp;&nbsp;&nbsp;pbuf_free
<LI><a href="#[ea]">&gt;&gt;</a>&nbsp;&nbsp;&nbsp;pbuf_copy_partial
<LI><a href="#[10d]">&gt;&gt;</a>&nbsp;&nbsp;&nbsp;StepMotor_SpeedSet
<LI><a href="#[10e]">&gt;&gt;</a>&nbsp;&nbsp;&nbsp;PWMInit
<LI><a href="#[109]">&gt;&gt;</a>&nbsp;&nbsp;&nbsp;motor_rec_fetch
<LI><a href="#[e6]">&gt;&gt;</a>&nbsp;&nbsp;&nbsp;__2printf
</UL>
<BR>[Address Reference Count : 1]<UL><LI> motorctrl.o(.text)
</UL>
<P><STRONG><a name="[ad]"></a>motorCtrl_Init</STRONG> (Thumb, 40 bytes, Stack size 8 bytes, motorctrl.o(.text))
<BR><BR>[Stack]<UL><LI>Max Depth = 144<LI>Call Chain = motorCtrl_Init &rArr; sys_thread_new &rArr; osThreadCreate &rArr; svcThreadCreate &rArr; rt_tsk_create &rArr; rt_init_context &rArr; rt_init_stack
</UL>
<BR>[Calls]<UL><LI><a href="#[f4]">&gt;&gt;</a>&nbsp;&nbsp;&nbsp;sys_mbox_new
<LI><a href="#[ae]">&gt;&gt;</a>&nbsp;&nbsp;&nbsp;sys_thread_new
<LI><a href="#[e6]">&gt;&gt;</a>&nbsp;&nbsp;&nbsp;__2printf
</UL>
<BR>[Called By]<UL><LI><a href="#[7]">&gt;&gt;</a>&nbsp;&nbsp;&nbsp;main
</UL>

<P><STRONG><a name="[120]"></a>Delay_ns</STRONG> (Thumb, 42 bytes, Stack size 0 bytes, dev.o(.text), UNUSED)
<BR><BR>[Called By]<UL><LI><a href="#[11f]">&gt;&gt;</a>&nbsp;&nbsp;&nbsp;Delay_ms
</UL>

<P><STRONG><a name="[11f]"></a>Delay_ms</STRONG> (Thumb, 28 bytes, Stack size 4 bytes, dev.o(.text), UNUSED)
<BR><BR>[Calls]<UL><LI><a href="#[120]">&gt;&gt;</a>&nbsp;&nbsp;&nbsp;Delay_ns
</UL>

<P><STRONG><a name="[10c]"></a>StepMotor_Stop</STRONG> (Thumb, 28 bytes, Stack size 0 bytes, dev.o(.text))
<BR><BR>[Called By]<UL><LI><a href="#[3]">&gt;&gt;</a>&nbsp;&nbsp;&nbsp;motor_stop
</UL>

<P><STRONG><a name="[10a]"></a>StepMotor_Run</STRONG> (Thumb, 28 bytes, Stack size 0 bytes, dev.o(.text))
<BR><BR>[Called By]<UL><LI><a href="#[2]">&gt;&gt;</a>&nbsp;&nbsp;&nbsp;motor_run
</UL>

<P><STRONG><a name="[121]"></a>motorDecelerateSpeed</STRONG> (Thumb, 524 bytes, Stack size 56 bytes, dev.o(.text))
<BR><BR>[Stack]<UL><LI>Max Depth = 128<LI>Call Chain = motorDecelerateSpeed &rArr; __hardfp_sqrt &rArr; _dsqrt &rArr; _double_round
</UL>
<BR>[Calls]<UL><LI><a href="#[122]">&gt;&gt;</a>&nbsp;&nbsp;&nbsp;__aeabi_f2d
<LI><a href="#[124]">&gt;&gt;</a>&nbsp;&nbsp;&nbsp;__aeabi_d2f
<LI><a href="#[123]">&gt;&gt;</a>&nbsp;&nbsp;&nbsp;__hardfp_sqrt
</UL>
<BR>[Called By]<UL><LI><a href="#[10d]">&gt;&gt;</a>&nbsp;&nbsp;&nbsp;StepMotor_SpeedSet
</UL>

<P><STRONG><a name="[125]"></a>motorAccelerateSpeed</STRONG> (Thumb, 442 bytes, Stack size 56 bytes, dev.o(.text))
<BR><BR>[Stack]<UL><LI>Max Depth = 128<LI>Call Chain = motorAccelerateSpeed &rArr; __hardfp_sqrt &rArr; _dsqrt &rArr; _double_round
</UL>
<BR>[Calls]<UL><LI><a href="#[122]">&gt;&gt;</a>&nbsp;&nbsp;&nbsp;__aeabi_f2d
<LI><a href="#[124]">&gt;&gt;</a>&nbsp;&nbsp;&nbsp;__aeabi_d2f
<LI><a href="#[123]">&gt;&gt;</a>&nbsp;&nbsp;&nbsp;__hardfp_sqrt
</UL>
<BR>[Called By]<UL><LI><a href="#[10d]">&gt;&gt;</a>&nbsp;&nbsp;&nbsp;StepMotor_SpeedSet
</UL>

<P><STRONG><a name="[10d]"></a>StepMotor_SpeedSet</STRONG> (Thumb, 86 bytes, Stack size 32 bytes, dev.o(.text))
<BR><BR>[Stack]<UL><LI>Max Depth = 160<LI>Call Chain = StepMotor_SpeedSet &rArr; motorAccelerateSpeed &rArr; __hardfp_sqrt &rArr; _dsqrt &rArr; _double_round
</UL>
<BR>[Calls]<UL><LI><a href="#[122]">&gt;&gt;</a>&nbsp;&nbsp;&nbsp;__aeabi_f2d
<LI><a href="#[126]">&gt;&gt;</a>&nbsp;&nbsp;&nbsp;__aeabi_dmul
<LI><a href="#[124]">&gt;&gt;</a>&nbsp;&nbsp;&nbsp;__aeabi_d2f
<LI><a href="#[125]">&gt;&gt;</a>&nbsp;&nbsp;&nbsp;motorAccelerateSpeed
<LI><a href="#[121]">&gt;&gt;</a>&nbsp;&nbsp;&nbsp;motorDecelerateSpeed
</UL>
<BR>[Called By]<UL><LI><a href="#[114]">&gt;&gt;</a>&nbsp;&nbsp;&nbsp;motorCtrl_thread
<LI><a href="#[5]">&gt;&gt;</a>&nbsp;&nbsp;&nbsp;motor_spd_set
</UL>

<P><STRONG><a name="[127]"></a>SysTickInit</STRONG> (Thumb, 106 bytes, Stack size 24 bytes, dev.o(.text), UNUSED)
<BR><BR>[Calls]<UL><LI><a href="#[128]">&gt;&gt;</a>&nbsp;&nbsp;&nbsp;SysTick_CLKSourceConfig
<LI><a href="#[129]">&gt;&gt;</a>&nbsp;&nbsp;&nbsp;RCC_GetClocksFreq
<LI><a href="#[119]">&gt;&gt;</a>&nbsp;&nbsp;&nbsp;NVIC_SetPriority
</UL>

<P><STRONG><a name="[12a]"></a>dev_Init</STRONG> (Thumb, 12 bytes, Stack size 8 bytes, dev.o(.text), UNUSED)
<BR><BR>[Calls]<UL><LI><a href="#[11e]">&gt;&gt;</a>&nbsp;&nbsp;&nbsp;Timer6Init
<LI><a href="#[11d]">&gt;&gt;</a>&nbsp;&nbsp;&nbsp;Timer7Init
</UL>

<P><STRONG><a name="[12b]"></a>scaledNanosecondsToInternalTime</STRONG> (Thumb, 88 bytes, Stack size 24 bytes, arith.o(.text))
<BR><BR>[Stack]<UL><LI>Max Depth = 88<LI>Call Chain = scaledNanosecondsToInternalTime &rArr; __aeabi_ldivmod &rArr; __aeabi_uldivmod
</UL>
<BR>[Calls]<UL><LI><a href="#[12c]">&gt;&gt;</a>&nbsp;&nbsp;&nbsp;__aeabi_ldivmod
</UL>
<BR>[Called By]<UL><LI><a href="#[169]">&gt;&gt;</a>&nbsp;&nbsp;&nbsp;handleSync
<LI><a href="#[165]">&gt;&gt;</a>&nbsp;&nbsp;&nbsp;handleFollowUp
<LI><a href="#[158]">&gt;&gt;</a>&nbsp;&nbsp;&nbsp;handleDelayResp
<LI><a href="#[156]">&gt;&gt;</a>&nbsp;&nbsp;&nbsp;handlePDelayResp
<LI><a href="#[152]">&gt;&gt;</a>&nbsp;&nbsp;&nbsp;handlePDelayRespFollowUp
</UL>

<P><STRONG><a name="[14a]"></a>fromInternalTime</STRONG> (Thumb, 34 bytes, Stack size 0 bytes, arith.o(.text))
<BR><BR>[Called By]<UL><LI><a href="#[178]">&gt;&gt;</a>&nbsp;&nbsp;&nbsp;issueSync
<LI><a href="#[176]">&gt;&gt;</a>&nbsp;&nbsp;&nbsp;issueFollowup
<LI><a href="#[161]">&gt;&gt;</a>&nbsp;&nbsp;&nbsp;issueDelayResp
<LI><a href="#[15e]">&gt;&gt;</a>&nbsp;&nbsp;&nbsp;issuePDelayResp
<LI><a href="#[15b]">&gt;&gt;</a>&nbsp;&nbsp;&nbsp;issuePDelayRespFollowUp
<LI><a href="#[14d]">&gt;&gt;</a>&nbsp;&nbsp;&nbsp;issueDelayReq
<LI><a href="#[148]">&gt;&gt;</a>&nbsp;&nbsp;&nbsp;issuePDelayReq
</UL>

<P><STRONG><a name="[154]"></a>toInternalTime</STRONG> (Thumb, 26 bytes, Stack size 0 bytes, arith.o(.text))
<BR><BR>[Called By]<UL><LI><a href="#[169]">&gt;&gt;</a>&nbsp;&nbsp;&nbsp;handleSync
<LI><a href="#[165]">&gt;&gt;</a>&nbsp;&nbsp;&nbsp;handleFollowUp
<LI><a href="#[158]">&gt;&gt;</a>&nbsp;&nbsp;&nbsp;handleDelayResp
<LI><a href="#[156]">&gt;&gt;</a>&nbsp;&nbsp;&nbsp;handlePDelayResp
<LI><a href="#[152]">&gt;&gt;</a>&nbsp;&nbsp;&nbsp;handlePDelayRespFollowUp
</UL>

<P><STRONG><a name="[12e]"></a>normalizeTime</STRONG> (Thumb, 90 bytes, Stack size 0 bytes, arith.o(.text))
<BR><BR>[Called By]<UL><LI><a href="#[130]">&gt;&gt;</a>&nbsp;&nbsp;&nbsp;div2Time
<LI><a href="#[12f]">&gt;&gt;</a>&nbsp;&nbsp;&nbsp;subTime
<LI><a href="#[12d]">&gt;&gt;</a>&nbsp;&nbsp;&nbsp;addTime
</UL>

<P><STRONG><a name="[12d]"></a>addTime</STRONG> (Thumb, 32 bytes, Stack size 12 bytes, arith.o(.text))
<BR><BR>[Stack]<UL><LI>Max Depth = 12<LI>Call Chain = addTime
</UL>
<BR>[Calls]<UL><LI><a href="#[12e]">&gt;&gt;</a>&nbsp;&nbsp;&nbsp;normalizeTime
</UL>
<BR>[Called By]<UL><LI><a href="#[155]">&gt;&gt;</a>&nbsp;&nbsp;&nbsp;updatePeerDelay
<LI><a href="#[15a]">&gt;&gt;</a>&nbsp;&nbsp;&nbsp;updateDelay
<LI><a href="#[178]">&gt;&gt;</a>&nbsp;&nbsp;&nbsp;issueSync
<LI><a href="#[165]">&gt;&gt;</a>&nbsp;&nbsp;&nbsp;handleFollowUp
<LI><a href="#[15e]">&gt;&gt;</a>&nbsp;&nbsp;&nbsp;issuePDelayResp
<LI><a href="#[152]">&gt;&gt;</a>&nbsp;&nbsp;&nbsp;handlePDelayRespFollowUp
<LI><a href="#[14d]">&gt;&gt;</a>&nbsp;&nbsp;&nbsp;issueDelayReq
<LI><a href="#[148]">&gt;&gt;</a>&nbsp;&nbsp;&nbsp;issuePDelayReq
</UL>

<P><STRONG><a name="[12f]"></a>subTime</STRONG> (Thumb, 32 bytes, Stack size 12 bytes, arith.o(.text))
<BR><BR>[Stack]<UL><LI>Max Depth = 12<LI>Call Chain = subTime
</UL>
<BR>[Calls]<UL><LI><a href="#[12e]">&gt;&gt;</a>&nbsp;&nbsp;&nbsp;normalizeTime
</UL>
<BR>[Called By]<UL><LI><a href="#[155]">&gt;&gt;</a>&nbsp;&nbsp;&nbsp;updatePeerDelay
<LI><a href="#[167]">&gt;&gt;</a>&nbsp;&nbsp;&nbsp;updateOffset
<LI><a href="#[15a]">&gt;&gt;</a>&nbsp;&nbsp;&nbsp;updateDelay
<LI><a href="#[168]">&gt;&gt;</a>&nbsp;&nbsp;&nbsp;updateClock
<LI><a href="#[16d]">&gt;&gt;</a>&nbsp;&nbsp;&nbsp;handle
</UL>

<P><STRONG><a name="[130]"></a>div2Time</STRONG> (Thumb, 56 bytes, Stack size 4 bytes, arith.o(.text))
<BR><BR>[Stack]<UL><LI>Max Depth = 4<LI>Call Chain = div2Time
</UL>
<BR>[Calls]<UL><LI><a href="#[12e]">&gt;&gt;</a>&nbsp;&nbsp;&nbsp;normalizeTime
</UL>
<BR>[Called By]<UL><LI><a href="#[155]">&gt;&gt;</a>&nbsp;&nbsp;&nbsp;updatePeerDelay
<LI><a href="#[15a]">&gt;&gt;</a>&nbsp;&nbsp;&nbsp;updateDelay
</UL>

<P><STRONG><a name="[192]"></a>floorLog2</STRONG> (Thumb, 54 bytes, Stack size 0 bytes, arith.o(.text))
<BR><BR>[Called By]<UL><LI><a href="#[191]">&gt;&gt;</a>&nbsp;&nbsp;&nbsp;order
</UL>

<P><STRONG><a name="[132]"></a>EUI48toEUI64</STRONG> (Thumb, 34 bytes, Stack size 0 bytes, bmc.o(.text))
<BR><BR>[Called By]<UL><LI><a href="#[131]">&gt;&gt;</a>&nbsp;&nbsp;&nbsp;initData
</UL>

<P><STRONG><a name="[131]"></a>initData</STRONG> (Thumb, 206 bytes, Stack size 8 bytes, bmc.o(.text))
<BR><BR>[Stack]<UL><LI>Max Depth = 8<LI>Call Chain = initData
</UL>
<BR>[Calls]<UL><LI><a href="#[132]">&gt;&gt;</a>&nbsp;&nbsp;&nbsp;EUI48toEUI64
</UL>
<BR>[Called By]<UL><LI><a href="#[143]">&gt;&gt;</a>&nbsp;&nbsp;&nbsp;doInit
</UL>

<P><STRONG><a name="[133]"></a>isSamePortIdentity</STRONG> (Thumb, 38 bytes, Stack size 16 bytes, bmc.o(.text))
<BR><BR>[Stack]<UL><LI>Max Depth = 28<LI>Call Chain = isSamePortIdentity &rArr; memcmp
</UL>
<BR>[Calls]<UL><LI><a href="#[134]">&gt;&gt;</a>&nbsp;&nbsp;&nbsp;memcmp
</UL>
<BR>[Called By]<UL><LI><a href="#[16d]">&gt;&gt;</a>&nbsp;&nbsp;&nbsp;handle
<LI><a href="#[16b]">&gt;&gt;</a>&nbsp;&nbsp;&nbsp;handleAnnounce
<LI><a href="#[169]">&gt;&gt;</a>&nbsp;&nbsp;&nbsp;handleSync
<LI><a href="#[165]">&gt;&gt;</a>&nbsp;&nbsp;&nbsp;handleFollowUp
<LI><a href="#[158]">&gt;&gt;</a>&nbsp;&nbsp;&nbsp;handleDelayResp
<LI><a href="#[156]">&gt;&gt;</a>&nbsp;&nbsp;&nbsp;handlePDelayResp
<LI><a href="#[137]">&gt;&gt;</a>&nbsp;&nbsp;&nbsp;s1
<LI><a href="#[135]">&gt;&gt;</a>&nbsp;&nbsp;&nbsp;addForeign
</UL>

<P><STRONG><a name="[135]"></a>addForeign</STRONG> (Thumb, 342 bytes, Stack size 32 bytes, bmc.o(.text))
<BR><BR>[Stack]<UL><LI>Max Depth = 60<LI>Call Chain = addForeign &rArr; isSamePortIdentity &rArr; memcmp
</UL>
<BR>[Calls]<UL><LI><a href="#[133]">&gt;&gt;</a>&nbsp;&nbsp;&nbsp;isSamePortIdentity
<LI><a href="#[136]">&gt;&gt;</a>&nbsp;&nbsp;&nbsp;__aeabi_memcpy4
</UL>
<BR>[Called By]<UL><LI><a href="#[16b]">&gt;&gt;</a>&nbsp;&nbsp;&nbsp;handleAnnounce
</UL>

<P><STRONG><a name="[13b]"></a>m1</STRONG> (Thumb, 114 bytes, Stack size 0 bytes, bmc.o(.text))
<BR><BR>[Called By]<UL><LI><a href="#[17a]">&gt;&gt;</a>&nbsp;&nbsp;&nbsp;doState
<LI><a href="#[143]">&gt;&gt;</a>&nbsp;&nbsp;&nbsp;doInit
<LI><a href="#[139]">&gt;&gt;</a>&nbsp;&nbsp;&nbsp;bmcStateDecision
</UL>

<P><STRONG><a name="[13c]"></a>p1</STRONG> (Thumb, 2 bytes, Stack size 0 bytes, bmc.o(.text))
<BR><BR>[Called By]<UL><LI><a href="#[139]">&gt;&gt;</a>&nbsp;&nbsp;&nbsp;bmcStateDecision
</UL>

<P><STRONG><a name="[137]"></a>s1</STRONG> (Thumb, 186 bytes, Stack size 24 bytes, bmc.o(.text))
<BR><BR>[Stack]<UL><LI>Max Depth = 52<LI>Call Chain = s1 &rArr; isSamePortIdentity &rArr; memcmp
</UL>
<BR>[Calls]<UL><LI><a href="#[133]">&gt;&gt;</a>&nbsp;&nbsp;&nbsp;isSamePortIdentity
</UL>
<BR>[Called By]<UL><LI><a href="#[16b]">&gt;&gt;</a>&nbsp;&nbsp;&nbsp;handleAnnounce
<LI><a href="#[139]">&gt;&gt;</a>&nbsp;&nbsp;&nbsp;bmcStateDecision
</UL>

<P><STRONG><a name="[13a]"></a>copyD0</STRONG> (Thumb, 56 bytes, Stack size 8 bytes, bmc.o(.text))
<BR><BR>[Stack]<UL><LI>Max Depth = 8<LI>Call Chain = copyD0
</UL>
<BR>[Called By]<UL><LI><a href="#[139]">&gt;&gt;</a>&nbsp;&nbsp;&nbsp;bmcStateDecision
</UL>

<P><STRONG><a name="[138]"></a>bmcDataSetComparison</STRONG> (Thumb, 376 bytes, Stack size 32 bytes, bmc.o(.text))
<BR><BR>[Stack]<UL><LI>Max Depth = 44<LI>Call Chain = bmcDataSetComparison &rArr; memcmp
</UL>
<BR>[Calls]<UL><LI><a href="#[134]">&gt;&gt;</a>&nbsp;&nbsp;&nbsp;memcmp
</UL>
<BR>[Called By]<UL><LI><a href="#[13d]">&gt;&gt;</a>&nbsp;&nbsp;&nbsp;bmc
<LI><a href="#[139]">&gt;&gt;</a>&nbsp;&nbsp;&nbsp;bmcStateDecision
</UL>

<P><STRONG><a name="[139]"></a>bmcStateDecision</STRONG> (Thumb, 116 bytes, Stack size 24 bytes, bmc.o(.text))
<BR><BR>[Stack]<UL><LI>Max Depth = 76<LI>Call Chain = bmcStateDecision &rArr; s1 &rArr; isSamePortIdentity &rArr; memcmp
</UL>
<BR>[Calls]<UL><LI><a href="#[138]">&gt;&gt;</a>&nbsp;&nbsp;&nbsp;bmcDataSetComparison
<LI><a href="#[13a]">&gt;&gt;</a>&nbsp;&nbsp;&nbsp;copyD0
<LI><a href="#[137]">&gt;&gt;</a>&nbsp;&nbsp;&nbsp;s1
<LI><a href="#[13c]">&gt;&gt;</a>&nbsp;&nbsp;&nbsp;p1
<LI><a href="#[13b]">&gt;&gt;</a>&nbsp;&nbsp;&nbsp;m1
</UL>
<BR>[Called By]<UL><LI><a href="#[13d]">&gt;&gt;</a>&nbsp;&nbsp;&nbsp;bmc
</UL>

<P><STRONG><a name="[13d]"></a>bmc</STRONG> (Thumb, 154 bytes, Stack size 24 bytes, bmc.o(.text))
<BR><BR>[Stack]<UL><LI>Max Depth = 100<LI>Call Chain = bmc &rArr; bmcStateDecision &rArr; s1 &rArr; isSamePortIdentity &rArr; memcmp
</UL>
<BR>[Calls]<UL><LI><a href="#[139]">&gt;&gt;</a>&nbsp;&nbsp;&nbsp;bmcStateDecision
<LI><a href="#[138]">&gt;&gt;</a>&nbsp;&nbsp;&nbsp;bmcDataSetComparison
</UL>
<BR>[Called By]<UL><LI><a href="#[17a]">&gt;&gt;</a>&nbsp;&nbsp;&nbsp;doState
</UL>

<P><STRONG><a name="[13e]"></a>toState</STRONG> (Thumb, 768 bytes, Stack size 16 bytes, protocol.o(.text))
<BR><BR>[Stack]<UL><LI>Max Depth = 128<LI>Call Chain = toState &rArr; initClock &rArr; netEmptyEventQ &rArr; netQEmpty &rArr; pbuf_free &rArr; memp_free &rArr; sys_arch_unprotect &rArr; __2printf
</UL>
<BR>[Calls]<UL><LI><a href="#[140]">&gt;&gt;</a>&nbsp;&nbsp;&nbsp;timerStop
<LI><a href="#[141]">&gt;&gt;</a>&nbsp;&nbsp;&nbsp;timerStart
<LI><a href="#[13f]">&gt;&gt;</a>&nbsp;&nbsp;&nbsp;initClock
<LI><a href="#[142]">&gt;&gt;</a>&nbsp;&nbsp;&nbsp;getRand
</UL>
<BR>[Called By]<UL><LI><a href="#[17b]">&gt;&gt;</a>&nbsp;&nbsp;&nbsp;ptpdStartup
<LI><a href="#[17a]">&gt;&gt;</a>&nbsp;&nbsp;&nbsp;doState
<LI><a href="#[178]">&gt;&gt;</a>&nbsp;&nbsp;&nbsp;issueSync
<LI><a href="#[176]">&gt;&gt;</a>&nbsp;&nbsp;&nbsp;issueFollowup
<LI><a href="#[174]">&gt;&gt;</a>&nbsp;&nbsp;&nbsp;issueAnnounce
<LI><a href="#[16d]">&gt;&gt;</a>&nbsp;&nbsp;&nbsp;handle
<LI><a href="#[16b]">&gt;&gt;</a>&nbsp;&nbsp;&nbsp;handleAnnounce
<LI><a href="#[169]">&gt;&gt;</a>&nbsp;&nbsp;&nbsp;handleSync
<LI><a href="#[165]">&gt;&gt;</a>&nbsp;&nbsp;&nbsp;handleFollowUp
<LI><a href="#[164]">&gt;&gt;</a>&nbsp;&nbsp;&nbsp;handleDelayReq
<LI><a href="#[161]">&gt;&gt;</a>&nbsp;&nbsp;&nbsp;issueDelayResp
<LI><a href="#[160]">&gt;&gt;</a>&nbsp;&nbsp;&nbsp;handlePDelayReq
<LI><a href="#[15e]">&gt;&gt;</a>&nbsp;&nbsp;&nbsp;issuePDelayResp
<LI><a href="#[15b]">&gt;&gt;</a>&nbsp;&nbsp;&nbsp;issuePDelayRespFollowUp
<LI><a href="#[158]">&gt;&gt;</a>&nbsp;&nbsp;&nbsp;handleDelayResp
<LI><a href="#[156]">&gt;&gt;</a>&nbsp;&nbsp;&nbsp;handlePDelayResp
<LI><a href="#[152]">&gt;&gt;</a>&nbsp;&nbsp;&nbsp;handlePDelayRespFollowUp
<LI><a href="#[14d]">&gt;&gt;</a>&nbsp;&nbsp;&nbsp;issueDelayReq
<LI><a href="#[148]">&gt;&gt;</a>&nbsp;&nbsp;&nbsp;issuePDelayReq
</UL>

<P><STRONG><a name="[17a]"></a>doState</STRONG> (Thumb, 582 bytes, Stack size 8 bytes, protocol.o(.text))
<BR><BR>[Stack]<UL><LI>Max Depth = 400<LI>Call Chain = doState &rArr; handle &rArr; handleSync &rArr; issueDelayReqTimerExpired &rArr; issueDelayReq &rArr; netSendEvent &rArr; netSend &rArr; udp_sendto &rArr; udp_sendto_if &rArr; pbuf_alloc &rArr; pbuf_free &rArr; memp_free &rArr; sys_arch_unprotect &rArr; __2printf
</UL>
<BR>[Calls]<UL><LI><a href="#[151]">&gt;&gt;</a>&nbsp;&nbsp;&nbsp;timerExpired
<LI><a href="#[13e]">&gt;&gt;</a>&nbsp;&nbsp;&nbsp;toState
<LI><a href="#[178]">&gt;&gt;</a>&nbsp;&nbsp;&nbsp;issueSync
<LI><a href="#[174]">&gt;&gt;</a>&nbsp;&nbsp;&nbsp;issueAnnounce
<LI><a href="#[16d]">&gt;&gt;</a>&nbsp;&nbsp;&nbsp;handle
<LI><a href="#[150]">&gt;&gt;</a>&nbsp;&nbsp;&nbsp;issueDelayReqTimerExpired
<LI><a href="#[143]">&gt;&gt;</a>&nbsp;&nbsp;&nbsp;doInit
<LI><a href="#[13d]">&gt;&gt;</a>&nbsp;&nbsp;&nbsp;bmc
<LI><a href="#[13b]">&gt;&gt;</a>&nbsp;&nbsp;&nbsp;m1
</UL>
<BR>[Called By]<UL><LI><a href="#[68]">&gt;&gt;</a>&nbsp;&nbsp;&nbsp;ptpd_thread
</UL>

<P><STRONG><a name="[17c]"></a>ptpd_alert</STRONG> (Thumb, 12 bytes, Stack size 8 bytes, ptpd.o(.text))
<BR><BR>[Stack]<UL><LI>Max Depth = 96<LI>Call Chain = ptpd_alert &rArr; sys_mbox_trypost &rArr; osMessagePut &rArr; isrMessagePut &rArr; isr_mbx_send &rArr; rt_psq_enq
</UL>
<BR>[Calls]<UL><LI><a href="#[de]">&gt;&gt;</a>&nbsp;&nbsp;&nbsp;sys_mbox_trypost
</UL>
<BR>[Called By]<UL><LI><a href="#[6b]">&gt;&gt;</a>&nbsp;&nbsp;&nbsp;timerCallback
<LI><a href="#[6a]">&gt;&gt;</a>&nbsp;&nbsp;&nbsp;netRecvGeneralCallback
<LI><a href="#[69]">&gt;&gt;</a>&nbsp;&nbsp;&nbsp;netRecvEventCallback
</UL>

<P><STRONG><a name="[aa]"></a>ptpd_init</STRONG> (Thumb, 36 bytes, Stack size 8 bytes, ptpd.o(.text))
<BR><BR>[Stack]<UL><LI>Max Depth = 144<LI>Call Chain = ptpd_init &rArr; sys_thread_new &rArr; osThreadCreate &rArr; svcThreadCreate &rArr; rt_tsk_create &rArr; rt_init_context &rArr; rt_init_stack
</UL>
<BR>[Calls]<UL><LI><a href="#[f4]">&gt;&gt;</a>&nbsp;&nbsp;&nbsp;sys_mbox_new
<LI><a href="#[ae]">&gt;&gt;</a>&nbsp;&nbsp;&nbsp;sys_thread_new
<LI><a href="#[e6]">&gt;&gt;</a>&nbsp;&nbsp;&nbsp;__2printf
</UL>
<BR>[Called By]<UL><LI><a href="#[7]">&gt;&gt;</a>&nbsp;&nbsp;&nbsp;main
</UL>

<P><STRONG><a name="[171]"></a>msgUnpackHeader</STRONG> (Thumb, 146 bytes, Stack size 24 bytes, msg.o(.text))
<BR><BR>[Stack]<UL><LI>Max Depth = 24<LI>Call Chain = msgUnpackHeader
</UL>
<BR>[Calls]<UL><LI><a href="#[17d]">&gt;&gt;</a>&nbsp;&nbsp;&nbsp;lwip_htons
<LI><a href="#[17e]">&gt;&gt;</a>&nbsp;&nbsp;&nbsp;lwip_htonl
</UL>
<BR>[Called By]<UL><LI><a href="#[16d]">&gt;&gt;</a>&nbsp;&nbsp;&nbsp;handle
</UL>

<P><STRONG><a name="[147]"></a>msgPackHeader</STRONG> (Thumb, 64 bytes, Stack size 16 bytes, msg.o(.text))
<BR><BR>[Stack]<UL><LI>Max Depth = 16<LI>Call Chain = msgPackHeader
</UL>
<BR>[Calls]<UL><LI><a href="#[17d]">&gt;&gt;</a>&nbsp;&nbsp;&nbsp;lwip_htons
</UL>
<BR>[Called By]<UL><LI><a href="#[143]">&gt;&gt;</a>&nbsp;&nbsp;&nbsp;doInit
</UL>

<P><STRONG><a name="[175]"></a>msgPackAnnounce</STRONG> (Thumb, 150 bytes, Stack size 16 bytes, msg.o(.text))
<BR><BR>[Stack]<UL><LI>Max Depth = 16<LI>Call Chain = msgPackAnnounce
</UL>
<BR>[Calls]<UL><LI><a href="#[17d]">&gt;&gt;</a>&nbsp;&nbsp;&nbsp;lwip_htons
</UL>
<BR>[Called By]<UL><LI><a href="#[174]">&gt;&gt;</a>&nbsp;&nbsp;&nbsp;issueAnnounce
</UL>

<P><STRONG><a name="[16c]"></a>msgUnpackAnnounce</STRONG> (Thumb, 116 bytes, Stack size 16 bytes, msg.o(.text))
<BR><BR>[Stack]<UL><LI>Max Depth = 16<LI>Call Chain = msgUnpackAnnounce
</UL>
<BR>[Calls]<UL><LI><a href="#[17d]">&gt;&gt;</a>&nbsp;&nbsp;&nbsp;lwip_htons
<LI><a href="#[17e]">&gt;&gt;</a>&nbsp;&nbsp;&nbsp;lwip_htonl
</UL>
<BR>[Called By]<UL><LI><a href="#[16b]">&gt;&gt;</a>&nbsp;&nbsp;&nbsp;handleAnnounce
</UL>

<P><STRONG><a name="[179]"></a>msgPackSync</STRONG> (Thumb, 92 bytes, Stack size 16 bytes, msg.o(.text))
<BR><BR>[Stack]<UL><LI>Max Depth = 16<LI>Call Chain = msgPackSync
</UL>
<BR>[Calls]<UL><LI><a href="#[17d]">&gt;&gt;</a>&nbsp;&nbsp;&nbsp;lwip_htons
<LI><a href="#[17e]">&gt;&gt;</a>&nbsp;&nbsp;&nbsp;lwip_htonl
</UL>
<BR>[Called By]<UL><LI><a href="#[178]">&gt;&gt;</a>&nbsp;&nbsp;&nbsp;issueSync
</UL>

<P><STRONG><a name="[16a]"></a>msgUnpackSync</STRONG> (Thumb, 34 bytes, Stack size 16 bytes, msg.o(.text))
<BR><BR>[Stack]<UL><LI>Max Depth = 16<LI>Call Chain = msgUnpackSync
</UL>
<BR>[Calls]<UL><LI><a href="#[17d]">&gt;&gt;</a>&nbsp;&nbsp;&nbsp;lwip_htons
<LI><a href="#[17e]">&gt;&gt;</a>&nbsp;&nbsp;&nbsp;lwip_htonl
</UL>
<BR>[Called By]<UL><LI><a href="#[169]">&gt;&gt;</a>&nbsp;&nbsp;&nbsp;handleSync
</UL>

<P><STRONG><a name="[14e]"></a>msgPackDelayReq</STRONG> (Thumb, 94 bytes, Stack size 16 bytes, msg.o(.text))
<BR><BR>[Stack]<UL><LI>Max Depth = 16<LI>Call Chain = msgPackDelayReq
</UL>
<BR>[Calls]<UL><LI><a href="#[17d]">&gt;&gt;</a>&nbsp;&nbsp;&nbsp;lwip_htons
<LI><a href="#[17e]">&gt;&gt;</a>&nbsp;&nbsp;&nbsp;lwip_htonl
</UL>
<BR>[Called By]<UL><LI><a href="#[14d]">&gt;&gt;</a>&nbsp;&nbsp;&nbsp;issueDelayReq
</UL>

<P><STRONG><a name="[17f]"></a>msgUnpackDelayReq</STRONG> (Thumb, 34 bytes, Stack size 16 bytes, msg.o(.text), UNUSED)
<BR><BR>[Calls]<UL><LI><a href="#[17d]">&gt;&gt;</a>&nbsp;&nbsp;&nbsp;lwip_htons
<LI><a href="#[17e]">&gt;&gt;</a>&nbsp;&nbsp;&nbsp;lwip_htonl
</UL>

<P><STRONG><a name="[177]"></a>msgPackFollowUp</STRONG> (Thumb, 92 bytes, Stack size 16 bytes, msg.o(.text))
<BR><BR>[Stack]<UL><LI>Max Depth = 16<LI>Call Chain = msgPackFollowUp
</UL>
<BR>[Calls]<UL><LI><a href="#[17d]">&gt;&gt;</a>&nbsp;&nbsp;&nbsp;lwip_htons
<LI><a href="#[17e]">&gt;&gt;</a>&nbsp;&nbsp;&nbsp;lwip_htonl
</UL>
<BR>[Called By]<UL><LI><a href="#[176]">&gt;&gt;</a>&nbsp;&nbsp;&nbsp;issueFollowup
</UL>

<P><STRONG><a name="[166]"></a>msgUnpackFollowUp</STRONG> (Thumb, 34 bytes, Stack size 16 bytes, msg.o(.text))
<BR><BR>[Stack]<UL><LI>Max Depth = 16<LI>Call Chain = msgUnpackFollowUp
</UL>
<BR>[Calls]<UL><LI><a href="#[17d]">&gt;&gt;</a>&nbsp;&nbsp;&nbsp;lwip_htons
<LI><a href="#[17e]">&gt;&gt;</a>&nbsp;&nbsp;&nbsp;lwip_htonl
</UL>
<BR>[Called By]<UL><LI><a href="#[165]">&gt;&gt;</a>&nbsp;&nbsp;&nbsp;handleFollowUp
</UL>

<P><STRONG><a name="[162]"></a>msgPackDelayResp</STRONG> (Thumb, 136 bytes, Stack size 24 bytes, msg.o(.text))
<BR><BR>[Stack]<UL><LI>Max Depth = 24<LI>Call Chain = msgPackDelayResp
</UL>
<BR>[Calls]<UL><LI><a href="#[17d]">&gt;&gt;</a>&nbsp;&nbsp;&nbsp;lwip_htons
<LI><a href="#[17e]">&gt;&gt;</a>&nbsp;&nbsp;&nbsp;lwip_htonl
</UL>
<BR>[Called By]<UL><LI><a href="#[161]">&gt;&gt;</a>&nbsp;&nbsp;&nbsp;issueDelayResp
</UL>

<P><STRONG><a name="[159]"></a>msgUnpackDelayResp</STRONG> (Thumb, 54 bytes, Stack size 16 bytes, msg.o(.text))
<BR><BR>[Stack]<UL><LI>Max Depth = 16<LI>Call Chain = msgUnpackDelayResp
</UL>
<BR>[Calls]<UL><LI><a href="#[17d]">&gt;&gt;</a>&nbsp;&nbsp;&nbsp;lwip_htons
<LI><a href="#[17e]">&gt;&gt;</a>&nbsp;&nbsp;&nbsp;lwip_htonl
</UL>
<BR>[Called By]<UL><LI><a href="#[158]">&gt;&gt;</a>&nbsp;&nbsp;&nbsp;handleDelayResp
</UL>

<P><STRONG><a name="[14b]"></a>msgPackPDelayReq</STRONG> (Thumb, 102 bytes, Stack size 16 bytes, msg.o(.text))
<BR><BR>[Stack]<UL><LI>Max Depth = 16<LI>Call Chain = msgPackPDelayReq
</UL>
<BR>[Calls]<UL><LI><a href="#[17d]">&gt;&gt;</a>&nbsp;&nbsp;&nbsp;lwip_htons
<LI><a href="#[17e]">&gt;&gt;</a>&nbsp;&nbsp;&nbsp;lwip_htonl
</UL>
<BR>[Called By]<UL><LI><a href="#[148]">&gt;&gt;</a>&nbsp;&nbsp;&nbsp;issuePDelayReq
</UL>

<P><STRONG><a name="[180]"></a>msgUnpackPDelayReq</STRONG> (Thumb, 34 bytes, Stack size 16 bytes, msg.o(.text), UNUSED)
<BR><BR>[Calls]<UL><LI><a href="#[17d]">&gt;&gt;</a>&nbsp;&nbsp;&nbsp;lwip_htons
<LI><a href="#[17e]">&gt;&gt;</a>&nbsp;&nbsp;&nbsp;lwip_htonl
</UL>

<P><STRONG><a name="[15f]"></a>msgPackPDelayResp</STRONG> (Thumb, 112 bytes, Stack size 16 bytes, msg.o(.text))
<BR><BR>[Stack]<UL><LI>Max Depth = 16<LI>Call Chain = msgPackPDelayResp
</UL>
<BR>[Calls]<UL><LI><a href="#[17d]">&gt;&gt;</a>&nbsp;&nbsp;&nbsp;lwip_htons
<LI><a href="#[17e]">&gt;&gt;</a>&nbsp;&nbsp;&nbsp;lwip_htonl
</UL>
<BR>[Called By]<UL><LI><a href="#[15e]">&gt;&gt;</a>&nbsp;&nbsp;&nbsp;issuePDelayResp
</UL>

<P><STRONG><a name="[157]"></a>msgUnpackPDelayResp</STRONG> (Thumb, 54 bytes, Stack size 16 bytes, msg.o(.text))
<BR><BR>[Stack]<UL><LI>Max Depth = 16<LI>Call Chain = msgUnpackPDelayResp
</UL>
<BR>[Calls]<UL><LI><a href="#[17d]">&gt;&gt;</a>&nbsp;&nbsp;&nbsp;lwip_htons
<LI><a href="#[17e]">&gt;&gt;</a>&nbsp;&nbsp;&nbsp;lwip_htonl
</UL>
<BR>[Called By]<UL><LI><a href="#[156]">&gt;&gt;</a>&nbsp;&nbsp;&nbsp;handlePDelayResp
</UL>

<P><STRONG><a name="[15c]"></a>msgPackPDelayRespFollowUp</STRONG> (Thumb, 122 bytes, Stack size 16 bytes, msg.o(.text))
<BR><BR>[Stack]<UL><LI>Max Depth = 16<LI>Call Chain = msgPackPDelayRespFollowUp
</UL>
<BR>[Calls]<UL><LI><a href="#[17d]">&gt;&gt;</a>&nbsp;&nbsp;&nbsp;lwip_htons
<LI><a href="#[17e]">&gt;&gt;</a>&nbsp;&nbsp;&nbsp;lwip_htonl
</UL>
<BR>[Called By]<UL><LI><a href="#[15b]">&gt;&gt;</a>&nbsp;&nbsp;&nbsp;issuePDelayRespFollowUp
</UL>

<P><STRONG><a name="[153]"></a>msgUnpackPDelayRespFollowUp</STRONG> (Thumb, 54 bytes, Stack size 16 bytes, msg.o(.text))
<BR><BR>[Stack]<UL><LI>Max Depth = 16<LI>Call Chain = msgUnpackPDelayRespFollowUp
</UL>
<BR>[Calls]<UL><LI><a href="#[17d]">&gt;&gt;</a>&nbsp;&nbsp;&nbsp;lwip_htons
<LI><a href="#[17e]">&gt;&gt;</a>&nbsp;&nbsp;&nbsp;lwip_htonl
</UL>
<BR>[Called By]<UL><LI><a href="#[152]">&gt;&gt;</a>&nbsp;&nbsp;&nbsp;handlePDelayRespFollowUp
</UL>

<P><STRONG><a name="[144]"></a>netShutdown</STRONG> (Thumb, 66 bytes, Stack size 16 bytes, net.o(.text))
<BR><BR>[Stack]<UL><LI>Max Depth = 200<LI>Call Chain = netShutdown &rArr; igmp_leavegroup &rArr; igmp_send &rArr; pbuf_alloc &rArr; pbuf_free &rArr; memp_free &rArr; sys_arch_unprotect &rArr; __2printf
</UL>
<BR>[Calls]<UL><LI><a href="#[188]">&gt;&gt;</a>&nbsp;&nbsp;&nbsp;udp_remove
<LI><a href="#[187]">&gt;&gt;</a>&nbsp;&nbsp;&nbsp;udp_disconnect
<LI><a href="#[186]">&gt;&gt;</a>&nbsp;&nbsp;&nbsp;igmp_leavegroup
</UL>
<BR>[Called By]<UL><LI><a href="#[195]">&gt;&gt;</a>&nbsp;&nbsp;&nbsp;ptpdShutdown
<LI><a href="#[143]">&gt;&gt;</a>&nbsp;&nbsp;&nbsp;doInit
</UL>

<P><STRONG><a name="[145]"></a>netInit</STRONG> (Thumb, 234 bytes, Stack size 40 bytes, net.o(.text))
<BR><BR>[Stack]<UL><LI>Max Depth = 224<LI>Call Chain = netInit &rArr; igmp_joingroup &rArr; igmp_send &rArr; pbuf_alloc &rArr; pbuf_free &rArr; memp_free &rArr; sys_arch_unprotect &rArr; __2printf
</UL>
<BR>[Calls]<UL><LI><a href="#[f0]">&gt;&gt;</a>&nbsp;&nbsp;&nbsp;udp_recv
<LI><a href="#[ee]">&gt;&gt;</a>&nbsp;&nbsp;&nbsp;udp_new
<LI><a href="#[f1]">&gt;&gt;</a>&nbsp;&nbsp;&nbsp;udp_bind
<LI><a href="#[188]">&gt;&gt;</a>&nbsp;&nbsp;&nbsp;udp_remove
<LI><a href="#[18b]">&gt;&gt;</a>&nbsp;&nbsp;&nbsp;ipaddr_aton
<LI><a href="#[18c]">&gt;&gt;</a>&nbsp;&nbsp;&nbsp;igmp_joingroup
<LI><a href="#[189]">&gt;&gt;</a>&nbsp;&nbsp;&nbsp;findIface
<LI><a href="#[181]">&gt;&gt;</a>&nbsp;&nbsp;&nbsp;netQInit
</UL>
<BR>[Called By]<UL><LI><a href="#[143]">&gt;&gt;</a>&nbsp;&nbsp;&nbsp;doInit
</UL>

<P><STRONG><a name="[16e]"></a>netSelect</STRONG> (Thumb, 34 bytes, Stack size 16 bytes, net.o(.text))
<BR><BR>[Stack]<UL><LI>Max Depth = 64<LI>Call Chain = netSelect &rArr; netQCheck &rArr; sys_mutex_unlock &rArr; __2printf
</UL>
<BR>[Calls]<UL><LI><a href="#[185]">&gt;&gt;</a>&nbsp;&nbsp;&nbsp;netQCheck
</UL>
<BR>[Called By]<UL><LI><a href="#[68]">&gt;&gt;</a>&nbsp;&nbsp;&nbsp;ptpd_thread
<LI><a href="#[16d]">&gt;&gt;</a>&nbsp;&nbsp;&nbsp;handle
</UL>

<P><STRONG><a name="[18d]"></a>netEmptyEventQ</STRONG> (Thumb, 14 bytes, Stack size 8 bytes, net.o(.text))
<BR><BR>[Stack]<UL><LI>Max Depth = 104<LI>Call Chain = netEmptyEventQ &rArr; netQEmpty &rArr; pbuf_free &rArr; memp_free &rArr; sys_arch_unprotect &rArr; __2printf
</UL>
<BR>[Calls]<UL><LI><a href="#[184]">&gt;&gt;</a>&nbsp;&nbsp;&nbsp;netQEmpty
</UL>
<BR>[Called By]<UL><LI><a href="#[13f]">&gt;&gt;</a>&nbsp;&nbsp;&nbsp;initClock
</UL>

<P><STRONG><a name="[16f]"></a>netRecvEvent</STRONG> (Thumb, 22 bytes, Stack size 16 bytes, net.o(.text))
<BR><BR>[Stack]<UL><LI>Max Depth = 144<LI>Call Chain = netRecvEvent &rArr; netRecv &rArr; pbuf_free &rArr; memp_free &rArr; sys_arch_unprotect &rArr; __2printf
</UL>
<BR>[Calls]<UL><LI><a href="#[18e]">&gt;&gt;</a>&nbsp;&nbsp;&nbsp;netRecv
</UL>
<BR>[Called By]<UL><LI><a href="#[16d]">&gt;&gt;</a>&nbsp;&nbsp;&nbsp;handle
</UL>

<P><STRONG><a name="[170]"></a>netRecvGeneral</STRONG> (Thumb, 22 bytes, Stack size 16 bytes, net.o(.text))
<BR><BR>[Stack]<UL><LI>Max Depth = 144<LI>Call Chain = netRecvGeneral &rArr; netRecv &rArr; pbuf_free &rArr; memp_free &rArr; sys_arch_unprotect &rArr; __2printf
</UL>
<BR>[Calls]<UL><LI><a href="#[18e]">&gt;&gt;</a>&nbsp;&nbsp;&nbsp;netRecv
</UL>
<BR>[Called By]<UL><LI><a href="#[16d]">&gt;&gt;</a>&nbsp;&nbsp;&nbsp;handle
</UL>

<P><STRONG><a name="[14f]"></a>netSendEvent</STRONG> (Thumb, 28 bytes, Stack size 24 bytes, net.o(.text))
<BR><BR>[Stack]<UL><LI>Max Depth = 280<LI>Call Chain = netSendEvent &rArr; netSend &rArr; udp_sendto &rArr; udp_sendto_if &rArr; pbuf_alloc &rArr; pbuf_free &rArr; memp_free &rArr; sys_arch_unprotect &rArr; __2printf
</UL>
<BR>[Calls]<UL><LI><a href="#[18f]">&gt;&gt;</a>&nbsp;&nbsp;&nbsp;netSend
</UL>
<BR>[Called By]<UL><LI><a href="#[178]">&gt;&gt;</a>&nbsp;&nbsp;&nbsp;issueSync
<LI><a href="#[14d]">&gt;&gt;</a>&nbsp;&nbsp;&nbsp;issueDelayReq
</UL>

<P><STRONG><a name="[163]"></a>netSendGeneral</STRONG> (Thumb, 26 bytes, Stack size 24 bytes, net.o(.text))
<BR><BR>[Stack]<UL><LI>Max Depth = 280<LI>Call Chain = netSendGeneral &rArr; netSend &rArr; udp_sendto &rArr; udp_sendto_if &rArr; pbuf_alloc &rArr; pbuf_free &rArr; memp_free &rArr; sys_arch_unprotect &rArr; __2printf
</UL>
<BR>[Calls]<UL><LI><a href="#[18f]">&gt;&gt;</a>&nbsp;&nbsp;&nbsp;netSend
</UL>
<BR>[Called By]<UL><LI><a href="#[176]">&gt;&gt;</a>&nbsp;&nbsp;&nbsp;issueFollowup
<LI><a href="#[174]">&gt;&gt;</a>&nbsp;&nbsp;&nbsp;issueAnnounce
<LI><a href="#[161]">&gt;&gt;</a>&nbsp;&nbsp;&nbsp;issueDelayResp
</UL>

<P><STRONG><a name="[15d]"></a>netSendPeerGeneral</STRONG> (Thumb, 26 bytes, Stack size 24 bytes, net.o(.text))
<BR><BR>[Stack]<UL><LI>Max Depth = 280<LI>Call Chain = netSendPeerGeneral &rArr; netSend &rArr; udp_sendto &rArr; udp_sendto_if &rArr; pbuf_alloc &rArr; pbuf_free &rArr; memp_free &rArr; sys_arch_unprotect &rArr; __2printf
</UL>
<BR>[Calls]<UL><LI><a href="#[18f]">&gt;&gt;</a>&nbsp;&nbsp;&nbsp;netSend
</UL>
<BR>[Called By]<UL><LI><a href="#[15b]">&gt;&gt;</a>&nbsp;&nbsp;&nbsp;issuePDelayRespFollowUp
</UL>

<P><STRONG><a name="[14c]"></a>netSendPeerEvent</STRONG> (Thumb, 28 bytes, Stack size 24 bytes, net.o(.text))
<BR><BR>[Stack]<UL><LI>Max Depth = 280<LI>Call Chain = netSendPeerEvent &rArr; netSend &rArr; udp_sendto &rArr; udp_sendto_if &rArr; pbuf_alloc &rArr; pbuf_free &rArr; memp_free &rArr; sys_arch_unprotect &rArr; __2printf
</UL>
<BR>[Calls]<UL><LI><a href="#[18f]">&gt;&gt;</a>&nbsp;&nbsp;&nbsp;netSend
</UL>
<BR>[Called By]<UL><LI><a href="#[15e]">&gt;&gt;</a>&nbsp;&nbsp;&nbsp;issuePDelayResp
<LI><a href="#[148]">&gt;&gt;</a>&nbsp;&nbsp;&nbsp;issuePDelayReq
</UL>

<P><STRONG><a name="[13f]"></a>initClock</STRONG> (Thumb, 144 bytes, Stack size 8 bytes, servo.o(.text))
<BR><BR>[Stack]<UL><LI>Max Depth = 112<LI>Call Chain = initClock &rArr; netEmptyEventQ &rArr; netQEmpty &rArr; pbuf_free &rArr; memp_free &rArr; sys_arch_unprotect &rArr; __2printf
</UL>
<BR>[Calls]<UL><LI><a href="#[190]">&gt;&gt;</a>&nbsp;&nbsp;&nbsp;adjFreq
<LI><a href="#[18d]">&gt;&gt;</a>&nbsp;&nbsp;&nbsp;netEmptyEventQ
</UL>
<BR>[Called By]<UL><LI><a href="#[168]">&gt;&gt;</a>&nbsp;&nbsp;&nbsp;updateClock
<LI><a href="#[13e]">&gt;&gt;</a>&nbsp;&nbsp;&nbsp;toState
<LI><a href="#[143]">&gt;&gt;</a>&nbsp;&nbsp;&nbsp;doInit
</UL>

<P><STRONG><a name="[167]"></a>updateOffset</STRONG> (Thumb, 222 bytes, Stack size 24 bytes, servo.o(.text))
<BR><BR>[Stack]<UL><LI>Max Depth = 56<LI>Call Chain = updateOffset &rArr; filter &rArr; order
</UL>
<BR>[Calls]<UL><LI><a href="#[193]">&gt;&gt;</a>&nbsp;&nbsp;&nbsp;filter
<LI><a href="#[12f]">&gt;&gt;</a>&nbsp;&nbsp;&nbsp;subTime
</UL>
<BR>[Called By]<UL><LI><a href="#[169]">&gt;&gt;</a>&nbsp;&nbsp;&nbsp;handleSync
<LI><a href="#[165]">&gt;&gt;</a>&nbsp;&nbsp;&nbsp;handleFollowUp
</UL>

<P><STRONG><a name="[15a]"></a>updateDelay</STRONG> (Thumb, 92 bytes, Stack size 24 bytes, servo.o(.text))
<BR><BR>[Stack]<UL><LI>Max Depth = 56<LI>Call Chain = updateDelay &rArr; filter &rArr; order
</UL>
<BR>[Calls]<UL><LI><a href="#[193]">&gt;&gt;</a>&nbsp;&nbsp;&nbsp;filter
<LI><a href="#[130]">&gt;&gt;</a>&nbsp;&nbsp;&nbsp;div2Time
<LI><a href="#[12f]">&gt;&gt;</a>&nbsp;&nbsp;&nbsp;subTime
<LI><a href="#[12d]">&gt;&gt;</a>&nbsp;&nbsp;&nbsp;addTime
</UL>
<BR>[Called By]<UL><LI><a href="#[158]">&gt;&gt;</a>&nbsp;&nbsp;&nbsp;handleDelayResp
</UL>

<P><STRONG><a name="[155]"></a>updatePeerDelay</STRONG> (Thumb, 110 bytes, Stack size 32 bytes, servo.o(.text))
<BR><BR>[Stack]<UL><LI>Max Depth = 64<LI>Call Chain = updatePeerDelay &rArr; filter &rArr; order
</UL>
<BR>[Calls]<UL><LI><a href="#[193]">&gt;&gt;</a>&nbsp;&nbsp;&nbsp;filter
<LI><a href="#[130]">&gt;&gt;</a>&nbsp;&nbsp;&nbsp;div2Time
<LI><a href="#[12f]">&gt;&gt;</a>&nbsp;&nbsp;&nbsp;subTime
<LI><a href="#[12d]">&gt;&gt;</a>&nbsp;&nbsp;&nbsp;addTime
</UL>
<BR>[Called By]<UL><LI><a href="#[156]">&gt;&gt;</a>&nbsp;&nbsp;&nbsp;handlePDelayResp
<LI><a href="#[152]">&gt;&gt;</a>&nbsp;&nbsp;&nbsp;handlePDelayRespFollowUp
</UL>

<P><STRONG><a name="[168]"></a>updateClock</STRONG> (Thumb, 238 bytes, Stack size 24 bytes, servo.o(.text))
<BR><BR>[Stack]<UL><LI>Max Depth = 136<LI>Call Chain = updateClock &rArr; initClock &rArr; netEmptyEventQ &rArr; netQEmpty &rArr; pbuf_free &rArr; memp_free &rArr; sys_arch_unprotect &rArr; __2printf
</UL>
<BR>[Calls]<UL><LI><a href="#[194]">&gt;&gt;</a>&nbsp;&nbsp;&nbsp;setTime
<LI><a href="#[190]">&gt;&gt;</a>&nbsp;&nbsp;&nbsp;adjFreq
<LI><a href="#[13f]">&gt;&gt;</a>&nbsp;&nbsp;&nbsp;initClock
<LI><a href="#[149]">&gt;&gt;</a>&nbsp;&nbsp;&nbsp;getTime
<LI><a href="#[12f]">&gt;&gt;</a>&nbsp;&nbsp;&nbsp;subTime
</UL>
<BR>[Called By]<UL><LI><a href="#[169]">&gt;&gt;</a>&nbsp;&nbsp;&nbsp;handleSync
<LI><a href="#[165]">&gt;&gt;</a>&nbsp;&nbsp;&nbsp;handleFollowUp
</UL>

<P><STRONG><a name="[195]"></a>ptpdShutdown</STRONG> (Thumb, 14 bytes, Stack size 8 bytes, startup.o(.text), UNUSED)
<BR><BR>[Calls]<UL><LI><a href="#[144]">&gt;&gt;</a>&nbsp;&nbsp;&nbsp;netShutdown
</UL>

<P><STRONG><a name="[17b]"></a>ptpdStartup</STRONG> (Thumb, 58 bytes, Stack size 16 bytes, startup.o(.text))
[...]
</UL>
<BR>[Calls]<UL><LI><a href="#[1f6]">&gt;&gt;</a>&nbsp;&nbsp;&nbsp;dhcp_coarse_tmr
<LI><a href="#[28b]">&gt;&gt;</a>&nbsp;&nbsp;&nbsp;sys_timeout
</UL>
<BR>[Address Reference Count : 1]<UL><LI> timers.o(.text)
</UL>
<P><STRONG><a name="[8b]"></a>dhcp_timer_fine</STRONG> (Thumb, 26 bytes, Stack size 8 bytes, timers.o(.text))
<BR><BR>[Stack]<UL><LI>Max Depth = 392<LI>Call Chain = dhcp_timer_fine &rArr; dhcp_fine_tmr &rArr; dhcp_timeout &rArr; dhcp_release &rArr; netif_set_ipaddr &rArr; tcp_abort &rArr; tcp_abandon &rArr; tcp_pcb_remove &rArr; tcp_output &rArr; tcp_output_segment &rArr; ip_output &rArr; ip_output_if &rArr; ip_output_if_opt &rArr; pbuf_header
</UL>
<BR>[Calls]<UL><LI><a href="#[1fb]">&gt;&gt;</a>&nbsp;&nbsp;&nbsp;dhcp_fine_tmr
<LI><a href="#[28b]">&gt;&gt;</a>&nbsp;&nbsp;&nbsp;sys_timeout
</UL>
<BR>[Address Reference Count : 1]<UL><LI> timers.o(.text)
</UL>
<P><STRONG><a name="[8c]"></a>igmp_timer</STRONG> (Thumb, 24 bytes, Stack size 8 bytes, timers.o(.text))
<BR><BR>[Stack]<UL><LI>Max Depth = 184<LI>Call Chain = igmp_timer &rArr; igmp_tmr &rArr; igmp_timeout &rArr; igmp_send &rArr; pbuf_alloc &rArr; pbuf_free &rArr; memp_free &rArr; sys_arch_unprotect &rArr; __2printf
</UL>
<BR>[Calls]<UL><LI><a href="#[22c]">&gt;&gt;</a>&nbsp;&nbsp;&nbsp;igmp_tmr
<LI><a href="#[28b]">&gt;&gt;</a>&nbsp;&nbsp;&nbsp;sys_timeout
</UL>
<BR>[Address Reference Count : 1]<UL><LI> timers.o(.text)
</UL>
<P><STRONG><a name="[2a3]"></a>udp_new_port</STRONG> (Thumb, 80 bytes, Stack size 8 bytes, udp.o(.text))
<BR><BR>[Stack]<UL><LI>Max Depth = 8<LI>Call Chain = udp_new_port
</UL>
<BR>[Called By]<UL><LI><a href="#[f1]">&gt;&gt;</a>&nbsp;&nbsp;&nbsp;udp_bind
</UL>

<P><STRONG><a name="[2a8]"></a>low_level_input</STRONG> (Thumb, 280 bytes, Stack size 64 bytes, ethernetif.o(.text))
<BR><BR>[Stack]<UL><LI>Max Depth = 192<LI>Call Chain = low_level_input &rArr; pbuf_alloc &rArr; pbuf_free &rArr; memp_free &rArr; sys_arch_unprotect &rArr; __2printf
</UL>
<BR>[Calls]<UL><LI><a href="#[f2]">&gt;&gt;</a>&nbsp;&nbsp;&nbsp;pbuf_alloc
<LI><a href="#[2a9]">&gt;&gt;</a>&nbsp;&nbsp;&nbsp;ETH_Get_Received_Frame_interrupt
<LI><a href="#[2a7]">&gt;&gt;</a>&nbsp;&nbsp;&nbsp;ETH_PTPSubSecond2NanoSecond
<LI><a href="#[18a]">&gt;&gt;</a>&nbsp;&nbsp;&nbsp;__aeabi_memcpy
</UL>
<BR>[Called By]<UL><LI><a href="#[8d]">&gt;&gt;</a>&nbsp;&nbsp;&nbsp;ethernetif_input
</UL>

<P><STRONG><a name="[8d]"></a>ethernetif_input</STRONG> (Thumb, 60 bytes, Stack size 0 bytes, ethernetif.o(.text))
<BR><BR>[Stack]<UL><LI>Max Depth = 192<LI>Call Chain = ethernetif_input &rArr; low_level_input &rArr; pbuf_alloc &rArr; pbuf_free &rArr; memp_free &rArr; sys_arch_unprotect &rArr; __2printf
</UL>
<BR>[Calls]<UL><LI><a href="#[f3]">&gt;&gt;</a>&nbsp;&nbsp;&nbsp;pbuf_free
<LI><a href="#[2a8]">&gt;&gt;</a>&nbsp;&nbsp;&nbsp;low_level_input
<LI><a href="#[267]">&gt;&gt;</a>&nbsp;&nbsp;&nbsp;sys_arch_sem_wait
</UL>
<BR>[Address Reference Count : 1]<UL><LI> ethernetif.o(.text)
</UL>
<P><STRONG><a name="[2aa]"></a>ETH_PTPStart</STRONG> (Thumb, 80 bytes, Stack size 8 bytes, ethernetif.o(.text))
<BR><BR>[Stack]<UL><LI>Max Depth = 36<LI>Call Chain = ETH_PTPStart &rArr; ETH_EnhancedDescriptorCmd &rArr; ETH_Delay
</UL>
<BR>[Calls]<UL><LI><a href="#[2b2]">&gt;&gt;</a>&nbsp;&nbsp;&nbsp;ETH_SetPTPTimeStampUpdate
<LI><a href="#[2ae]">&gt;&gt;</a>&nbsp;&nbsp;&nbsp;ETH_SetPTPTimeStampAddend
<LI><a href="#[2ad]">&gt;&gt;</a>&nbsp;&nbsp;&nbsp;ETH_SetPTPSubSecondIncrement
<LI><a href="#[2b1]">&gt;&gt;</a>&nbsp;&nbsp;&nbsp;ETH_PTPUpdateMethodConfig
<LI><a href="#[2ac]">&gt;&gt;</a>&nbsp;&nbsp;&nbsp;ETH_PTPTimeStampCmd
<LI><a href="#[2ab]">&gt;&gt;</a>&nbsp;&nbsp;&nbsp;ETH_MACITConfig
<LI><a href="#[2b3]">&gt;&gt;</a>&nbsp;&nbsp;&nbsp;ETH_InitializePTPTimeStamp
<LI><a href="#[2b0]">&gt;&gt;</a>&nbsp;&nbsp;&nbsp;ETH_GetPTPFlagStatus
<LI><a href="#[2b4]">&gt;&gt;</a>&nbsp;&nbsp;&nbsp;ETH_EnhancedDescriptorCmd
<LI><a href="#[2af]">&gt;&gt;</a>&nbsp;&nbsp;&nbsp;ETH_EnablePTPTimeStampAddend
</UL>
<BR>[Called By]<UL><LI><a href="#[2b5]">&gt;&gt;</a>&nbsp;&nbsp;&nbsp;low_level_init
</UL>

<P><STRONG><a name="[2b5]"></a>low_level_init</STRONG> (Thumb, 194 bytes, Stack size 16 bytes, ethernetif.o(.text))
<BR><BR>[Stack]<UL><LI>Max Depth = 152<LI>Call Chain = low_level_init &rArr; sys_thread_new &rArr; osThreadCreate &rArr; svcThreadCreate &rArr; rt_tsk_create &rArr; rt_init_context &rArr; rt_init_stack
</UL>
<BR>[Calls]<UL><LI><a href="#[d9]">&gt;&gt;</a>&nbsp;&nbsp;&nbsp;ETH_Start
<LI><a href="#[ae]">&gt;&gt;</a>&nbsp;&nbsp;&nbsp;sys_thread_new
<LI><a href="#[1cb]">&gt;&gt;</a>&nbsp;&nbsp;&nbsp;sys_sem_new
<LI><a href="#[2b6]">&gt;&gt;</a>&nbsp;&nbsp;&nbsp;ETH_MACAddressConfig
<LI><a href="#[2ba]">&gt;&gt;</a>&nbsp;&nbsp;&nbsp;ETH_DMATxDescChecksumInsertionConfig
<LI><a href="#[2b7]">&gt;&gt;</a>&nbsp;&nbsp;&nbsp;ETH_DMATxDescChainInit
<LI><a href="#[2b9]">&gt;&gt;</a>&nbsp;&nbsp;&nbsp;ETH_DMARxDescReceiveITConfig
<LI><a href="#[2b8]">&gt;&gt;</a>&nbsp;&nbsp;&nbsp;ETH_DMARxDescChainInit
<LI><a href="#[2aa]">&gt;&gt;</a>&nbsp;&nbsp;&nbsp;ETH_PTPStart
</UL>
<BR>[Called By]<UL><LI><a href="#[67]">&gt;&gt;</a>&nbsp;&nbsp;&nbsp;ethernetif_init
</UL>

<P><STRONG><a name="[90]"></a>low_level_output</STRONG> (Thumb, 96 bytes, Stack size 40 bytes, ethernetif.o(.text))
<BR><BR>[Stack]<UL><LI>Max Depth = 104<LI>Call Chain = low_level_output &rArr; sys_sem_signal &rArr; osSemaphoreRelease &rArr; isr_sem_send &rArr; rt_psq_enq
</UL>
<BR>[Calls]<UL><LI><a href="#[b1]">&gt;&gt;</a>&nbsp;&nbsp;&nbsp;sys_sem_signal
<LI><a href="#[2bb]">&gt;&gt;</a>&nbsp;&nbsp;&nbsp;ETH_Prepare_Transmit_Descriptors_TimeStamp
<LI><a href="#[2a7]">&gt;&gt;</a>&nbsp;&nbsp;&nbsp;ETH_PTPSubSecond2NanoSecond
<LI><a href="#[267]">&gt;&gt;</a>&nbsp;&nbsp;&nbsp;sys_arch_sem_wait
<LI><a href="#[18a]">&gt;&gt;</a>&nbsp;&nbsp;&nbsp;__aeabi_memcpy
</UL>
<BR>[Address Reference Count : 1]<UL><LI> ethernetif.o(.text)
</UL>
<P><STRONG><a name="[8e]"></a>arp_timer</STRONG> (Thumb, 22 bytes, Stack size 8 bytes, ethernetif.o(.text))
<BR><BR>[Stack]<UL><LI>Max Depth = 120<LI>Call Chain = arp_timer &rArr; etharp_tmr &rArr; etharp_free_entry &rArr; pbuf_free &rArr; memp_free &rArr; sys_arch_unprotect &rArr; __2printf
</UL>
<BR>[Calls]<UL><LI><a href="#[209]">&gt;&gt;</a>&nbsp;&nbsp;&nbsp;etharp_tmr
<LI><a href="#[28b]">&gt;&gt;</a>&nbsp;&nbsp;&nbsp;sys_timeout
</UL>
<BR>[Address Reference Count : 1]<UL><LI> ethernetif.o(.text)
</UL>
<P><STRONG><a name="[2f0]"></a>rt_ms2tick</STRONG> (Thumb, 60 bytes, Stack size 0 bytes, rt_cmsis.o(.text))
<BR><BR>[Called By]<UL><LI><a href="#[319]">&gt;&gt;</a>&nbsp;&nbsp;&nbsp;svcSemaphoreWait
<LI><a href="#[310]">&gt;&gt;</a>&nbsp;&nbsp;&nbsp;svcMutexWait
<LI><a href="#[308]">&gt;&gt;</a>&nbsp;&nbsp;&nbsp;svcSignalWait
<LI><a href="#[300]">&gt;&gt;</a>&nbsp;&nbsp;&nbsp;svcMessageGet
<LI><a href="#[2f3]">&gt;&gt;</a>&nbsp;&nbsp;&nbsp;svcTimerStart
<LI><a href="#[2ef]">&gt;&gt;</a>&nbsp;&nbsp;&nbsp;svcDelay
<LI><a href="#[32d]">&gt;&gt;</a>&nbsp;&nbsp;&nbsp;sysMailAlloc
<LI><a href="#[32a]">&gt;&gt;</a>&nbsp;&nbsp;&nbsp;svcMessagePut
</UL>

<P><STRONG><a name="[2cf]"></a>rt_tid2ptcb</STRONG> (Thumb, 32 bytes, Stack size 0 bytes, rt_cmsis.o(.text))
<BR><BR>[Called By]<UL><LI><a href="#[30a]">&gt;&gt;</a>&nbsp;&nbsp;&nbsp;osSignalSet
<LI><a href="#[306]">&gt;&gt;</a>&nbsp;&nbsp;&nbsp;svcSignalClear
<LI><a href="#[304]">&gt;&gt;</a>&nbsp;&nbsp;&nbsp;svcSignalSet
<LI><a href="#[2e9]">&gt;&gt;</a>&nbsp;&nbsp;&nbsp;svcThreadGetPriority
<LI><a href="#[2e8]">&gt;&gt;</a>&nbsp;&nbsp;&nbsp;svcThreadSetPriority
<LI><a href="#[2ce]">&gt;&gt;</a>&nbsp;&nbsp;&nbsp;svcThreadTerminate
</UL>

<P><STRONG><a name="[2f4]"></a>rt_id2obj</STRONG> (Thumb, 16 bytes, Stack size 0 bytes, rt_cmsis.o(.text))
<BR><BR>[Called By]<UL><LI><a href="#[31d]">&gt;&gt;</a>&nbsp;&nbsp;&nbsp;svcSemaphoreDelete
<LI><a href="#[31b]">&gt;&gt;</a>&nbsp;&nbsp;&nbsp;svcSemaphoreRelease
<LI><a href="#[319]">&gt;&gt;</a>&nbsp;&nbsp;&nbsp;svcSemaphoreWait
<LI><a href="#[314]">&gt;&gt;</a>&nbsp;&nbsp;&nbsp;svcMutexDelete
<LI><a href="#[312]">&gt;&gt;</a>&nbsp;&nbsp;&nbsp;svcMutexRelease
<LI><a href="#[310]">&gt;&gt;</a>&nbsp;&nbsp;&nbsp;svcMutexWait
<LI><a href="#[2f9]">&gt;&gt;</a>&nbsp;&nbsp;&nbsp;svcTimerCall
<LI><a href="#[2f8]">&gt;&gt;</a>&nbsp;&nbsp;&nbsp;svcTimerDelete
<LI><a href="#[2f7]">&gt;&gt;</a>&nbsp;&nbsp;&nbsp;svcTimerStop
<LI><a href="#[2f3]">&gt;&gt;</a>&nbsp;&nbsp;&nbsp;svcTimerStart
<LI><a href="#[2c3]">&gt;&gt;</a>&nbsp;&nbsp;&nbsp;osSemaphoreRelease
</UL>

<P><STRONG><a name="[2d3]"></a>sysThreadError</STRONG> (Thumb, 2 bytes, Stack size 0 bytes, rt_cmsis.o(.text))
<BR><BR>[Called By]<UL><LI><a href="#[321]">&gt;&gt;</a>&nbsp;&nbsp;&nbsp;svcPoolCreate
<LI><a href="#[317]">&gt;&gt;</a>&nbsp;&nbsp;&nbsp;svcSemaphoreCreate
<LI><a href="#[30e]">&gt;&gt;</a>&nbsp;&nbsp;&nbsp;svcMutexCreate
<LI><a href="#[2f2]">&gt;&gt;</a>&nbsp;&nbsp;&nbsp;svcTimerCreate
<LI><a href="#[2d9]">&gt;&gt;</a>&nbsp;&nbsp;&nbsp;svcKernelInitialize
<LI><a href="#[2d7]">&gt;&gt;</a>&nbsp;&nbsp;&nbsp;svcMessageCreate
<LI><a href="#[2d2]">&gt;&gt;</a>&nbsp;&nbsp;&nbsp;svcThreadCreate
<LI><a href="#[32c]">&gt;&gt;</a>&nbsp;&nbsp;&nbsp;svcMailCreate
</UL>

<P><STRONG><a name="[2f6]"></a>rt_timer_insert</STRONG> (Thumb, 60 bytes, Stack size 12 bytes, rt_cmsis.o(.text))
<BR><BR>[Stack]<UL><LI>Max Depth = 12<LI>Call Chain = rt_timer_insert
</UL>
<BR>[Called By]<UL><LI><a href="#[2fd]">&gt;&gt;</a>&nbsp;&nbsp;&nbsp;sysTimerTick
<LI><a href="#[2f3]">&gt;&gt;</a>&nbsp;&nbsp;&nbsp;svcTimerStart
</UL>

<P><STRONG><a name="[2f5]"></a>rt_timer_remove</STRONG> (Thumb, 70 bytes, Stack size 8 bytes, rt_cmsis.o(.text))
<BR><BR>[Stack]<UL><LI>Max Depth = 8<LI>Call Chain = rt_timer_remove
</UL>
<BR>[Called By]<UL><LI><a href="#[2f8]">&gt;&gt;</a>&nbsp;&nbsp;&nbsp;svcTimerDelete
<LI><a href="#[2f7]">&gt;&gt;</a>&nbsp;&nbsp;&nbsp;svcTimerStop
<LI><a href="#[2f3]">&gt;&gt;</a>&nbsp;&nbsp;&nbsp;svcTimerStart
</UL>

<P><STRONG><a name="[2fa]"></a>isrMessagePut</STRONG> (Thumb, 50 bytes, Stack size 16 bytes, rt_cmsis.o(.text))
<BR><BR>[Stack]<UL><LI>Max Depth = 56<LI>Call Chain = isrMessagePut &rArr; isr_mbx_send &rArr; rt_psq_enq
</UL>
<BR>[Calls]<UL><LI><a href="#[2fb]">&gt;&gt;</a>&nbsp;&nbsp;&nbsp;rt_mbx_check
<LI><a href="#[2fc]">&gt;&gt;</a>&nbsp;&nbsp;&nbsp;isr_mbx_send
</UL>
<BR>[Called By]<UL><LI><a href="#[2fd]">&gt;&gt;</a>&nbsp;&nbsp;&nbsp;sysTimerTick
<LI><a href="#[2bf]">&gt;&gt;</a>&nbsp;&nbsp;&nbsp;osMessagePut
</UL>

<P><STRONG><a name="[324]"></a>rt_clr_box</STRONG> (Thumb, 24 bytes, Stack size 8 bytes, rt_cmsis.o(.text))
<BR><BR>[Stack]<UL><LI>Max Depth = 8<LI>Call Chain = rt_clr_box
</UL>
<BR>[Called By]<UL><LI><a href="#[323]">&gt;&gt;</a>&nbsp;&nbsp;&nbsp;sysPoolAlloc
<LI><a href="#[32d]">&gt;&gt;</a>&nbsp;&nbsp;&nbsp;sysMailAlloc
</UL>

<P><STRONG><a name="[2e3]"></a>__get_CONTROL</STRONG> (Thumb, 6 bytes, Stack size 0 bytes, rt_cmsis.o(.text))
<BR><BR>[Called By]<UL><LI><a href="#[9d]">&gt;&gt;</a>&nbsp;&nbsp;&nbsp;osKernelStart
<LI><a href="#[326]">&gt;&gt;</a>&nbsp;&nbsp;&nbsp;osPoolCreate
<LI><a href="#[2e4]">&gt;&gt;</a>&nbsp;&nbsp;&nbsp;osKernelRunning
<LI><a href="#[9b]">&gt;&gt;</a>&nbsp;&nbsp;&nbsp;osKernelInitialize
<LI><a href="#[2c4]">&gt;&gt;</a>&nbsp;&nbsp;&nbsp;osTimerCreate
<LI><a href="#[9c]">&gt;&gt;</a>&nbsp;&nbsp;&nbsp;osThreadCreate
<LI><a href="#[2c1]">&gt;&gt;</a>&nbsp;&nbsp;&nbsp;osSemaphoreCreate
<LI><a href="#[2c7]">&gt;&gt;</a>&nbsp;&nbsp;&nbsp;osMutexCreate
<LI><a href="#[2bd]">&gt;&gt;</a>&nbsp;&nbsp;&nbsp;osMessageCreate
<LI><a href="#[337]">&gt;&gt;</a>&nbsp;&nbsp;&nbsp;osMailCreate
<LI><a href="#[329]">&gt;&gt;</a>&nbsp;&nbsp;&nbsp;osPoolFree
<LI><a href="#[328]">&gt;&gt;</a>&nbsp;&nbsp;&nbsp;osPoolCAlloc
<LI><a href="#[327]">&gt;&gt;</a>&nbsp;&nbsp;&nbsp;osPoolAlloc
</UL>

<P><STRONG><a name="[2e2]"></a>__get_IPSR</STRONG> (Thumb, 6 bytes, Stack size 0 bytes, rt_cmsis.o(.text))
<BR><BR>[Called By]<UL><LI><a href="#[9d]">&gt;&gt;</a>&nbsp;&nbsp;&nbsp;osKernelStart
<LI><a href="#[a5]">&gt;&gt;</a>&nbsp;&nbsp;&nbsp;osDelay
<LI><a href="#[326]">&gt;&gt;</a>&nbsp;&nbsp;&nbsp;osPoolCreate
<LI><a href="#[320]">&gt;&gt;</a>&nbsp;&nbsp;&nbsp;osSemaphoreDelete
<LI><a href="#[316]">&gt;&gt;</a>&nbsp;&nbsp;&nbsp;osMutexDelete
<LI><a href="#[30d]">&gt;&gt;</a>&nbsp;&nbsp;&nbsp;osSignalWait
<LI><a href="#[30c]">&gt;&gt;</a>&nbsp;&nbsp;&nbsp;osSignalClear
<LI><a href="#[30a]">&gt;&gt;</a>&nbsp;&nbsp;&nbsp;osSignalSet
<LI><a href="#[2ff]">&gt;&gt;</a>&nbsp;&nbsp;&nbsp;osTimerDelete
<LI><a href="#[2ee]">&gt;&gt;</a>&nbsp;&nbsp;&nbsp;osThreadGetPriority
<LI><a href="#[2ed]">&gt;&gt;</a>&nbsp;&nbsp;&nbsp;osThreadSetPriority
<LI><a href="#[2ec]">&gt;&gt;</a>&nbsp;&nbsp;&nbsp;osThreadYield
<LI><a href="#[2eb]">&gt;&gt;</a>&nbsp;&nbsp;&nbsp;osThreadTerminate
<LI><a href="#[2ea]">&gt;&gt;</a>&nbsp;&nbsp;&nbsp;osThreadGetId
<LI><a href="#[2e4]">&gt;&gt;</a>&nbsp;&nbsp;&nbsp;osKernelRunning
<LI><a href="#[9b]">&gt;&gt;</a>&nbsp;&nbsp;&nbsp;osKernelInitialize
<LI><a href="#[2c6]">&gt;&gt;</a>&nbsp;&nbsp;&nbsp;osTimerStop
<LI><a href="#[2c5]">&gt;&gt;</a>&nbsp;&nbsp;&nbsp;osTimerStart
<LI><a href="#[2c4]">&gt;&gt;</a>&nbsp;&nbsp;&nbsp;osTimerCreate
<LI><a href="#[9c]">&gt;&gt;</a>&nbsp;&nbsp;&nbsp;osThreadCreate
<LI><a href="#[2c2]">&gt;&gt;</a>&nbsp;&nbsp;&nbsp;osSemaphoreWait
<LI><a href="#[2c3]">&gt;&gt;</a>&nbsp;&nbsp;&nbsp;osSemaphoreRelease
<LI><a href="#[2c1]">&gt;&gt;</a>&nbsp;&nbsp;&nbsp;osSemaphoreCreate
<LI><a href="#[2c8]">&gt;&gt;</a>&nbsp;&nbsp;&nbsp;osMutexWait
<LI><a href="#[2c9]">&gt;&gt;</a>&nbsp;&nbsp;&nbsp;osMutexRelease
<LI><a href="#[2c7]">&gt;&gt;</a>&nbsp;&nbsp;&nbsp;osMutexCreate
<LI><a href="#[2bf]">&gt;&gt;</a>&nbsp;&nbsp;&nbsp;osMessagePut
<LI><a href="#[2be]">&gt;&gt;</a>&nbsp;&nbsp;&nbsp;osMessageGet
<LI><a href="#[2bd]">&gt;&gt;</a>&nbsp;&nbsp;&nbsp;osMessageCreate
<LI><a href="#[2c0]">&gt;&gt;</a>&nbsp;&nbsp;&nbsp;osKernelSysTick
<LI><a href="#[33a]">&gt;&gt;</a>&nbsp;&nbsp;&nbsp;osMailFree
<LI><a href="#[339]">&gt;&gt;</a>&nbsp;&nbsp;&nbsp;osMailCAlloc
<LI><a href="#[338]">&gt;&gt;</a>&nbsp;&nbsp;&nbsp;osMailAlloc
<LI><a href="#[337]">&gt;&gt;</a>&nbsp;&nbsp;&nbsp;osMailCreate
<LI><a href="#[329]">&gt;&gt;</a>&nbsp;&nbsp;&nbsp;osPoolFree
<LI><a href="#[328]">&gt;&gt;</a>&nbsp;&nbsp;&nbsp;osPoolCAlloc
<LI><a href="#[327]">&gt;&gt;</a>&nbsp;&nbsp;&nbsp;osPoolAlloc
</UL>

<P><STRONG><a name="[34f]"></a>rt_get_TID</STRONG> (Thumb, 32 bytes, Stack size 0 bytes, rt_task.o(.text))
<BR><BR>[Called By]<UL><LI><a href="#[2d5]">&gt;&gt;</a>&nbsp;&nbsp;&nbsp;rt_tsk_create
</UL>

<P><STRONG><a name="[34b]"></a>rt_init_context</STRONG> (Thumb, 68 bytes, Stack size 16 bytes, rt_task.o(.text))
<BR><BR>[Stack]<UL><LI>Max Depth = 32<LI>Call Chain = rt_init_context &rArr; rt_init_stack
</UL>
<BR>[Calls]<UL><LI><a href="#[34c]">&gt;&gt;</a>&nbsp;&nbsp;&nbsp;rt_init_stack
<LI><a href="#[64]">&gt;&gt;</a>&nbsp;&nbsp;&nbsp;rt_alloc_box
</UL>
<BR>[Called By]<UL><LI><a href="#[2d5]">&gt;&gt;</a>&nbsp;&nbsp;&nbsp;rt_tsk_create
<LI><a href="#[2db]">&gt;&gt;</a>&nbsp;&nbsp;&nbsp;rt_sys_init
</UL>

<P><STRONG><a name="[354]"></a>rt_ret_regs</STRONG> (Thumb, 20 bytes, Stack size 0 bytes, hal_cm.o(.text))
<BR><BR>[Called By]<UL><LI><a href="#[33d]">&gt;&gt;</a>&nbsp;&nbsp;&nbsp;rt_ret_val2
<LI><a href="#[334]">&gt;&gt;</a>&nbsp;&nbsp;&nbsp;rt_ret_val
</UL>

<P><STRONG><a name="[35e]"></a>delay</STRONG> (Thumb, 60 bytes, Stack size 12 bytes, stm32f4_discovery_lcd.o(.text), UNUSED)
<BR><BR>[Called By]<UL><LI><a href="#[35d]">&gt;&gt;</a>&nbsp;&nbsp;&nbsp;STM32f4_Discovery_LCD_Init
</UL>

<P><STRONG><a name="[369]"></a>PutPixel</STRONG> (Thumb, 42 bytes, Stack size 12 bytes, stm32f4_discovery_lcd.o(.text), UNUSED)
<BR><BR>[Calls]<UL><LI><a href="#[368]">&gt;&gt;</a>&nbsp;&nbsp;&nbsp;LCD_DrawLine
</UL>
<BR>[Called By]<UL><LI><a href="#[376]">&gt;&gt;</a>&nbsp;&nbsp;&nbsp;LCD_FillPolyLine
<LI><a href="#[370]">&gt;&gt;</a>&nbsp;&nbsp;&nbsp;LCD_DrawUniLine
</UL>

<P><STRONG><a name="[372]"></a>LCD_PolyLineRelativeClosed</STRONG> (Thumb, 128 bytes, Stack size 32 bytes, stm32f4_discovery_lcd.o(.text), UNUSED)
<BR><BR>[Calls]<UL><LI><a href="#[370]">&gt;&gt;</a>&nbsp;&nbsp;&nbsp;LCD_DrawUniLine
</UL>
<BR>[Called By]<UL><LI><a href="#[375]">&gt;&gt;</a>&nbsp;&nbsp;&nbsp;LCD_ClosedPolyLineRelative
<LI><a href="#[374]">&gt;&gt;</a>&nbsp;&nbsp;&nbsp;LCD_PolyLineRelative
</UL>

<P><STRONG><a name="[39c]"></a>TI4_Config</STRONG> (Thumb, 80 bytes, Stack size 20 bytes, stm32f4xx_tim.o(.text), UNUSED)
<BR><BR>[Called By]<UL><LI><a href="#[395]">&gt;&gt;</a>&nbsp;&nbsp;&nbsp;TIM_ICInit
</UL>

<P><STRONG><a name="[39a]"></a>TI3_Config</STRONG> (Thumb, 72 bytes, Stack size 20 bytes, stm32f4xx_tim.o(.text), UNUSED)
<BR><BR>[Called By]<UL><LI><a href="#[395]">&gt;&gt;</a>&nbsp;&nbsp;&nbsp;TIM_ICInit
</UL>

<P><STRONG><a name="[398]"></a>TI2_Config</STRONG> (Thumb, 90 bytes, Stack size 20 bytes, stm32f4xx_tim.o(.text), UNUSED)
<BR><BR>[Called By]<UL><LI><a href="#[39e]">&gt;&gt;</a>&nbsp;&nbsp;&nbsp;TIM_PWMIConfig
<LI><a href="#[395]">&gt;&gt;</a>&nbsp;&nbsp;&nbsp;TIM_ICInit
<LI><a href="#[39f]">&gt;&gt;</a>&nbsp;&nbsp;&nbsp;TIM_TIxExternalClockConfig
</UL>

<P><STRONG><a name="[396]"></a>TI1_Config</STRONG> (Thumb, 58 bytes, Stack size 20 bytes, stm32f4xx_tim.o(.text), UNUSED)
<BR><BR>[Called By]<UL><LI><a href="#[39e]">&gt;&gt;</a>&nbsp;&nbsp;&nbsp;TIM_PWMIConfig
<LI><a href="#[395]">&gt;&gt;</a>&nbsp;&nbsp;&nbsp;TIM_ICInit
<LI><a href="#[39f]">&gt;&gt;</a>&nbsp;&nbsp;&nbsp;TIM_TIxExternalClockConfig
</UL>

<P><STRONG><a name="[3a3]"></a>ETH_Delay</STRONG> (Thumb, 28 bytes, Stack size 12 bytes, stm32f4x7_eth.o(.text))
<BR><BR>[Stack]<UL><LI>Max Depth = 12<LI>Call Chain = ETH_Delay
</UL>
<BR>[Called By]<UL><LI><a href="#[c1]">&gt;&gt;</a>&nbsp;&nbsp;&nbsp;ETH_Init
<LI><a href="#[2b4]">&gt;&gt;</a>&nbsp;&nbsp;&nbsp;ETH_EnhancedDescriptorCmd
<LI><a href="#[3b6]">&gt;&gt;</a>&nbsp;&nbsp;&nbsp;ETH_PowerDownCmd
<LI><a href="#[3b5]">&gt;&gt;</a>&nbsp;&nbsp;&nbsp;ETH_MagicPacketDetectionCmd
<LI><a href="#[3b4]">&gt;&gt;</a>&nbsp;&nbsp;&nbsp;ETH_WakeUpFrameDetectionCmd
<LI><a href="#[3b3]">&gt;&gt;</a>&nbsp;&nbsp;&nbsp;ETH_GlobalUnicastWakeUpCmd
<LI><a href="#[3b2]">&gt;&gt;</a>&nbsp;&nbsp;&nbsp;ETH_SetWakeUpFrameFilterRegister
<LI><a href="#[3b1]">&gt;&gt;</a>&nbsp;&nbsp;&nbsp;ETH_ResetWakeUpFrameFilterRegisterPointer
<LI><a href="#[3ad]">&gt;&gt;</a>&nbsp;&nbsp;&nbsp;ETH_MACAddressMaskBytesFilterConfig
<LI><a href="#[3ac]">&gt;&gt;</a>&nbsp;&nbsp;&nbsp;ETH_MACAddressFilterConfig
<LI><a href="#[3ab]">&gt;&gt;</a>&nbsp;&nbsp;&nbsp;ETH_MACAddressPerfectFilterCmd
<LI><a href="#[3aa]">&gt;&gt;</a>&nbsp;&nbsp;&nbsp;ETH_BackPressureActivationCmd
<LI><a href="#[3a9]">&gt;&gt;</a>&nbsp;&nbsp;&nbsp;ETH_InitiatePauseControlFrame
<LI><a href="#[3a6]">&gt;&gt;</a>&nbsp;&nbsp;&nbsp;ETH_MACTransmissionCmd
<LI><a href="#[3a5]">&gt;&gt;</a>&nbsp;&nbsp;&nbsp;ETH_FlushTransmitFIFO
<LI><a href="#[3a4]">&gt;&gt;</a>&nbsp;&nbsp;&nbsp;ETH_MACReceptionCmd
</UL>

<P><STRONG><a name="[3c1]"></a>_printf_core</STRONG> (Thumb, 996 bytes, Stack size 104 bytes, printf8.o(i._printf_core), UNUSED)
<BR><BR>[Calls]<UL><LI><a href="#[3c3]">&gt;&gt;</a>&nbsp;&nbsp;&nbsp;_printf_pre_padding
<LI><a href="#[3c4]">&gt;&gt;</a>&nbsp;&nbsp;&nbsp;_printf_post_padding
<LI><a href="#[2a5]">&gt;&gt;</a>&nbsp;&nbsp;&nbsp;__aeabi_uldivmod
</UL>
<BR>[Called By]<UL><LI><a href="#[3c0]">&gt;&gt;</a>&nbsp;&nbsp;&nbsp;__0printf$8
</UL>

<P><STRONG><a name="[3c4]"></a>_printf_post_padding</STRONG> (Thumb, 36 bytes, Stack size 24 bytes, printf8.o(i._printf_post_padding), UNUSED)
<BR><BR>[Called By]<UL><LI><a href="#[3c1]">&gt;&gt;</a>&nbsp;&nbsp;&nbsp;_printf_core
</UL>

<P><STRONG><a name="[3c3]"></a>_printf_pre_padding</STRONG> (Thumb, 46 bytes, Stack size 24 bytes, printf8.o(i._printf_pre_padding), UNUSED)
<BR><BR>[Called By]<UL><LI><a href="#[3c1]">&gt;&gt;</a>&nbsp;&nbsp;&nbsp;_printf_core
</UL>
<P>
<H3>
Undefined Global Symbols
</H3><HR></body></html>
