<html>
<body>
<pre>
<h1>礦ision Build Log</h1>
<h2>Tool Versions:</h2>
IDE-Version: μVision V5.14.0.0
Copyright (C) 2015 ARM Ltd and ARM Germany GmbH. All rights reserved.
License Information: ZT DELL, ZT, LIC=IC9QD-89EL1-JMZ98-318XW-YLS2K-JKCBE
 
Tool Versions:
Toolchain:       MDK-ARM Professional  Version: 5.14.0.0
Toolchain Path:  D:\MDK\ARM\ARMCC\Bin
C Compiler:      Armcc.exe V5.05 update 1 (build 106)
Assembler:       Armasm.exe V5.05 update 1 (build 106)
Linker/Locator:  ArmLink.exe V5.05 update 1 (build 106)
Library Manager: ArmAr.exe V5.05 update 1 (build 106)
Hex Converter:   FromElf.exe V5.05 update 1 (build 106)
CPU DLL:         SARMCM3.DLL V5.14.0.0
Dialog DLL:      DCM.DLL V1.13.1.0
Target DLL:      STLink\ST-LINKIII-KEIL_SWO.dll V2.0.14.0_KEIL
Dialog DLL:      TCM.DLL V1.14.4.0
 
<h2>Project:</h2>
E:\学年\读研\Lidar\下位机\下位机代码\laser2-ros\laser2-using\code\MDK-ARM\Discovery.uvproj
Project File Date:  03/17/2022

<h2>Output:</h2>
Build target 'Discovery'
compiling laserCloud.c...
linking...
Program Size: Code=98312 RO-data=11644 RW-data=492 ZI-data=79812  
FromELF: creating hex file...
".\Discovery\Project.axf" - 0 Error(s), 0 Warning(s).
</pre>
</body>
</html>
